&&&& RUNNING TensorRT.trtexec [TensorRT v100300] # trtexec --onnx=models/segmentation/yolov8n-seg.onnx --saveEngine=engines/int8/yolov8n_seg_int8.engine --int8 --memPoolSize=workspace:2048 --skipInference
[04/26/2026-20:28:41] [I] === Model Options ===
[04/26/2026-20:28:41] [I] Format: ONNX
[04/26/2026-20:28:41] [I] Model: models/segmentation/yolov8n-seg.onnx
[04/26/2026-20:28:41] [I] Output:
[04/26/2026-20:28:41] [I] === Build Options ===
[04/26/2026-20:28:41] [I] Memory Pools: workspace: 2048 MiB, dlaSRAM: default, dlaLocalDRAM: default, dlaGlobalDRAM: default, tacticSharedMem: default
[04/26/2026-20:28:41] [I] avgTiming: 8
[04/26/2026-20:28:41] [I] Precision: FP32+INT8
[04/26/2026-20:28:41] [I] LayerPrecisions: 
[04/26/2026-20:28:41] [I] Layer Device Types: 
[04/26/2026-20:28:41] [I] Calibration: Dynamic
[04/26/2026-20:28:41] [I] Refit: Disabled
[04/26/2026-20:28:41] [I] Strip weights: Disabled
[04/26/2026-20:28:41] [I] Version Compatible: Disabled
[04/26/2026-20:28:41] [I] ONNX Plugin InstanceNorm: Disabled
[04/26/2026-20:28:41] [I] TensorRT runtime: full
[04/26/2026-20:28:41] [I] Lean DLL Path: 
[04/26/2026-20:28:41] [I] Tempfile Controls: { in_memory: allow, temporary: allow }
[04/26/2026-20:28:41] [I] Exclude Lean Runtime: Disabled
[04/26/2026-20:28:41] [I] Sparsity: Disabled
[04/26/2026-20:28:41] [I] Safe mode: Disabled
[04/26/2026-20:28:41] [I] Build DLA standalone loadable: Disabled
[04/26/2026-20:28:41] [I] Allow GPU fallback for DLA: Disabled
[04/26/2026-20:28:41] [I] DirectIO mode: Disabled
[04/26/2026-20:28:41] [I] Restricted mode: Disabled
[04/26/2026-20:28:41] [I] Skip inference: Enabled
[04/26/2026-20:28:41] [I] Save engine: engines/int8/yolov8n_seg_int8.engine
[04/26/2026-20:28:41] [I] Load engine: 
[04/26/2026-20:28:41] [I] Profiling verbosity: 0
[04/26/2026-20:28:41] [I] Tactic sources: Using default tactic sources
[04/26/2026-20:28:41] [I] timingCacheMode: local
[04/26/2026-20:28:41] [I] timingCacheFile: 
[04/26/2026-20:28:41] [I] Enable Compilation Cache: Enabled
[04/26/2026-20:28:41] [I] errorOnTimingCacheMiss: Disabled
[04/26/2026-20:28:41] [I] Preview Features: Use default preview flags.
[04/26/2026-20:28:41] [I] MaxAuxStreams: -1
[04/26/2026-20:28:41] [I] BuilderOptimizationLevel: -1
[04/26/2026-20:28:41] [I] Calibration Profile Index: 0
[04/26/2026-20:28:41] [I] Weight Streaming: Disabled
[04/26/2026-20:28:41] [I] Runtime Platform: Same As Build
[04/26/2026-20:28:41] [I] Debug Tensors: 
[04/26/2026-20:28:41] [I] Input(s)s format: fp32:CHW
[04/26/2026-20:28:41] [I] Output(s)s format: fp32:CHW
[04/26/2026-20:28:41] [I] Input build shapes: model
[04/26/2026-20:28:41] [I] Input calibration shapes: model
[04/26/2026-20:28:41] [I] === System Options ===
[04/26/2026-20:28:41] [I] Device: 0
[04/26/2026-20:28:41] [I] DLACore: 
[04/26/2026-20:28:41] [I] Plugins:
[04/26/2026-20:28:41] [I] setPluginsToSerialize:
[04/26/2026-20:28:41] [I] dynamicPlugins:
[04/26/2026-20:28:41] [I] ignoreParsedPluginLibs: 0
[04/26/2026-20:28:41] [I] 
[04/26/2026-20:28:41] [I] === Inference Options ===
[04/26/2026-20:28:41] [I] Batch: Explicit
[04/26/2026-20:28:41] [I] Input inference shapes: model
[04/26/2026-20:28:41] [I] Iterations: 10
[04/26/2026-20:28:41] [I] Duration: 3s (+ 200ms warm up)
[04/26/2026-20:28:41] [I] Sleep time: 0ms
[04/26/2026-20:28:41] [I] Idle time: 0ms
[04/26/2026-20:28:41] [I] Inference Streams: 1
[04/26/2026-20:28:41] [I] ExposeDMA: Disabled
[04/26/2026-20:28:41] [I] Data transfers: Enabled
[04/26/2026-20:28:41] [I] Spin-wait: Disabled
[04/26/2026-20:28:41] [I] Multithreading: Disabled
[04/26/2026-20:28:41] [I] CUDA Graph: Disabled
[04/26/2026-20:28:41] [I] Separate profiling: Disabled
[04/26/2026-20:28:41] [I] Time Deserialize: Disabled
[04/26/2026-20:28:41] [I] Time Refit: Disabled
[04/26/2026-20:28:41] [I] NVTX verbosity: 0
[04/26/2026-20:28:41] [I] Persistent Cache Ratio: 0
[04/26/2026-20:28:41] [I] Optimization Profile Index: 0
[04/26/2026-20:28:41] [I] Weight Streaming Budget: 100.000000%
[04/26/2026-20:28:41] [I] Inputs:
[04/26/2026-20:28:41] [I] Debug Tensor Save Destinations:
[04/26/2026-20:28:41] [I] === Reporting Options ===
[04/26/2026-20:28:41] [I] Verbose: Disabled
[04/26/2026-20:28:41] [I] Averages: 10 inferences
[04/26/2026-20:28:41] [I] Percentiles: 90,95,99
[04/26/2026-20:28:41] [I] Dump refittable layers:Disabled
[04/26/2026-20:28:41] [I] Dump output: Disabled
[04/26/2026-20:28:41] [I] Profile: Disabled
[04/26/2026-20:28:41] [I] Export timing to JSON file: 
[04/26/2026-20:28:41] [I] Export output to JSON file: 
[04/26/2026-20:28:41] [I] Export profile to JSON file: 
[04/26/2026-20:28:41] [I] 
[04/26/2026-20:28:41] [I] === Device Information ===
[04/26/2026-20:28:41] [I] Available Devices: 
[04/26/2026-20:28:41] [I]   Device 0: "Orin" UUID: GPU-26daf1d3-793d-51c3-b64d-183a438e6666
[04/26/2026-20:28:41] [I] Selected Device: Orin
[04/26/2026-20:28:41] [I] Selected Device ID: 0
[04/26/2026-20:28:41] [I] Selected Device UUID: GPU-26daf1d3-793d-51c3-b64d-183a438e6666
[04/26/2026-20:28:41] [I] Compute Capability: 8.7
[04/26/2026-20:28:41] [I] SMs: 8
[04/26/2026-20:28:41] [I] Device Global Memory: 7607 MiB
[04/26/2026-20:28:41] [I] Shared Memory per SM: 164 KiB
[04/26/2026-20:28:41] [I] Memory Bus Width: 128 bits (ECC disabled)
[04/26/2026-20:28:41] [I] Application Compute Clock Rate: 1.02 GHz
[04/26/2026-20:28:41] [I] Application Memory Clock Rate: 1.02 GHz
[04/26/2026-20:28:41] [I] 
[04/26/2026-20:28:41] [I] Note: The application clock rates do not reflect the actual clock rates that the GPU is currently running at.
[04/26/2026-20:28:41] [I] 
[04/26/2026-20:28:41] [I] TensorRT version: 10.3.0
[04/26/2026-20:28:41] [I] Loading standard plugins
[04/26/2026-20:28:41] [I] [TRT] [MemUsageChange] Init CUDA: CPU +2, GPU +0, now: CPU 31, GPU 3344 (MiB)
[04/26/2026-20:28:43] [I] [TRT] [MemUsageChange] Init builder kernel library: CPU +928, GPU +753, now: CPU 1002, GPU 4141 (MiB)
[04/26/2026-20:28:43] [I] Start parsing network model.
[04/26/2026-20:28:43] [I] [TRT] ----------------------------------------------------------------
[04/26/2026-20:28:43] [I] [TRT] Input filename:   models/segmentation/yolov8n-seg.onnx
[04/26/2026-20:28:43] [I] [TRT] ONNX IR version:  0.0.7
[04/26/2026-20:28:43] [I] [TRT] Opset version:    12
[04/26/2026-20:28:43] [I] [TRT] Producer name:    pytorch
[04/26/2026-20:28:43] [I] [TRT] Producer version: 2.11.0
[04/26/2026-20:28:43] [I] [TRT] Domain:           
[04/26/2026-20:28:43] [I] [TRT] Model version:    0
[04/26/2026-20:28:43] [I] [TRT] Doc string:       
[04/26/2026-20:28:43] [I] [TRT] ----------------------------------------------------------------
[04/26/2026-20:28:43] [I] Finished parsing network model. Parse time: 0.0358644
[04/26/2026-20:28:43] [I] FP32 and INT8 precisions have been specified - more performance might be enabled by additionally specifying --fp16 or --best
[04/26/2026-20:28:43] [W] [TRT] Calibrator is not being used. Users must provide dynamic range for all tensors that are not Int32 or Bool.
[04/26/2026-20:28:43] [I] [TRT] Local timing cache in use. Profiling results in this builder pass will not be stored.
[04/26/2026-20:32:59] [E] Error[10]: IBuilder::buildSerializedNetwork: Error Code 10: Internal Error (Could not find any implementation for node /model.22/proto/cv3/conv/Conv + PWN(PWN(/model.22/proto/cv3/act/Sigmoid), PWN(/model.22/proto/cv3/act/Mul)).)
[04/26/2026-20:32:59] [E] Engine could not be created from network
[04/26/2026-20:32:59] [E] Building engine failed
[04/26/2026-20:32:59] [E] Failed to create engine from model or file.
[04/26/2026-20:32:59] [E] Engine set up failed
&&&& FAILED TensorRT.trtexec [TensorRT v100300] # trtexec --onnx=models/segmentation/yolov8n-seg.onnx --saveEngine=engines/int8/yolov8n_seg_int8.engine --int8 --memPoolSize=workspace:2048 --skipInference
