&&&& RUNNING TensorRT.trtexec [TensorRT v100300] # trtexec --loadEngine=engines/int8/yolov8n_int8.engine --warmUp=500 --duration=30 --iterations=1000 --useCudaGraph
[05/02/2026-11:51:05] [I] === Model Options ===
[05/02/2026-11:51:05] [I] Format: *
[05/02/2026-11:51:05] [I] Model: 
[05/02/2026-11:51:05] [I] Output:
[05/02/2026-11:51:05] [I] 
[05/02/2026-11:51:05] [I] === System Options ===
[05/02/2026-11:51:05] [I] Device: 0
[05/02/2026-11:51:05] [I] DLACore: 
[05/02/2026-11:51:05] [I] Plugins:
[05/02/2026-11:51:05] [I] setPluginsToSerialize:
[05/02/2026-11:51:05] [I] dynamicPlugins:
[05/02/2026-11:51:05] [I] ignoreParsedPluginLibs: 0
[05/02/2026-11:51:05] [I] 
[05/02/2026-11:51:05] [I] === Inference Options ===
[05/02/2026-11:51:05] [I] Batch: Explicit
[05/02/2026-11:51:05] [I] Input inference shapes: model
[05/02/2026-11:51:05] [I] Iterations: 1000
[05/02/2026-11:51:05] [I] Duration: 30s (+ 500ms warm up)
[05/02/2026-11:51:05] [I] Sleep time: 0ms
[05/02/2026-11:51:05] [I] Idle time: 0ms
[05/02/2026-11:51:05] [I] Inference Streams: 1
[05/02/2026-11:51:05] [I] ExposeDMA: Disabled
[05/02/2026-11:51:05] [I] Data transfers: Enabled
[05/02/2026-11:51:05] [I] Spin-wait: Disabled
[05/02/2026-11:51:05] [I] Multithreading: Disabled
[05/02/2026-11:51:05] [I] CUDA Graph: Enabled
[05/02/2026-11:51:05] [I] Separate profiling: Disabled
[05/02/2026-11:51:05] [I] Time Deserialize: Disabled
[05/02/2026-11:51:05] [I] Time Refit: Disabled
[05/02/2026-11:51:05] [I] NVTX verbosity: 0
[05/02/2026-11:51:05] [I] Persistent Cache Ratio: 0
[05/02/2026-11:51:05] [I] Optimization Profile Index: 0
[05/02/2026-11:51:05] [I] Weight Streaming Budget: 100.000000%
[05/02/2026-11:51:05] [I] Inputs:
[05/02/2026-11:51:05] [I] Debug Tensor Save Destinations:
[05/02/2026-11:51:05] [I] === Reporting Options ===
[05/02/2026-11:51:05] [I] Verbose: Disabled
[05/02/2026-11:51:05] [I] Averages: 10 inferences
[05/02/2026-11:51:05] [I] Percentiles: 90,95,99
[05/02/2026-11:51:05] [I] Dump refittable layers:Disabled
[05/02/2026-11:51:05] [I] Dump output: Disabled
[05/02/2026-11:51:05] [I] Profile: Disabled
[05/02/2026-11:51:05] [I] Export timing to JSON file: 
[05/02/2026-11:51:05] [I] Export output to JSON file: 
[05/02/2026-11:51:05] [I] Export profile to JSON file: 
[05/02/2026-11:51:05] [I] 
[05/02/2026-11:51:05] [I] === Device Information ===
[05/02/2026-11:51:06] [I] Available Devices: 
[05/02/2026-11:51:06] [I]   Device 0: "Orin" UUID: GPU-26daf1d3-793d-51c3-b64d-183a438e6666
[05/02/2026-11:51:06] [I] Selected Device: Orin
[05/02/2026-11:51:06] [I] Selected Device ID: 0
[05/02/2026-11:51:06] [I] Selected Device UUID: GPU-26daf1d3-793d-51c3-b64d-183a438e6666
[05/02/2026-11:51:06] [I] Compute Capability: 8.7
[05/02/2026-11:51:06] [I] SMs: 8
[05/02/2026-11:51:06] [I] Device Global Memory: 7607 MiB
[05/02/2026-11:51:06] [I] Shared Memory per SM: 164 KiB
[05/02/2026-11:51:06] [I] Memory Bus Width: 128 bits (ECC disabled)
[05/02/2026-11:51:06] [I] Application Compute Clock Rate: 1.02 GHz
[05/02/2026-11:51:06] [I] Application Memory Clock Rate: 1.02 GHz
[05/02/2026-11:51:06] [I] 
[05/02/2026-11:51:06] [I] Note: The application clock rates do not reflect the actual clock rates that the GPU is currently running at.
[05/02/2026-11:51:06] [I] 
[05/02/2026-11:51:06] [I] TensorRT version: 10.3.0
[05/02/2026-11:51:06] [I] Loading standard plugins
[05/02/2026-11:51:06] [I] [TRT] Loaded engine size: 4 MiB
[05/02/2026-11:51:06] [W] [TRT] Using an engine plan file across different models of devices is not recommended and is likely to affect performance or even cause errors.
[05/02/2026-11:51:06] [I] Engine deserialized in 0.15849 sec.
[05/02/2026-11:51:06] [I] [TRT] [MemUsageChange] TensorRT-managed allocation in IExecutionContext creation: CPU +0, GPU +8, now: CPU 0, GPU 11 (MiB)
[05/02/2026-11:51:06] [I] Setting persistentCacheLimit to 0 bytes.
[05/02/2026-11:51:06] [I] Created execution context with device memory size: 8.22754 MiB
[05/02/2026-11:51:06] [I] Using random values for input images
[05/02/2026-11:51:06] [I] Input binding for images with dimensions 1x3x640x640 is created.
[05/02/2026-11:51:06] [I] Output binding for output0 with dimensions 1x84x8400 is created.
[05/02/2026-11:51:06] [I] Starting inference
[05/02/2026-11:51:06] [I] Capturing CUDA graph for the current execution context
[05/02/2026-11:51:06] [I] Successfully captured CUDA graph for the current execution context
[05/02/2026-11:51:36] [I] Warmup completed 103 queries over 500 ms
[05/02/2026-11:51:36] [I] Timing trace has 9041 queries over 30.0128 s
[05/02/2026-11:51:36] [I] 
[05/02/2026-11:51:36] [I] === Trace details ===
[05/02/2026-11:51:36] [I] Trace averages of 10 runs:
[05/02/2026-11:51:36] [I] Average on 10 runs - GPU latency: 3.31604 ms - Host latency: 3.71257 ms (enqueue 0.0148529 ms)
[05/02/2026-11:51:36] [I] Average on 10 runs - GPU latency: 3.31619 ms - Host latency: 3.71081 ms (enqueue 0.014679 ms)
[05/02/2026-11:51:36] [I] Average on 10 runs - GPU latency: 3.31816 ms - Host latency: 3.7142 ms (enqueue 0.012854 ms)
[05/02/2026-11:51:36] [I] Average on 10 runs - GPU latency: 3.315 ms - Host latency: 3.71481 ms (enqueue 0.0155396 ms)
[05/02/2026-11:51:36] [I] Average on 10 runs - GPU latency: 3.31748 ms - Host latency: 3.71385 ms (enqueue 0.00999145 ms)
[05/02/2026-11:51:36] [I] Average on 10 runs - GPU latency: 3.31641 ms - Host latency: 3.71108 ms (enqueue 0.0110291 ms)
[05/02/2026-11:51:36] [I] Average on 10 runs - GPU latency: 3.31539 ms - Host latency: 3.71069 ms (enqueue 0.0113464 ms)
[05/02/2026-11:51:36] [I] Average on 10 runs - GPU latency: 3.31578 ms - Host latency: 3.71117 ms (enqueue 0.0122803 ms)
[05/02/2026-11:51:36] [I] Average on 10 runs - GPU latency: 3.3134 ms - Host latency: 3.70854 ms (enqueue 0.0109314 ms)
[05/02/2026-11:51:36] [I] Average on 10 runs - GPU latency: 3.31573 ms - Host latency: 3.71282 ms (enqueue 0.0115173 ms)
[05/02/2026-11:51:36] [I] Average on 10 runs - GPU latency: 3.31293 ms - Host latency: 3.70402 ms (enqueue 0.0110535 ms)
[05/02/2026-11:51:36] [I] Average on 10 runs - GPU latency: 3.31968 ms - Host latency: 3.71352 ms (enqueue 0.0112061 ms)
[05/02/2026-11:51:36] [I] Average on 10 runs - GPU latency: 3.31565 ms - Host latency: 3.71061 ms (enqueue 0.0111267 ms)
[05/02/2026-11:51:36] [I] Average on 10 runs - GPU latency: 3.31471 ms - Host latency: 3.70987 ms (enqueue 0.0110474 ms)
[05/02/2026-11:51:36] [I] Average on 10 runs - GPU latency: 3.31895 ms - Host latency: 3.71346 ms (enqueue 0.0112 ms)
[05/02/2026-11:51:36] [I] Average on 10 runs - GPU latency: 3.31516 ms - Host latency: 3.70991 ms (enqueue 0.0116089 ms)
[05/02/2026-11:51:36] [I] Average on 10 runs - GPU latency: 3.31735 ms - Host latency: 3.71172 ms (enqueue 0.0111328 ms)
[05/02/2026-11:51:36] [I] Average on 10 runs - GPU latency: 3.31621 ms - Host latency: 3.71079 ms (enqueue 0.011084 ms)
[05/02/2026-11:51:36] [I] Average on 10 runs - GPU latency: 3.31497 ms - Host latency: 3.71022 ms (enqueue 0.0110107 ms)
[05/02/2026-11:51:36] [I] Average on 10 runs - GPU latency: 3.31931 ms - Host latency: 3.71356 ms (enqueue 0.011438 ms)
[05/02/2026-11:51:36] [I] Average on 10 runs - GPU latency: 3.31768 ms - Host latency: 3.71239 ms (enqueue 0.0141602 ms)
[05/02/2026-11:51:36] [I] Average on 10 runs - GPU latency: 3.3137 ms - Host latency: 3.70873 ms (enqueue 0.0138794 ms)
[05/02/2026-11:51:36] [I] Average on 10 runs - GPU latency: 3.31658 ms - Host latency: 3.71221 ms (enqueue 0.0115601 ms)
[05/02/2026-11:51:36] [I] Average on 10 runs - GPU latency: 3.31876 ms - Host latency: 3.71344 ms (enqueue 0.011377 ms)
[05/02/2026-11:51:36] [I] Average on 10 runs - GPU latency: 3.3176 ms - Host latency: 3.71311 ms (enqueue 0.0151489 ms)
[05/02/2026-11:51:36] [I] Average on 10 runs - GPU latency: 3.31329 ms - Host latency: 3.71012 ms (enqueue 0.0119995 ms)
[05/02/2026-11:51:36] [I] Average on 10 runs - GPU latency: 3.31572 ms - Host latency: 3.71014 ms (enqueue 0.0108032 ms)
[05/02/2026-11:51:36] [I] Average on 10 runs - GPU latency: 3.31675 ms - Host latency: 3.7121 ms (enqueue 0.0116821 ms)
[05/02/2026-11:51:36] [I] Average on 10 runs - GPU latency: 3.3166 ms - Host latency: 3.71125 ms (enqueue 0.0139526 ms)
[05/02/2026-11:51:36] [I] Average on 10 runs - GPU latency: 3.31737 ms - Host latency: 3.71328 ms (enqueue 0.0141235 ms)
[05/02/2026-11:51:36] [I] Average on 10 runs - GPU latency: 3.31609 ms - Host latency: 3.71068 ms (enqueue 0.0117065 ms)
[05/02/2026-11:51:36] [I] Average on 10 runs - GPU latency: 3.31838 ms - Host latency: 3.71309 ms (enqueue 0.011377 ms)
[05/02/2026-11:51:36] [I] Average on 10 runs - GPU latency: 3.31759 ms - Host latency: 3.71176 ms (enqueue 0.011792 ms)
[05/02/2026-11:51:36] [I] Average on 10 runs - GPU latency: 3.31581 ms - Host latency: 3.70983 ms (enqueue 0.013147 ms)
[05/02/2026-11:51:36] [I] Average on 10 runs - GPU latency: 3.31248 ms - Host latency: 3.71201 ms (enqueue 0.0162598 ms)
[05/02/2026-11:51:36] [I] Average on 10 runs - GPU latency: 3.31626 ms - Host latency: 3.71061 ms (enqueue 0.0128052 ms)
[05/02/2026-11:51:36] [I] Average on 10 runs - GPU latency: 3.31467 ms - Host latency: 3.71067 ms (enqueue 0.0137329 ms)
[05/02/2026-11:51:36] [I] Average on 10 runs - GPU latency: 3.31709 ms - Host latency: 3.71256 ms (enqueue 0.0117798 ms)
[05/02/2026-11:51:36] [I] Average on 10 runs - GPU latency: 3.31481 ms - Host latency: 3.70847 ms (enqueue 0.011438 ms)
[05/02/2026-11:51:36] [I] Average on 10 runs - GPU latency: 3.31616 ms - Host latency: 3.71079 ms (enqueue 0.0120361 ms)
[05/02/2026-11:51:36] [I] Average on 10 runs - GPU latency: 3.31915 ms - Host latency: 3.71495 ms (enqueue 0.0120361 ms)
[05/02/2026-11:51:36] [I] Average on 10 runs - GPU latency: 3.3144 ms - Host latency: 3.70643 ms (enqueue 0.0120728 ms)
[05/02/2026-11:51:36] [I] Average on 10 runs - GPU latency: 3.31666 ms - Host latency: 3.71183 ms (enqueue 0.0125488 ms)
[05/02/2026-11:51:36] [I] Average on 10 runs - GPU latency: 3.31657 ms - Host latency: 3.71116 ms (enqueue 0.0143921 ms)
[05/02/2026-11:51:36] [I] Average on 10 runs - GPU latency: 3.317 ms - Host latency: 3.71307 ms (enqueue 0.0123291 ms)
[05/02/2026-11:51:36] [I] Average on 10 runs - GPU latency: 3.31648 ms - Host latency: 3.71172 ms (enqueue 0.0118652 ms)
[05/02/2026-11:51:36] [I] Average on 10 runs - GPU latency: 3.31517 ms - Host latency: 3.71078 ms (enqueue 0.0128906 ms)
[05/02/2026-11:51:36] [I] Average on 10 runs - GPU latency: 3.31533 ms - Host latency: 3.70981 ms (enqueue 0.0137695 ms)
[05/02/2026-11:51:36] [I] Average on 10 runs - GPU latency: 3.31689 ms - Host latency: 3.71121 ms (enqueue 0.0119141 ms)
[05/02/2026-11:51:36] [I] Average on 10 runs - GPU latency: 3.31963 ms - Host latency: 3.71528 ms (enqueue 0.0123535 ms)
[05/02/2026-11:51:36] [I] Average on 10 runs - GPU latency: 3.31724 ms - Host latency: 3.7125 ms (enqueue 0.0140625 ms)
[05/02/2026-11:51:36] [I] Average on 10 runs - GPU latency: 3.31597 ms - Host latency: 3.71157 ms (enqueue 0.0157715 ms)
[05/02/2026-11:51:36] [I] Average on 10 runs - GPU latency: 3.31834 ms - Host latency: 3.71265 ms (enqueue 0.0143066 ms)
[05/02/2026-11:51:36] [I] Average on 10 runs - GPU latency: 3.31609 ms - Host latency: 3.71077 ms (enqueue 0.012207 ms)
[05/02/2026-11:51:36] [I] Average on 10 runs - GPU latency: 3.31443 ms - Host latency: 3.70852 ms (enqueue 0.0121582 ms)
[05/02/2026-11:51:36] [I] Average on 10 runs - GPU latency: 3.31663 ms - Host latency: 3.71289 ms (enqueue 0.0148193 ms)
[05/02/2026-11:51:36] [I] Average on 10 runs - GPU latency: 3.3158 ms - Host latency: 3.71018 ms (enqueue 0.0112305 ms)
[05/02/2026-11:51:36] [I] Average on 10 runs - GPU latency: 3.31541 ms - Host latency: 3.71099 ms (enqueue 0.0126221 ms)
[05/02/2026-11:51:36] [I] Average on 10 runs - GPU latency: 3.31724 ms - Host latency: 3.71299 ms (enqueue 0.0113281 ms)
[05/02/2026-11:51:36] [I] Average on 10 runs - GPU latency: 3.31626 ms - Host latency: 3.71204 ms (enqueue 0.0122314 ms)
[05/02/2026-11:51:36] [I] Average on 10 runs - GPU latency: 3.31746 ms - Host latency: 3.71343 ms (enqueue 0.0107422 ms)
[05/02/2026-11:51:36] [I] Average on 10 runs - GPU latency: 3.31831 ms - Host latency: 3.71287 ms (enqueue 0.0110596 ms)
[05/02/2026-11:51:36] [I] Average on 10 runs - GPU latency: 3.31707 ms - Host latency: 3.71331 ms (enqueue 0.0111328 ms)
[05/02/2026-11:51:36] [I] Average on 10 runs - GPU latency: 3.3179 ms - Host latency: 3.71309 ms (enqueue 0.0109619 ms)
[05/02/2026-11:51:36] [I] Average on 10 runs - GPU latency: 3.31694 ms - Host latency: 3.71177 ms (enqueue 0.010376 ms)
[05/02/2026-11:51:36] [I] Average on 10 runs - GPU latency: 3.31599 ms - Host latency: 3.71116 ms (enqueue 0.0106934 ms)
[05/02/2026-11:51:36] [I] Average on 10 runs - GPU latency: 3.31936 ms - Host latency: 3.71399 ms (enqueue 0.0104248 ms)
[05/02/2026-11:51:36] [I] Average on 10 runs - GPU latency: 3.31787 ms - Host latency: 3.71196 ms (enqueue 0.0105957 ms)
[05/02/2026-11:51:36] [I] Average on 10 runs - GPU latency: 3.31697 ms - Host latency: 3.71311 ms (enqueue 0.0107666 ms)
[05/02/2026-11:51:36] [I] Average on 10 runs - GPU latency: 3.31536 ms - Host latency: 3.71079 ms (enqueue 0.0118164 ms)
[05/02/2026-11:51:36] [I] Average on 10 runs - GPU latency: 3.31726 ms - Host latency: 3.7124 ms (enqueue 0.0107666 ms)
[05/02/2026-11:51:36] [I] Average on 10 runs - GPU latency: 3.31414 ms - Host latency: 3.70928 ms (enqueue 0.0129639 ms)
[05/02/2026-11:51:36] [I] Average on 10 runs - GPU latency: 3.31714 ms - Host latency: 3.70947 ms (enqueue 0.0103516 ms)
[05/02/2026-11:51:36] [I] Average on 10 runs - GPU latency: 3.31738 ms - Host latency: 3.7116 ms (enqueue 0.0104004 ms)
[05/02/2026-11:51:36] [I] Average on 10 runs - GPU latency: 3.3177 ms - Host latency: 3.71213 ms (enqueue 0.0102051 ms)
[05/02/2026-11:51:36] [I] Average on 10 runs - GPU latency: 3.31685 ms - Host latency: 3.71187 ms (enqueue 0.0104004 ms)
[05/02/2026-11:51:36] [I] Average on 10 runs - GPU latency: 3.31541 ms - Host latency: 3.71035 ms (enqueue 0.010083 ms)
[05/02/2026-11:51:36] [I] Average on 10 runs - GPU latency: 3.31548 ms - Host latency: 3.71055 ms (enqueue 0.0116455 ms)
[05/02/2026-11:51:36] [I] Average on 10 runs - GPU latency: 3.31345 ms - Host latency: 3.70837 ms (enqueue 0.0104736 ms)
[05/02/2026-11:51:36] [I] Average on 10 runs - GPU latency: 3.31899 ms - Host latency: 3.71372 ms (enqueue 0.0103027 ms)
[05/02/2026-11:51:36] [I] Average on 10 runs - GPU latency: 3.31555 ms - Host latency: 3.71064 ms (enqueue 0.0116211 ms)
[05/02/2026-11:51:36] [I] Average on 10 runs - GPU latency: 3.31858 ms - Host latency: 3.71365 ms (enqueue 0.0103271 ms)
[05/02/2026-11:51:36] [I] Average on 10 runs - GPU latency: 3.31497 ms - Host latency: 3.70859 ms (enqueue 0.0111328 ms)
[05/02/2026-11:51:36] [I] Average on 10 runs - GPU latency: 3.31572 ms - Host latency: 3.71055 ms (enqueue 0.0105957 ms)
[05/02/2026-11:51:36] [I] Average on 10 runs - GPU latency: 3.31609 ms - Host latency: 3.71123 ms (enqueue 0.0110352 ms)
[05/02/2026-11:51:36] [I] Average on 10 runs - GPU latency: 3.31506 ms - Host latency: 3.71209 ms (enqueue 0.0141846 ms)
[05/02/2026-11:51:36] [I] Average on 10 runs - GPU latency: 3.31611 ms - Host latency: 3.7123 ms (enqueue 0.0105469 ms)
[05/02/2026-11:51:36] [I] Average on 10 runs - GPU latency: 3.31499 ms - Host latency: 3.71042 ms (enqueue 0.0106201 ms)
[05/02/2026-11:51:36] [I] Average on 10 runs - GPU latency: 3.31758 ms - Host latency: 3.71235 ms (enqueue 0.0104492 ms)
[05/02/2026-11:51:36] [I] Average on 10 runs - GPU latency: 3.31267 ms - Host latency: 3.7083 ms (enqueue 0.0107178 ms)
[05/02/2026-11:51:36] [I] Average on 10 runs - GPU latency: 3.31619 ms - Host latency: 3.7114 ms (enqueue 0.0104492 ms)
[05/02/2026-11:51:36] [I] Average on 10 runs - GPU latency: 3.31594 ms - Host latency: 3.71116 ms (enqueue 0.0144043 ms)
[05/02/2026-11:51:36] [I] Average on 10 runs - GPU latency: 3.31433 ms - Host latency: 3.70852 ms (enqueue 0.0128174 ms)
[05/02/2026-11:51:36] [I] Average on 10 runs - GPU latency: 3.31682 ms - Host latency: 3.7123 ms (enqueue 0.0114746 ms)
[05/02/2026-11:51:36] [I] Average on 10 runs - GPU latency: 3.31638 ms - Host latency: 3.71013 ms (enqueue 0.0101807 ms)
[05/02/2026-11:51:36] [I] Average on 10 runs - GPU latency: 3.31733 ms - Host latency: 3.71226 ms (enqueue 0.0123047 ms)
[05/02/2026-11:51:36] [I] Average on 10 runs - GPU latency: 3.31777 ms - Host latency: 3.71226 ms (enqueue 0.0130615 ms)
[05/02/2026-11:51:36] [I] Average on 10 runs - GPU latency: 3.31687 ms - Host latency: 3.7134 ms (enqueue 0.0121582 ms)
[05/02/2026-11:51:36] [I] Average on 10 runs - GPU latency: 3.31711 ms - Host latency: 3.71118 ms (enqueue 0.0115967 ms)
[05/02/2026-11:51:36] [I] Average on 10 runs - GPU latency: 3.31702 ms - Host latency: 3.7113 ms (enqueue 0.0114014 ms)
[05/02/2026-11:51:36] [I] Average on 10 runs - GPU latency: 3.31772 ms - Host latency: 3.71357 ms (enqueue 0.0119629 ms)
[05/02/2026-11:51:36] [I] Average on 10 runs - GPU latency: 3.31501 ms - Host latency: 3.7114 ms (enqueue 0.0131348 ms)
[05/02/2026-11:51:36] [I] Average on 10 runs - GPU latency: 3.31724 ms - Host latency: 3.71108 ms (enqueue 0.0107422 ms)
[05/02/2026-11:51:36] [I] Average on 10 runs - GPU latency: 3.31646 ms - Host latency: 3.71272 ms (enqueue 0.0126953 ms)
[05/02/2026-11:51:36] [I] Average on 10 runs - GPU latency: 3.31868 ms - Host latency: 3.71387 ms (enqueue 0.0105713 ms)
[05/02/2026-11:51:36] [I] Average on 10 runs - GPU latency: 3.31201 ms - Host latency: 3.70762 ms (enqueue 0.0104004 ms)
[05/02/2026-11:51:36] [I] Average on 10 runs - GPU latency: 3.32039 ms - Host latency: 3.71621 ms (enqueue 0.0103516 ms)
[05/02/2026-11:51:36] [I] Average on 10 runs - GPU latency: 3.31458 ms - Host latency: 3.70901 ms (enqueue 0.0106934 ms)
[05/02/2026-11:51:36] [I] Average on 10 runs - GPU latency: 3.31528 ms - Host latency: 3.7094 ms (enqueue 0.0105713 ms)
[05/02/2026-11:51:36] [I] Average on 10 runs - GPU latency: 3.31367 ms - Host latency: 3.70874 ms (enqueue 0.0103516 ms)
[05/02/2026-11:51:36] [I] Average on 10 runs - GPU latency: 3.31758 ms - Host latency: 3.7104 ms (enqueue 0.0103027 ms)
[05/02/2026-11:51:36] [I] Average on 10 runs - GPU latency: 3.31523 ms - Host latency: 3.71089 ms (enqueue 0.0106445 ms)
[05/02/2026-11:51:36] [I] Average on 10 runs - GPU latency: 3.31816 ms - Host latency: 3.71323 ms (enqueue 0.010791 ms)
[05/02/2026-11:51:36] [I] Average on 10 runs - GPU latency: 3.31738 ms - Host latency: 3.71377 ms (enqueue 0.0129395 ms)
[05/02/2026-11:51:36] [I] Average on 10 runs - GPU latency: 3.31924 ms - Host latency: 3.71372 ms (enqueue 0.0108398 ms)
[05/02/2026-11:51:36] [I] Average on 10 runs - GPU latency: 3.31675 ms - Host latency: 3.71211 ms (enqueue 0.0104492 ms)
[05/02/2026-11:51:36] [I] Average on 10 runs - GPU latency: 3.31807 ms - Host latency: 3.71216 ms (enqueue 0.010498 ms)
[05/02/2026-11:51:36] [I] Average on 10 runs - GPU latency: 3.31709 ms - Host latency: 3.71147 ms (enqueue 0.0103516 ms)
[05/02/2026-11:51:36] [I] Average on 10 runs - GPU latency: 3.31821 ms - Host latency: 3.71309 ms (enqueue 0.0109375 ms)
[05/02/2026-11:51:36] [I] Average on 10 runs - GPU latency: 3.31846 ms - Host latency: 3.71563 ms (enqueue 0.0129395 ms)
[05/02/2026-11:51:36] [I] Average on 10 runs - GPU latency: 3.32407 ms - Host latency: 3.71973 ms (enqueue 0.00649414 ms)
[05/02/2026-11:51:36] [I] Average on 10 runs - GPU latency: 3.31758 ms - Host latency: 3.71387 ms (enqueue 0.00742187 ms)
[05/02/2026-11:51:36] [I] Average on 10 runs - GPU latency: 3.31855 ms - Host latency: 3.71567 ms (enqueue 0.00834961 ms)
[05/02/2026-11:51:36] [I] Average on 10 runs - GPU latency: 3.31382 ms - Host latency: 3.71021 ms (enqueue 0.012207 ms)
[05/02/2026-11:51:36] [I] Average on 10 runs - GPU latency: 3.31836 ms - Host latency: 3.71343 ms (enqueue 0.0108398 ms)
[05/02/2026-11:51:36] [I] Average on 10 runs - GPU latency: 3.32036 ms - Host latency: 3.72026 ms (enqueue 0.0121582 ms)
[05/02/2026-11:51:36] [I] Average on 10 runs - GPU latency: 3.31338 ms - Host latency: 3.71118 ms (enqueue 0.0177734 ms)
[05/02/2026-11:51:36] [I] Average on 10 runs - GPU latency: 3.31592 ms - Host latency: 3.7103 ms (enqueue 0.0144043 ms)
[05/02/2026-11:51:36] [I] Average on 10 runs - GPU latency: 3.3168 ms - Host latency: 3.71387 ms (enqueue 0.0119629 ms)
[05/02/2026-11:51:36] [I] Average on 10 runs - GPU latency: 3.3144 ms - Host latency: 3.7103 ms (enqueue 0.0122559 ms)
[05/02/2026-11:51:36] [I] Average on 10 runs - GPU latency: 3.31719 ms - Host latency: 3.71313 ms (enqueue 0.0129395 ms)
[05/02/2026-11:51:36] [I] Average on 10 runs - GPU latency: 3.31572 ms - Host latency: 3.7104 ms (enqueue 0.0109863 ms)
[05/02/2026-11:51:36] [I] Average on 10 runs - GPU latency: 3.31875 ms - Host latency: 3.71406 ms (enqueue 0.011084 ms)
[05/02/2026-11:51:36] [I] Average on 10 runs - GPU latency: 3.31431 ms - Host latency: 3.71011 ms (enqueue 0.0129883 ms)
[05/02/2026-11:51:36] [I] Average on 10 runs - GPU latency: 3.31982 ms - Host latency: 3.71616 ms (enqueue 0.0106445 ms)
[05/02/2026-11:51:36] [I] Average on 10 runs - GPU latency: 3.31665 ms - Host latency: 3.7125 ms (enqueue 0.0104492 ms)
[05/02/2026-11:51:36] [I] Average on 10 runs - GPU latency: 3.31782 ms - Host latency: 3.71367 ms (enqueue 0.0134277 ms)
[05/02/2026-11:51:36] [I] Average on 10 runs - GPU latency: 3.31597 ms - Host latency: 3.71162 ms (enqueue 0.0131348 ms)
[05/02/2026-11:51:36] [I] Average on 10 runs - GPU latency: 3.3187 ms - Host latency: 3.71338 ms (enqueue 0.0110352 ms)
[05/02/2026-11:51:36] [I] Average on 10 runs - GPU latency: 3.31641 ms - Host latency: 3.71108 ms (enqueue 0.0117676 ms)
[05/02/2026-11:51:36] [I] Average on 10 runs - GPU latency: 3.31709 ms - Host latency: 3.71172 ms (enqueue 0.0105957 ms)
[05/02/2026-11:51:36] [I] Average on 10 runs - GPU latency: 3.31353 ms - Host latency: 3.71787 ms (enqueue 0.0130859 ms)
[05/02/2026-11:51:36] [I] Average on 10 runs - GPU latency: 3.31597 ms - Host latency: 3.71104 ms (enqueue 0.0145508 ms)
[05/02/2026-11:51:36] [I] Average on 10 runs - GPU latency: 3.31836 ms - Host latency: 3.71118 ms (enqueue 0.0136719 ms)
[05/02/2026-11:51:36] [I] Average on 10 runs - GPU latency: 3.31509 ms - Host latency: 3.71138 ms (enqueue 0.0168457 ms)
[05/02/2026-11:51:36] [I] Average on 10 runs - GPU latency: 3.31436 ms - Host latency: 3.71011 ms (enqueue 0.012793 ms)
[05/02/2026-11:51:36] [I] Average on 10 runs - GPU latency: 3.31655 ms - Host latency: 3.71025 ms (enqueue 0.0114746 ms)
[05/02/2026-11:51:36] [I] Average on 10 runs - GPU latency: 3.31372 ms - Host latency: 3.70713 ms (enqueue 0.0115723 ms)
[05/02/2026-11:51:36] [I] Average on 10 runs - GPU latency: 3.31602 ms - Host latency: 3.70918 ms (enqueue 0.0105957 ms)
[05/02/2026-11:51:36] [I] Average on 10 runs - GPU latency: 3.31626 ms - Host latency: 3.71001 ms (enqueue 0.012207 ms)
[05/02/2026-11:51:36] [I] Average on 10 runs - GPU latency: 3.31572 ms - Host latency: 3.71118 ms (enqueue 0.0144531 ms)
[05/02/2026-11:51:36] [I] Average on 10 runs - GPU latency: 3.31509 ms - Host latency: 3.71084 ms (enqueue 0.0155762 ms)
[05/02/2026-11:51:36] [I] Average on 10 runs - GPU latency: 3.31631 ms - Host latency: 3.71133 ms (enqueue 0.0139648 ms)
[05/02/2026-11:51:36] [I] Average on 10 runs - GPU latency: 3.31768 ms - Host latency: 3.71543 ms (enqueue 0.0140137 ms)
[05/02/2026-11:51:36] [I] Average on 10 runs - GPU latency: 3.31763 ms - Host latency: 3.7146 ms (enqueue 0.0111328 ms)
[05/02/2026-11:51:36] [I] Average on 10 runs - GPU latency: 3.31802 ms - Host latency: 3.71577 ms (enqueue 0.0113281 ms)
[05/02/2026-11:51:36] [I] Average on 10 runs - GPU latency: 3.31709 ms - Host latency: 3.71133 ms (enqueue 0.010498 ms)
[05/02/2026-11:51:36] [I] Average on 10 runs - GPU latency: 3.31548 ms - Host latency: 3.71079 ms (enqueue 0.0103516 ms)
[05/02/2026-11:51:36] [I] Average on 10 runs - GPU latency: 3.31689 ms - Host latency: 3.71104 ms (enqueue 0.0103516 ms)
[05/02/2026-11:51:36] [I] Average on 10 runs - GPU latency: 3.31797 ms - Host latency: 3.71196 ms (enqueue 0.0105957 ms)
[05/02/2026-11:51:36] [I] Average on 10 runs - GPU latency: 3.31548 ms - Host latency: 3.71099 ms (enqueue 0.0123535 ms)
[05/02/2026-11:51:36] [I] Average on 10 runs - GPU latency: 3.31763 ms - Host latency: 3.71309 ms (enqueue 0.010498 ms)
[05/02/2026-11:51:36] [I] Average on 10 runs - GPU latency: 3.31851 ms - Host latency: 3.71421 ms (enqueue 0.0103516 ms)
[05/02/2026-11:51:36] [I] Average on 10 runs - GPU latency: 3.31768 ms - Host latency: 3.71235 ms (enqueue 0.0103027 ms)
[05/02/2026-11:51:36] [I] Average on 10 runs - GPU latency: 3.31382 ms - Host latency: 3.7103 ms (enqueue 0.0101562 ms)
[05/02/2026-11:51:36] [I] Average on 10 runs - GPU latency: 3.31562 ms - Host latency: 3.7103 ms (enqueue 0.0102051 ms)
[05/02/2026-11:51:36] [I] Average on 10 runs - GPU latency: 3.31909 ms - Host latency: 3.71411 ms (enqueue 0.0120117 ms)
[05/02/2026-11:51:36] [I] Average on 10 runs - GPU latency: 3.3186 ms - Host latency: 3.71406 ms (enqueue 0.0108887 ms)
[05/02/2026-11:51:36] [I] Average on 10 runs - GPU latency: 3.31802 ms - Host latency: 3.71265 ms (enqueue 0.0101562 ms)
[05/02/2026-11:51:36] [I] Average on 10 runs - GPU latency: 3.31484 ms - Host latency: 3.71079 ms (enqueue 0.0123047 ms)
[05/02/2026-11:51:36] [I] Average on 10 runs - GPU latency: 3.31538 ms - Host latency: 3.71035 ms (enqueue 0.0138184 ms)
[05/02/2026-11:51:36] [I] Average on 10 runs - GPU latency: 3.31465 ms - Host latency: 3.71016 ms (enqueue 0.0129395 ms)
[05/02/2026-11:51:36] [I] Average on 10 runs - GPU latency: 3.31699 ms - Host latency: 3.71055 ms (enqueue 0.0136719 ms)
[05/02/2026-11:51:36] [I] Average on 10 runs - GPU latency: 3.31377 ms - Host latency: 3.70859 ms (enqueue 0.0136719 ms)
[05/02/2026-11:51:36] [I] Average on 10 runs - GPU latency: 3.31465 ms - Host latency: 3.71191 ms (enqueue 0.0120605 ms)
[05/02/2026-11:51:36] [I] Average on 10 runs - GPU latency: 3.31519 ms - Host latency: 3.70957 ms (enqueue 0.0108887 ms)
[05/02/2026-11:51:36] [I] Average on 10 runs - GPU latency: 3.31499 ms - Host latency: 3.71074 ms (enqueue 0.0121582 ms)
[05/02/2026-11:51:36] [I] Average on 10 runs - GPU latency: 3.31411 ms - Host latency: 3.71025 ms (enqueue 0.0125977 ms)
[05/02/2026-11:51:36] [I] Average on 10 runs - GPU latency: 3.31382 ms - Host latency: 3.7085 ms (enqueue 0.0133301 ms)
[05/02/2026-11:51:36] [I] Average on 10 runs - GPU latency: 3.31621 ms - Host latency: 3.71245 ms (enqueue 0.013916 ms)
[05/02/2026-11:51:36] [I] Average on 10 runs - GPU latency: 3.31431 ms - Host latency: 3.70937 ms (enqueue 0.0126953 ms)
[05/02/2026-11:51:36] [I] Average on 10 runs - GPU latency: 3.31567 ms - Host latency: 3.71006 ms (enqueue 0.0121094 ms)
[05/02/2026-11:51:36] [I] Average on 10 runs - GPU latency: 3.31406 ms - Host latency: 3.70894 ms (enqueue 0.0120605 ms)
[05/02/2026-11:51:36] [I] Average on 10 runs - GPU latency: 3.31606 ms - Host latency: 3.71133 ms (enqueue 0.0147461 ms)
[05/02/2026-11:51:36] [I] Average on 10 runs - GPU latency: 3.31675 ms - Host latency: 3.71123 ms (enqueue 0.012207 ms)
[05/02/2026-11:51:36] [I] Average on 10 runs - GPU latency: 3.31226 ms - Host latency: 3.71055 ms (enqueue 0.0148926 ms)
[05/02/2026-11:51:36] [I] Average on 10 runs - GPU latency: 3.31724 ms - Host latency: 3.71299 ms (enqueue 0.0108887 ms)
[05/02/2026-11:51:36] [I] Average on 10 runs - GPU latency: 3.31665 ms - Host latency: 3.71221 ms (enqueue 0.0105957 ms)
[05/02/2026-11:51:36] [I] Average on 10 runs - GPU latency: 3.31729 ms - Host latency: 3.71289 ms (enqueue 0.0101562 ms)
[05/02/2026-11:51:36] [I] Average on 10 runs - GPU latency: 3.31572 ms - Host latency: 3.71084 ms (enqueue 0.0105469 ms)
[05/02/2026-11:51:36] [I] Average on 10 runs - GPU latency: 3.31602 ms - Host latency: 3.71147 ms (enqueue 0.0102539 ms)
[05/02/2026-11:51:36] [I] Average on 10 runs - GPU latency: 3.31489 ms - Host latency: 3.70864 ms (enqueue 0.0116699 ms)
[05/02/2026-11:51:36] [I] Average on 10 runs - GPU latency: 3.31606 ms - Host latency: 3.70937 ms (enqueue 0.0107422 ms)
[05/02/2026-11:51:36] [I] Average on 10 runs - GPU latency: 3.31572 ms - Host latency: 3.71162 ms (enqueue 0.0105957 ms)
[05/02/2026-11:51:36] [I] Average on 10 runs - GPU latency: 3.31738 ms - Host latency: 3.71118 ms (enqueue 0.0105469 ms)
[05/02/2026-11:51:36] [I] Average on 10 runs - GPU latency: 3.31553 ms - Host latency: 3.70977 ms (enqueue 0.0103516 ms)
[05/02/2026-11:51:36] [I] Average on 10 runs - GPU latency: 3.31475 ms - Host latency: 3.71094 ms (enqueue 0.012793 ms)
[05/02/2026-11:51:36] [I] Average on 10 runs - GPU latency: 3.3148 ms - Host latency: 3.71074 ms (enqueue 0.0135742 ms)
[05/02/2026-11:51:36] [I] Average on 10 runs - GPU latency: 3.31553 ms - Host latency: 3.71177 ms (enqueue 0.0137695 ms)
[05/02/2026-11:51:36] [I] Average on 10 runs - GPU latency: 3.31611 ms - Host latency: 3.70972 ms (enqueue 0.0124023 ms)
[05/02/2026-11:51:36] [I] ... Omitting 5041 lines
[05/02/2026-11:51:36] [I] Average on 10 runs - GPU latency: 3.31484 ms - Host latency: 3.70937 ms (enqueue 0.0119141 ms)
[05/02/2026-11:51:36] [I] Average on 10 runs - GPU latency: 3.31816 ms - Host latency: 3.7123 ms (enqueue 0.0117188 ms)
[05/02/2026-11:51:36] [I] Average on 10 runs - GPU latency: 3.31504 ms - Host latency: 3.70996 ms (enqueue 0.0115234 ms)
[05/02/2026-11:51:36] [I] Average on 10 runs - GPU latency: 3.31602 ms - Host latency: 3.71133 ms (enqueue 0.0140625 ms)
[05/02/2026-11:51:36] [I] Average on 10 runs - GPU latency: 3.31641 ms - Host latency: 3.70918 ms (enqueue 0.0113281 ms)
[05/02/2026-11:51:36] [I] Average on 10 runs - GPU latency: 3.31484 ms - Host latency: 3.70762 ms (enqueue 0.0109375 ms)
[05/02/2026-11:51:36] [I] Average on 10 runs - GPU latency: 3.31992 ms - Host latency: 3.71328 ms (enqueue 0.0101562 ms)
[05/02/2026-11:51:36] [I] Average on 10 runs - GPU latency: 3.31602 ms - Host latency: 3.71055 ms (enqueue 0.0105469 ms)
[05/02/2026-11:51:36] [I] Average on 10 runs - GPU latency: 3.31816 ms - Host latency: 3.71445 ms (enqueue 0.0130859 ms)
[05/02/2026-11:51:36] [I] Average on 10 runs - GPU latency: 3.31621 ms - Host latency: 3.71172 ms (enqueue 0.0128906 ms)
[05/02/2026-11:51:36] [I] Average on 10 runs - GPU latency: 3.31953 ms - Host latency: 3.71309 ms (enqueue 0.0128906 ms)
[05/02/2026-11:51:36] [I] Average on 10 runs - GPU latency: 3.3166 ms - Host latency: 3.71055 ms (enqueue 0.0111328 ms)
[05/02/2026-11:51:36] [I] Average on 10 runs - GPU latency: 3.31465 ms - Host latency: 3.70898 ms (enqueue 0.0113281 ms)
[05/02/2026-11:51:36] [I] Average on 10 runs - GPU latency: 3.31523 ms - Host latency: 3.70918 ms (enqueue 0.0138672 ms)
[05/02/2026-11:51:36] [I] Average on 10 runs - GPU latency: 3.31602 ms - Host latency: 3.71074 ms (enqueue 0.0103516 ms)
[05/02/2026-11:51:36] [I] Average on 10 runs - GPU latency: 3.31816 ms - Host latency: 3.71328 ms (enqueue 0.0103516 ms)
[05/02/2026-11:51:36] [I] Average on 10 runs - GPU latency: 3.31719 ms - Host latency: 3.71133 ms (enqueue 0.0101562 ms)
[05/02/2026-11:51:36] [I] Average on 10 runs - GPU latency: 3.31406 ms - Host latency: 3.70859 ms (enqueue 0.0119141 ms)
[05/02/2026-11:51:36] [I] Average on 10 runs - GPU latency: 3.31758 ms - Host latency: 3.71113 ms (enqueue 0.0126953 ms)
[05/02/2026-11:51:36] [I] Average on 10 runs - GPU latency: 3.31641 ms - Host latency: 3.70977 ms (enqueue 0.0126953 ms)
[05/02/2026-11:51:36] [I] Average on 10 runs - GPU latency: 3.31426 ms - Host latency: 3.70508 ms (enqueue 0.0111328 ms)
[05/02/2026-11:51:36] [I] Average on 10 runs - GPU latency: 3.31367 ms - Host latency: 3.70332 ms (enqueue 0.00996094 ms)
[05/02/2026-11:51:36] [I] Average on 10 runs - GPU latency: 3.31035 ms - Host latency: 3.69629 ms (enqueue 0.0109375 ms)
[05/02/2026-11:51:36] [I] Average on 10 runs - GPU latency: 3.31621 ms - Host latency: 3.70937 ms (enqueue 0.0109375 ms)
[05/02/2026-11:51:36] [I] Average on 10 runs - GPU latency: 3.31758 ms - Host latency: 3.7123 ms (enqueue 0.0109375 ms)
[05/02/2026-11:51:36] [I] Average on 10 runs - GPU latency: 3.31621 ms - Host latency: 3.71016 ms (enqueue 0.0107422 ms)
[05/02/2026-11:51:36] [I] Average on 10 runs - GPU latency: 3.31621 ms - Host latency: 3.70898 ms (enqueue 0.0109375 ms)
[05/02/2026-11:51:36] [I] Average on 10 runs - GPU latency: 3.31895 ms - Host latency: 3.71406 ms (enqueue 0.0115234 ms)
[05/02/2026-11:51:36] [I] Average on 10 runs - GPU latency: 3.31641 ms - Host latency: 3.71016 ms (enqueue 0.0103516 ms)
[05/02/2026-11:51:36] [I] Average on 10 runs - GPU latency: 3.31777 ms - Host latency: 3.70996 ms (enqueue 0.0105469 ms)
[05/02/2026-11:51:36] [I] Average on 10 runs - GPU latency: 3.31562 ms - Host latency: 3.70977 ms (enqueue 0.0109375 ms)
[05/02/2026-11:51:36] [I] Average on 10 runs - GPU latency: 3.31484 ms - Host latency: 3.70859 ms (enqueue 0.0103516 ms)
[05/02/2026-11:51:36] [I] Average on 10 runs - GPU latency: 3.31855 ms - Host latency: 3.7127 ms (enqueue 0.0101562 ms)
[05/02/2026-11:51:36] [I] Average on 10 runs - GPU latency: 3.31562 ms - Host latency: 3.70937 ms (enqueue 0.0105469 ms)
[05/02/2026-11:51:36] [I] Average on 10 runs - GPU latency: 3.31523 ms - Host latency: 3.70996 ms (enqueue 0.0123047 ms)
[05/02/2026-11:51:36] [I] Average on 10 runs - GPU latency: 3.31445 ms - Host latency: 3.7082 ms (enqueue 0.0117188 ms)
[05/02/2026-11:51:36] [I] Average on 10 runs - GPU latency: 3.31641 ms - Host latency: 3.70957 ms (enqueue 0.0119141 ms)
[05/02/2026-11:51:36] [I] Average on 10 runs - GPU latency: 3.31504 ms - Host latency: 3.7125 ms (enqueue 0.0121094 ms)
[05/02/2026-11:51:36] [I] Average on 10 runs - GPU latency: 3.31699 ms - Host latency: 3.71055 ms (enqueue 0.0113281 ms)
[05/02/2026-11:51:36] [I] Average on 10 runs - GPU latency: 3.31426 ms - Host latency: 3.7084 ms (enqueue 0.0121094 ms)
[05/02/2026-11:51:36] [I] Average on 10 runs - GPU latency: 3.31621 ms - Host latency: 3.71113 ms (enqueue 0.0113281 ms)
[05/02/2026-11:51:36] [I] Average on 10 runs - GPU latency: 3.31406 ms - Host latency: 3.70781 ms (enqueue 0.0117188 ms)
[05/02/2026-11:51:36] [I] Average on 10 runs - GPU latency: 3.31426 ms - Host latency: 3.70762 ms (enqueue 0.0107422 ms)
[05/02/2026-11:51:36] [I] Average on 10 runs - GPU latency: 3.31406 ms - Host latency: 3.70742 ms (enqueue 0.0115234 ms)
[05/02/2026-11:51:36] [I] Average on 10 runs - GPU latency: 3.3168 ms - Host latency: 3.71113 ms (enqueue 0.0105469 ms)
[05/02/2026-11:51:36] [I] Average on 10 runs - GPU latency: 3.31641 ms - Host latency: 3.71172 ms (enqueue 0.0105469 ms)
[05/02/2026-11:51:36] [I] Average on 10 runs - GPU latency: 3.31875 ms - Host latency: 3.71426 ms (enqueue 0.0107422 ms)
[05/02/2026-11:51:36] [I] Average on 10 runs - GPU latency: 3.31934 ms - Host latency: 3.71406 ms (enqueue 0.0117188 ms)
[05/02/2026-11:51:36] [I] Average on 10 runs - GPU latency: 3.3168 ms - Host latency: 3.71035 ms (enqueue 0.0109375 ms)
[05/02/2026-11:51:36] [I] Average on 10 runs - GPU latency: 3.31504 ms - Host latency: 3.70879 ms (enqueue 0.009375 ms)
[05/02/2026-11:51:36] [I] Average on 10 runs - GPU latency: 3.31641 ms - Host latency: 3.71055 ms (enqueue 0.00976562 ms)
[05/02/2026-11:51:36] [I] Average on 10 runs - GPU latency: 3.31406 ms - Host latency: 3.70723 ms (enqueue 0.0119141 ms)
[05/02/2026-11:51:36] [I] Average on 10 runs - GPU latency: 3.3166 ms - Host latency: 3.71113 ms (enqueue 0.0103516 ms)
[05/02/2026-11:51:36] [I] Average on 10 runs - GPU latency: 3.3166 ms - Host latency: 3.70977 ms (enqueue 0.00996094 ms)
[05/02/2026-11:51:36] [I] Average on 10 runs - GPU latency: 3.31953 ms - Host latency: 3.71387 ms (enqueue 0.0101562 ms)
[05/02/2026-11:51:36] [I] Average on 10 runs - GPU latency: 3.31523 ms - Host latency: 3.71133 ms (enqueue 0.0107422 ms)
[05/02/2026-11:51:36] [I] Average on 10 runs - GPU latency: 3.31953 ms - Host latency: 3.71309 ms (enqueue 0.0119141 ms)
[05/02/2026-11:51:36] [I] Average on 10 runs - GPU latency: 3.32012 ms - Host latency: 3.71543 ms (enqueue 0.0128906 ms)
[05/02/2026-11:51:36] [I] Average on 10 runs - GPU latency: 3.31738 ms - Host latency: 3.71367 ms (enqueue 0.0105469 ms)
[05/02/2026-11:51:36] [I] Average on 10 runs - GPU latency: 3.3166 ms - Host latency: 3.71152 ms (enqueue 0.0103516 ms)
[05/02/2026-11:51:36] [I] Average on 10 runs - GPU latency: 3.31562 ms - Host latency: 3.71016 ms (enqueue 0.0103516 ms)
[05/02/2026-11:51:36] [I] Average on 10 runs - GPU latency: 3.31738 ms - Host latency: 3.71289 ms (enqueue 0.00996094 ms)
[05/02/2026-11:51:36] [I] Average on 10 runs - GPU latency: 3.31738 ms - Host latency: 3.71094 ms (enqueue 0.0107422 ms)
[05/02/2026-11:51:36] [I] Average on 10 runs - GPU latency: 3.31348 ms - Host latency: 3.70762 ms (enqueue 0.0121094 ms)
[05/02/2026-11:51:36] [I] Average on 10 runs - GPU latency: 3.31543 ms - Host latency: 3.70918 ms (enqueue 0.0128906 ms)
[05/02/2026-11:51:36] [I] Average on 10 runs - GPU latency: 3.31582 ms - Host latency: 3.70937 ms (enqueue 0.0134766 ms)
[05/02/2026-11:51:36] [I] Average on 10 runs - GPU latency: 3.31855 ms - Host latency: 3.71191 ms (enqueue 0.0117188 ms)
[05/02/2026-11:51:36] [I] Average on 10 runs - GPU latency: 3.31816 ms - Host latency: 3.71133 ms (enqueue 0.0115234 ms)
[05/02/2026-11:51:36] [I] Average on 10 runs - GPU latency: 3.31855 ms - Host latency: 3.71191 ms (enqueue 0.0115234 ms)
[05/02/2026-11:51:36] [I] Average on 10 runs - GPU latency: 3.31719 ms - Host latency: 3.7127 ms (enqueue 0.0105469 ms)
[05/02/2026-11:51:36] [I] Average on 10 runs - GPU latency: 3.31895 ms - Host latency: 3.71289 ms (enqueue 0.0109375 ms)
[05/02/2026-11:51:36] [I] Average on 10 runs - GPU latency: 3.31797 ms - Host latency: 3.71074 ms (enqueue 0.0111328 ms)
[05/02/2026-11:51:36] [I] Average on 10 runs - GPU latency: 3.31836 ms - Host latency: 3.7125 ms (enqueue 0.0111328 ms)
[05/02/2026-11:51:36] [I] Average on 10 runs - GPU latency: 3.31719 ms - Host latency: 3.71094 ms (enqueue 0.0121094 ms)
[05/02/2026-11:51:36] [I] Average on 10 runs - GPU latency: 3.31641 ms - Host latency: 3.70996 ms (enqueue 0.0113281 ms)
[05/02/2026-11:51:36] [I] Average on 10 runs - GPU latency: 3.3166 ms - Host latency: 3.71172 ms (enqueue 0.0119141 ms)
[05/02/2026-11:51:36] [I] Average on 10 runs - GPU latency: 3.31699 ms - Host latency: 3.71328 ms (enqueue 0.0123047 ms)
[05/02/2026-11:51:36] [I] Average on 10 runs - GPU latency: 3.31719 ms - Host latency: 3.71172 ms (enqueue 0.0121094 ms)
[05/02/2026-11:51:36] [I] Average on 10 runs - GPU latency: 3.3168 ms - Host latency: 3.71035 ms (enqueue 0.0123047 ms)
[05/02/2026-11:51:36] [I] Average on 10 runs - GPU latency: 3.31836 ms - Host latency: 3.71172 ms (enqueue 0.0121094 ms)
[05/02/2026-11:51:36] [I] Average on 10 runs - GPU latency: 3.31875 ms - Host latency: 3.7123 ms (enqueue 0.0117188 ms)
[05/02/2026-11:51:36] [I] Average on 10 runs - GPU latency: 3.31543 ms - Host latency: 3.7084 ms (enqueue 0.0128906 ms)
[05/02/2026-11:51:36] [I] Average on 10 runs - GPU latency: 3.31777 ms - Host latency: 3.71172 ms (enqueue 0.0117188 ms)
[05/02/2026-11:51:36] [I] Average on 10 runs - GPU latency: 3.31836 ms - Host latency: 3.71211 ms (enqueue 0.0121094 ms)
[05/02/2026-11:51:36] [I] Average on 10 runs - GPU latency: 3.31504 ms - Host latency: 3.70918 ms (enqueue 0.0105469 ms)
[05/02/2026-11:51:36] [I] Average on 10 runs - GPU latency: 3.31953 ms - Host latency: 3.71289 ms (enqueue 0.00957031 ms)
[05/02/2026-11:51:36] [I] Average on 10 runs - GPU latency: 3.31738 ms - Host latency: 3.71191 ms (enqueue 0.0103516 ms)
[05/02/2026-11:51:36] [I] Average on 10 runs - GPU latency: 3.31738 ms - Host latency: 3.71094 ms (enqueue 0.0101562 ms)
[05/02/2026-11:51:36] [I] Average on 10 runs - GPU latency: 3.31699 ms - Host latency: 3.7127 ms (enqueue 0.0121094 ms)
[05/02/2026-11:51:36] [I] Average on 10 runs - GPU latency: 3.31816 ms - Host latency: 3.71309 ms (enqueue 0.0103516 ms)
[05/02/2026-11:51:36] [I] Average on 10 runs - GPU latency: 3.31484 ms - Host latency: 3.70879 ms (enqueue 0.0105469 ms)
[05/02/2026-11:51:36] [I] Average on 10 runs - GPU latency: 3.31758 ms - Host latency: 3.7127 ms (enqueue 0.0105469 ms)
[05/02/2026-11:51:36] [I] Average on 10 runs - GPU latency: 3.31523 ms - Host latency: 3.70937 ms (enqueue 0.00976562 ms)
[05/02/2026-11:51:36] [I] Average on 10 runs - GPU latency: 3.31719 ms - Host latency: 3.71152 ms (enqueue 0.0103516 ms)
[05/02/2026-11:51:36] [I] Average on 10 runs - GPU latency: 3.31875 ms - Host latency: 3.71328 ms (enqueue 0.0105469 ms)
[05/02/2026-11:51:36] [I] Average on 10 runs - GPU latency: 3.31797 ms - Host latency: 3.71152 ms (enqueue 0.0103516 ms)
[05/02/2026-11:51:36] [I] Average on 10 runs - GPU latency: 3.31699 ms - Host latency: 3.71113 ms (enqueue 0.0103516 ms)
[05/02/2026-11:51:36] [I] Average on 10 runs - GPU latency: 3.31465 ms - Host latency: 3.70879 ms (enqueue 0.0105469 ms)
[05/02/2026-11:51:36] [I] Average on 10 runs - GPU latency: 3.31875 ms - Host latency: 3.71074 ms (enqueue 0.0101562 ms)
[05/02/2026-11:51:36] [I] Average on 10 runs - GPU latency: 3.31738 ms - Host latency: 3.71133 ms (enqueue 0.00976562 ms)
[05/02/2026-11:51:36] [I] Average on 10 runs - GPU latency: 3.31641 ms - Host latency: 3.71133 ms (enqueue 0.00996094 ms)
[05/02/2026-11:51:36] [I] Average on 10 runs - GPU latency: 3.31641 ms - Host latency: 3.71016 ms (enqueue 0.0103516 ms)
[05/02/2026-11:51:36] [I] Average on 10 runs - GPU latency: 3.31445 ms - Host latency: 3.70859 ms (enqueue 0.0103516 ms)
[05/02/2026-11:51:36] [I] Average on 10 runs - GPU latency: 3.3168 ms - Host latency: 3.71055 ms (enqueue 0.0109375 ms)
[05/02/2026-11:51:36] [I] Average on 10 runs - GPU latency: 3.31797 ms - Host latency: 3.71191 ms (enqueue 0.0103516 ms)
[05/02/2026-11:51:36] [I] Average on 10 runs - GPU latency: 3.31582 ms - Host latency: 3.71094 ms (enqueue 0.0107422 ms)
[05/02/2026-11:51:36] [I] Average on 10 runs - GPU latency: 3.31875 ms - Host latency: 3.7127 ms (enqueue 0.0101562 ms)
[05/02/2026-11:51:36] [I] Average on 10 runs - GPU latency: 3.31738 ms - Host latency: 3.71074 ms (enqueue 0.00976562 ms)
[05/02/2026-11:51:36] [I] Average on 10 runs - GPU latency: 3.31582 ms - Host latency: 3.70996 ms (enqueue 0.0101562 ms)
[05/02/2026-11:51:36] [I] Average on 10 runs - GPU latency: 3.31426 ms - Host latency: 3.70957 ms (enqueue 0.0101562 ms)
[05/02/2026-11:51:36] [I] Average on 10 runs - GPU latency: 3.31875 ms - Host latency: 3.71328 ms (enqueue 0.0101562 ms)
[05/02/2026-11:51:36] [I] Average on 10 runs - GPU latency: 3.3166 ms - Host latency: 3.70957 ms (enqueue 0.00996094 ms)
[05/02/2026-11:51:36] [I] Average on 10 runs - GPU latency: 3.3166 ms - Host latency: 3.71016 ms (enqueue 0.009375 ms)
[05/02/2026-11:51:36] [I] Average on 10 runs - GPU latency: 3.31816 ms - Host latency: 3.71152 ms (enqueue 0.0101562 ms)
[05/02/2026-11:51:36] [I] Average on 10 runs - GPU latency: 3.31172 ms - Host latency: 3.70586 ms (enqueue 0.00957031 ms)
[05/02/2026-11:51:36] [I] Average on 10 runs - GPU latency: 3.31504 ms - Host latency: 3.71152 ms (enqueue 0.00976562 ms)
[05/02/2026-11:51:36] [I] Average on 10 runs - GPU latency: 3.31582 ms - Host latency: 3.70937 ms (enqueue 0.009375 ms)
[05/02/2026-11:51:36] [I] Average on 10 runs - GPU latency: 3.31973 ms - Host latency: 3.71387 ms (enqueue 0.00976562 ms)
[05/02/2026-11:51:36] [I] Average on 10 runs - GPU latency: 3.31504 ms - Host latency: 3.71035 ms (enqueue 0.00996094 ms)
[05/02/2026-11:51:36] [I] Average on 10 runs - GPU latency: 3.31426 ms - Host latency: 3.70859 ms (enqueue 0.009375 ms)
[05/02/2026-11:51:36] [I] Average on 10 runs - GPU latency: 3.3166 ms - Host latency: 3.71055 ms (enqueue 0.00976562 ms)
[05/02/2026-11:51:36] [I] Average on 10 runs - GPU latency: 3.3166 ms - Host latency: 3.71035 ms (enqueue 0.0109375 ms)
[05/02/2026-11:51:36] [I] Average on 10 runs - GPU latency: 3.31797 ms - Host latency: 3.71211 ms (enqueue 0.0125 ms)
[05/02/2026-11:51:36] [I] Average on 10 runs - GPU latency: 3.31543 ms - Host latency: 3.70996 ms (enqueue 0.0115234 ms)
[05/02/2026-11:51:36] [I] Average on 10 runs - GPU latency: 3.31523 ms - Host latency: 3.70879 ms (enqueue 0.0140625 ms)
[05/02/2026-11:51:36] [I] Average on 10 runs - GPU latency: 3.31797 ms - Host latency: 3.71113 ms (enqueue 0.0138672 ms)
[05/02/2026-11:51:36] [I] Average on 10 runs - GPU latency: 3.31543 ms - Host latency: 3.70918 ms (enqueue 0.0126953 ms)
[05/02/2026-11:51:36] [I] Average on 10 runs - GPU latency: 3.31699 ms - Host latency: 3.71035 ms (enqueue 0.00976562 ms)
[05/02/2026-11:51:36] [I] Average on 10 runs - GPU latency: 3.31719 ms - Host latency: 3.70977 ms (enqueue 0.00996094 ms)
[05/02/2026-11:51:36] [I] Average on 10 runs - GPU latency: 3.31465 ms - Host latency: 3.70879 ms (enqueue 0.0103516 ms)
[05/02/2026-11:51:36] [I] Average on 10 runs - GPU latency: 3.31426 ms - Host latency: 3.70898 ms (enqueue 0.0115234 ms)
[05/02/2026-11:51:36] [I] Average on 10 runs - GPU latency: 3.31211 ms - Host latency: 3.70684 ms (enqueue 0.0101562 ms)
[05/02/2026-11:51:36] [I] Average on 10 runs - GPU latency: 3.31816 ms - Host latency: 3.71172 ms (enqueue 0.0117188 ms)
[05/02/2026-11:51:36] [I] Average on 10 runs - GPU latency: 3.31211 ms - Host latency: 3.70586 ms (enqueue 0.0115234 ms)
[05/02/2026-11:51:36] [I] Average on 10 runs - GPU latency: 3.31309 ms - Host latency: 3.70762 ms (enqueue 0.0107422 ms)
[05/02/2026-11:51:36] [I] Average on 10 runs - GPU latency: 3.31777 ms - Host latency: 3.71113 ms (enqueue 0.0101562 ms)
[05/02/2026-11:51:36] [I] Average on 10 runs - GPU latency: 3.31777 ms - Host latency: 3.71191 ms (enqueue 0.0101562 ms)
[05/02/2026-11:51:36] [I] Average on 10 runs - GPU latency: 3.31562 ms - Host latency: 3.70977 ms (enqueue 0.00957031 ms)
[05/02/2026-11:51:36] [I] Average on 10 runs - GPU latency: 3.31523 ms - Host latency: 3.70898 ms (enqueue 0.00976562 ms)
[05/02/2026-11:51:36] [I] Average on 10 runs - GPU latency: 3.3166 ms - Host latency: 3.71016 ms (enqueue 0.0103516 ms)
[05/02/2026-11:51:36] [I] Average on 10 runs - GPU latency: 3.31445 ms - Host latency: 3.7084 ms (enqueue 0.00996094 ms)
[05/02/2026-11:51:36] [I] Average on 10 runs - GPU latency: 3.31387 ms - Host latency: 3.70762 ms (enqueue 0.0103516 ms)
[05/02/2026-11:51:36] [I] Average on 10 runs - GPU latency: 3.31719 ms - Host latency: 3.71035 ms (enqueue 0.0101562 ms)
[05/02/2026-11:51:36] [I] Average on 10 runs - GPU latency: 3.31836 ms - Host latency: 3.7127 ms (enqueue 0.0107422 ms)
[05/02/2026-11:51:36] [I] Average on 10 runs - GPU latency: 3.31543 ms - Host latency: 3.70977 ms (enqueue 0.00996094 ms)
[05/02/2026-11:51:36] [I] Average on 10 runs - GPU latency: 3.31641 ms - Host latency: 3.71113 ms (enqueue 0.00996094 ms)
[05/02/2026-11:51:36] [I] Average on 10 runs - GPU latency: 3.31387 ms - Host latency: 3.70684 ms (enqueue 0.00957031 ms)
[05/02/2026-11:51:36] [I] Average on 10 runs - GPU latency: 3.31719 ms - Host latency: 3.7123 ms (enqueue 0.009375 ms)
[05/02/2026-11:51:36] [I] Average on 10 runs - GPU latency: 3.31504 ms - Host latency: 3.70957 ms (enqueue 0.0109375 ms)
[05/02/2026-11:51:36] [I] Average on 10 runs - GPU latency: 3.31758 ms - Host latency: 3.71191 ms (enqueue 0.0125 ms)
[05/02/2026-11:51:36] [I] Average on 10 runs - GPU latency: 3.31738 ms - Host latency: 3.71328 ms (enqueue 0.0113281 ms)
[05/02/2026-11:51:36] [I] Average on 10 runs - GPU latency: 3.31934 ms - Host latency: 3.71309 ms (enqueue 0.0103516 ms)
[05/02/2026-11:51:36] [I] Average on 10 runs - GPU latency: 3.31387 ms - Host latency: 3.70859 ms (enqueue 0.0117188 ms)
[05/02/2026-11:51:36] [I] Average on 10 runs - GPU latency: 3.31855 ms - Host latency: 3.7125 ms (enqueue 0.0107422 ms)
[05/02/2026-11:51:36] [I] Average on 10 runs - GPU latency: 3.3166 ms - Host latency: 3.71152 ms (enqueue 0.0117188 ms)
[05/02/2026-11:51:36] [I] Average on 10 runs - GPU latency: 3.31406 ms - Host latency: 3.7084 ms (enqueue 0.0113281 ms)
[05/02/2026-11:51:36] [I] Average on 10 runs - GPU latency: 3.31777 ms - Host latency: 3.71328 ms (enqueue 0.0115234 ms)
[05/02/2026-11:51:36] [I] Average on 10 runs - GPU latency: 3.31602 ms - Host latency: 3.70977 ms (enqueue 0.0109375 ms)
[05/02/2026-11:51:36] [I] Average on 10 runs - GPU latency: 3.31758 ms - Host latency: 3.71055 ms (enqueue 0.0121094 ms)
[05/02/2026-11:51:36] [I] Average on 10 runs - GPU latency: 3.31797 ms - Host latency: 3.7127 ms (enqueue 0.0111328 ms)
[05/02/2026-11:51:36] [I] Average on 10 runs - GPU latency: 3.31582 ms - Host latency: 3.70957 ms (enqueue 0.0123047 ms)
[05/02/2026-11:51:36] [I] Average on 10 runs - GPU latency: 3.31328 ms - Host latency: 3.70645 ms (enqueue 0.0121094 ms)
[05/02/2026-11:51:36] [I] Average on 10 runs - GPU latency: 3.31445 ms - Host latency: 3.70937 ms (enqueue 0.0121094 ms)
[05/02/2026-11:51:36] [I] Average on 10 runs - GPU latency: 3.31758 ms - Host latency: 3.71055 ms (enqueue 0.0119141 ms)
[05/02/2026-11:51:36] [I] Average on 10 runs - GPU latency: 3.31504 ms - Host latency: 3.70957 ms (enqueue 0.0119141 ms)
[05/02/2026-11:51:36] [I] Average on 10 runs - GPU latency: 3.31543 ms - Host latency: 3.70859 ms (enqueue 0.0107422 ms)
[05/02/2026-11:51:36] [I] Average on 10 runs - GPU latency: 3.31387 ms - Host latency: 3.70742 ms (enqueue 0.0119141 ms)
[05/02/2026-11:51:36] [I] Average on 10 runs - GPU latency: 3.31387 ms - Host latency: 3.71016 ms (enqueue 0.0111328 ms)
[05/02/2026-11:51:36] [I] Average on 10 runs - GPU latency: 3.31543 ms - Host latency: 3.70859 ms (enqueue 0.0119141 ms)
[05/02/2026-11:51:36] [I] Average on 10 runs - GPU latency: 3.32031 ms - Host latency: 3.71484 ms (enqueue 0.0115234 ms)
[05/02/2026-11:51:36] [I] Average on 10 runs - GPU latency: 3.31387 ms - Host latency: 3.70625 ms (enqueue 0.0117188 ms)
[05/02/2026-11:51:36] [I] Average on 10 runs - GPU latency: 3.31523 ms - Host latency: 3.70762 ms (enqueue 0.0115234 ms)
[05/02/2026-11:51:36] [I] Average on 10 runs - GPU latency: 3.31523 ms - Host latency: 3.70957 ms (enqueue 0.0117188 ms)
[05/02/2026-11:51:36] [I] Average on 10 runs - GPU latency: 3.31602 ms - Host latency: 3.71055 ms (enqueue 0.0115234 ms)
[05/02/2026-11:51:36] [I] Average on 10 runs - GPU latency: 3.3166 ms - Host latency: 3.71074 ms (enqueue 0.0113281 ms)
[05/02/2026-11:51:36] [I] Average on 10 runs - GPU latency: 3.31562 ms - Host latency: 3.70859 ms (enqueue 0.0126953 ms)
[05/02/2026-11:51:36] [I] Average on 10 runs - GPU latency: 3.31641 ms - Host latency: 3.70859 ms (enqueue 0.0136719 ms)
[05/02/2026-11:51:36] [I] Average on 10 runs - GPU latency: 3.31602 ms - Host latency: 3.71074 ms (enqueue 0.0113281 ms)
[05/02/2026-11:51:36] [I] Average on 10 runs - GPU latency: 3.31562 ms - Host latency: 3.70957 ms (enqueue 0.0119141 ms)
[05/02/2026-11:51:36] [I] Average on 10 runs - GPU latency: 3.31699 ms - Host latency: 3.71035 ms (enqueue 0.0119141 ms)
[05/02/2026-11:51:36] [I] Average on 10 runs - GPU latency: 3.31562 ms - Host latency: 3.70957 ms (enqueue 0.0115234 ms)
[05/02/2026-11:51:36] [I] Average on 10 runs - GPU latency: 3.31426 ms - Host latency: 3.70898 ms (enqueue 0.0134766 ms)
[05/02/2026-11:51:36] [I] Average on 10 runs - GPU latency: 3.3168 ms - Host latency: 3.71074 ms (enqueue 0.0123047 ms)
[05/02/2026-11:51:36] [I] Average on 10 runs - GPU latency: 3.31973 ms - Host latency: 3.71445 ms (enqueue 0.0121094 ms)
[05/02/2026-11:51:36] [I] Average on 10 runs - GPU latency: 3.31621 ms - Host latency: 3.70996 ms (enqueue 0.0111328 ms)
[05/02/2026-11:51:36] [I] Average on 10 runs - GPU latency: 3.31445 ms - Host latency: 3.70742 ms (enqueue 0.0109375 ms)
[05/02/2026-11:51:36] [I] Average on 10 runs - GPU latency: 3.31445 ms - Host latency: 3.70859 ms (enqueue 0.0107422 ms)
[05/02/2026-11:51:36] [I] Average on 10 runs - GPU latency: 3.31973 ms - Host latency: 3.71465 ms (enqueue 0.0111328 ms)
[05/02/2026-11:51:36] [I] Average on 10 runs - GPU latency: 3.31738 ms - Host latency: 3.71133 ms (enqueue 0.0113281 ms)
[05/02/2026-11:51:36] [I] Average on 10 runs - GPU latency: 3.31738 ms - Host latency: 3.71211 ms (enqueue 0.0107422 ms)
[05/02/2026-11:51:36] [I] Average on 10 runs - GPU latency: 3.31406 ms - Host latency: 3.70879 ms (enqueue 0.0101562 ms)
[05/02/2026-11:51:36] [I] Average on 10 runs - GPU latency: 3.31543 ms - Host latency: 3.70977 ms (enqueue 0.0107422 ms)
[05/02/2026-11:51:36] [I] Average on 10 runs - GPU latency: 3.31895 ms - Host latency: 3.71074 ms (enqueue 0.0117188 ms)
[05/02/2026-11:51:36] [I] Average on 10 runs - GPU latency: 3.31484 ms - Host latency: 3.70977 ms (enqueue 0.0113281 ms)
[05/02/2026-11:51:36] [I] Average on 10 runs - GPU latency: 3.3168 ms - Host latency: 3.7125 ms (enqueue 0.0105469 ms)
[05/02/2026-11:51:36] [I] Average on 10 runs - GPU latency: 3.31348 ms - Host latency: 3.70703 ms (enqueue 0.0113281 ms)
[05/02/2026-11:51:36] [I] Average on 10 runs - GPU latency: 3.31836 ms - Host latency: 3.7123 ms (enqueue 0.0115234 ms)
[05/02/2026-11:51:36] [I] Average on 10 runs - GPU latency: 3.31406 ms - Host latency: 3.70918 ms (enqueue 0.0103516 ms)
[05/02/2026-11:51:36] [I] Average on 10 runs - GPU latency: 3.3166 ms - Host latency: 3.71094 ms (enqueue 0.0107422 ms)
[05/02/2026-11:51:36] [I] Average on 10 runs - GPU latency: 3.31426 ms - Host latency: 3.70918 ms (enqueue 0.0111328 ms)
[05/02/2026-11:51:36] [I] 
[05/02/2026-11:51:36] [I] === Performance summary ===
[05/02/2026-11:51:36] [I] Throughput: 301.238 qps
[05/02/2026-11:51:36] [I] Latency: min = 3.60938 ms, max = 3.79199 ms, mean = 3.71096 ms, median = 3.71094 ms, percentile(90%) = 3.71875 ms, percentile(95%) = 3.7207 ms, percentile(99%) = 3.72607 ms
[05/02/2026-11:51:36] [I] Enqueue Time: min = 0.00537109 ms, max = 0.078125 ms, mean = 0.0113218 ms, median = 0.0107422 ms, percentile(90%) = 0.0136719 ms, percentile(95%) = 0.0151367 ms, percentile(99%) = 0.0195312 ms
[05/02/2026-11:51:36] [I] H2D Latency: min = 0.189453 ms, max = 0.289551 ms, mean = 0.20081 ms, median = 0.201172 ms, percentile(90%) = 0.203125 ms, percentile(95%) = 0.204956 ms, percentile(99%) = 0.208008 ms
[05/02/2026-11:51:36] [I] GPU Compute Time: min = 3.29102 ms, max = 3.35156 ms, mean = 3.31642 ms, median = 3.31641 ms, percentile(90%) = 3.32227 ms, percentile(95%) = 3.32422 ms, percentile(99%) = 3.32812 ms
[05/02/2026-11:51:36] [I] D2H Latency: min = 0.103516 ms, max = 0.209961 ms, mean = 0.193723 ms, median = 0.193848 ms, percentile(90%) = 0.195801 ms, percentile(95%) = 0.197266 ms, percentile(99%) = 0.199219 ms
[05/02/2026-11:51:36] [I] Total Host Walltime: 30.0128 s
[05/02/2026-11:51:36] [I] Total GPU Compute Time: 29.9838 s
[05/02/2026-11:51:36] [I] Explanations of the performance metrics are printed in the verbose logs.
[05/02/2026-11:51:36] [I] 
&&&& PASSED TensorRT.trtexec [TensorRT v100300] # trtexec --loadEngine=engines/int8/yolov8n_int8.engine --warmUp=500 --duration=30 --iterations=1000 --useCudaGraph
