&&&& RUNNING TensorRT.trtexec [TensorRT v100300] # trtexec --loadEngine=engines/fp16/yolov8n_fp16.engine --warmUp=500 --duration=30 --iterations=1000 --useCudaGraph
[05/02/2026-11:50:34] [I] === Model Options ===
[05/02/2026-11:50:34] [I] Format: *
[05/02/2026-11:50:34] [I] Model: 
[05/02/2026-11:50:34] [I] Output:
[05/02/2026-11:50:34] [I] 
[05/02/2026-11:50:34] [I] === System Options ===
[05/02/2026-11:50:34] [I] Device: 0
[05/02/2026-11:50:34] [I] DLACore: 
[05/02/2026-11:50:34] [I] Plugins:
[05/02/2026-11:50:34] [I] setPluginsToSerialize:
[05/02/2026-11:50:34] [I] dynamicPlugins:
[05/02/2026-11:50:34] [I] ignoreParsedPluginLibs: 0
[05/02/2026-11:50:34] [I] 
[05/02/2026-11:50:34] [I] === Inference Options ===
[05/02/2026-11:50:34] [I] Batch: Explicit
[05/02/2026-11:50:34] [I] Input inference shapes: model
[05/02/2026-11:50:34] [I] Iterations: 1000
[05/02/2026-11:50:34] [I] Duration: 30s (+ 500ms warm up)
[05/02/2026-11:50:34] [I] Sleep time: 0ms
[05/02/2026-11:50:34] [I] Idle time: 0ms
[05/02/2026-11:50:34] [I] Inference Streams: 1
[05/02/2026-11:50:34] [I] ExposeDMA: Disabled
[05/02/2026-11:50:34] [I] Data transfers: Enabled
[05/02/2026-11:50:34] [I] Spin-wait: Disabled
[05/02/2026-11:50:34] [I] Multithreading: Disabled
[05/02/2026-11:50:34] [I] CUDA Graph: Enabled
[05/02/2026-11:50:34] [I] Separate profiling: Disabled
[05/02/2026-11:50:34] [I] Time Deserialize: Disabled
[05/02/2026-11:50:34] [I] Time Refit: Disabled
[05/02/2026-11:50:34] [I] NVTX verbosity: 0
[05/02/2026-11:50:34] [I] Persistent Cache Ratio: 0
[05/02/2026-11:50:34] [I] Optimization Profile Index: 0
[05/02/2026-11:50:34] [I] Weight Streaming Budget: 100.000000%
[05/02/2026-11:50:34] [I] Inputs:
[05/02/2026-11:50:34] [I] Debug Tensor Save Destinations:
[05/02/2026-11:50:34] [I] === Reporting Options ===
[05/02/2026-11:50:34] [I] Verbose: Disabled
[05/02/2026-11:50:34] [I] Averages: 10 inferences
[05/02/2026-11:50:34] [I] Percentiles: 90,95,99
[05/02/2026-11:50:34] [I] Dump refittable layers:Disabled
[05/02/2026-11:50:34] [I] Dump output: Disabled
[05/02/2026-11:50:34] [I] Profile: Disabled
[05/02/2026-11:50:34] [I] Export timing to JSON file: 
[05/02/2026-11:50:34] [I] Export output to JSON file: 
[05/02/2026-11:50:34] [I] Export profile to JSON file: 
[05/02/2026-11:50:34] [I] 
[05/02/2026-11:50:34] [I] === Device Information ===
[05/02/2026-11:50:35] [I] Available Devices: 
[05/02/2026-11:50:35] [I]   Device 0: "Orin" UUID: GPU-26daf1d3-793d-51c3-b64d-183a438e6666
[05/02/2026-11:50:35] [I] Selected Device: Orin
[05/02/2026-11:50:35] [I] Selected Device ID: 0
[05/02/2026-11:50:35] [I] Selected Device UUID: GPU-26daf1d3-793d-51c3-b64d-183a438e6666
[05/02/2026-11:50:35] [I] Compute Capability: 8.7
[05/02/2026-11:50:35] [I] SMs: 8
[05/02/2026-11:50:35] [I] Device Global Memory: 7607 MiB
[05/02/2026-11:50:35] [I] Shared Memory per SM: 164 KiB
[05/02/2026-11:50:35] [I] Memory Bus Width: 128 bits (ECC disabled)
[05/02/2026-11:50:35] [I] Application Compute Clock Rate: 1.02 GHz
[05/02/2026-11:50:35] [I] Application Memory Clock Rate: 1.02 GHz
[05/02/2026-11:50:35] [I] 
[05/02/2026-11:50:35] [I] Note: The application clock rates do not reflect the actual clock rates that the GPU is currently running at.
[05/02/2026-11:50:35] [I] 
[05/02/2026-11:50:35] [I] TensorRT version: 10.3.0
[05/02/2026-11:50:35] [I] Loading standard plugins
[05/02/2026-11:50:35] [I] [TRT] Loaded engine size: 8 MiB
[05/02/2026-11:50:35] [W] [TRT] Using an engine plan file across different models of devices is not recommended and is likely to affect performance or even cause errors.
[05/02/2026-11:50:35] [I] Engine deserialized in 0.238704 sec.
[05/02/2026-11:50:35] [I] [TRT] [MemUsageChange] TensorRT-managed allocation in IExecutionContext creation: CPU +0, GPU +9, now: CPU 0, GPU 15 (MiB)
[05/02/2026-11:50:35] [I] Setting persistentCacheLimit to 0 bytes.
[05/02/2026-11:50:35] [I] Created execution context with device memory size: 9.52148 MiB
[05/02/2026-11:50:35] [I] Using random values for input images
[05/02/2026-11:50:35] [I] Input binding for images with dimensions 1x3x640x640 is created.
[05/02/2026-11:50:35] [I] Output binding for output0 with dimensions 1x84x8400 is created.
[05/02/2026-11:50:35] [I] Starting inference
[05/02/2026-11:50:35] [I] Capturing CUDA graph for the current execution context
[05/02/2026-11:50:35] [I] Successfully captured CUDA graph for the current execution context
[05/02/2026-11:51:05] [I] Warmup completed 113 queries over 500 ms
[05/02/2026-11:51:05] [I] Timing trace has 7760 queries over 30.0104 s
[05/02/2026-11:51:05] [I] 
[05/02/2026-11:51:05] [I] === Trace details ===
[05/02/2026-11:51:05] [I] Trace averages of 10 runs:
[05/02/2026-11:51:05] [I] Average on 10 runs - GPU latency: 3.87133 ms - Host latency: 4.3754 ms (enqueue 0.0134399 ms)
[05/02/2026-11:51:05] [I] Average on 10 runs - GPU latency: 3.87507 ms - Host latency: 4.38156 ms (enqueue 0.0123108 ms)
[05/02/2026-11:51:05] [I] Average on 10 runs - GPU latency: 3.87278 ms - Host latency: 4.38042 ms (enqueue 0.0125793 ms)
[05/02/2026-11:51:05] [I] Average on 10 runs - GPU latency: 3.8746 ms - Host latency: 4.38192 ms (enqueue 0.0126282 ms)
[05/02/2026-11:51:05] [I] Average on 10 runs - GPU latency: 3.87668 ms - Host latency: 4.38545 ms (enqueue 0.0127869 ms)
[05/02/2026-11:51:05] [I] Average on 10 runs - GPU latency: 3.87414 ms - Host latency: 4.37987 ms (enqueue 0.0131775 ms)
[05/02/2026-11:51:05] [I] Average on 10 runs - GPU latency: 3.87618 ms - Host latency: 4.38381 ms (enqueue 0.0144409 ms)
[05/02/2026-11:51:05] [I] Average on 10 runs - GPU latency: 3.87292 ms - Host latency: 4.37773 ms (enqueue 0.0143555 ms)
[05/02/2026-11:51:05] [I] Average on 10 runs - GPU latency: 3.87593 ms - Host latency: 4.38094 ms (enqueue 0.0129211 ms)
[05/02/2026-11:51:05] [I] Average on 10 runs - GPU latency: 3.87627 ms - Host latency: 4.38287 ms (enqueue 0.011676 ms)
[05/02/2026-11:51:05] [I] Average on 10 runs - GPU latency: 3.87607 ms - Host latency: 4.38275 ms (enqueue 0.0113586 ms)
[05/02/2026-11:51:05] [I] Average on 10 runs - GPU latency: 3.87759 ms - Host latency: 4.38339 ms (enqueue 0.0112671 ms)
[05/02/2026-11:51:05] [I] Average on 10 runs - GPU latency: 3.87624 ms - Host latency: 4.38433 ms (enqueue 0.0120239 ms)
[05/02/2026-11:51:05] [I] Average on 10 runs - GPU latency: 3.87625 ms - Host latency: 4.38209 ms (enqueue 0.0122864 ms)
[05/02/2026-11:51:05] [I] Average on 10 runs - GPU latency: 3.87791 ms - Host latency: 4.38468 ms (enqueue 0.0137329 ms)
[05/02/2026-11:51:05] [I] Average on 10 runs - GPU latency: 3.87101 ms - Host latency: 4.37578 ms (enqueue 0.0131836 ms)
[05/02/2026-11:51:05] [I] Average on 10 runs - GPU latency: 3.87075 ms - Host latency: 4.37275 ms (enqueue 0.0128418 ms)
[05/02/2026-11:51:05] [I] Average on 10 runs - GPU latency: 3.87303 ms - Host latency: 4.37751 ms (enqueue 0.0116455 ms)
[05/02/2026-11:51:05] [I] Average on 10 runs - GPU latency: 3.87498 ms - Host latency: 4.3817 ms (enqueue 0.012854 ms)
[05/02/2026-11:51:05] [I] Average on 10 runs - GPU latency: 3.8736 ms - Host latency: 4.38057 ms (enqueue 0.0142456 ms)
[05/02/2026-11:51:05] [I] Average on 10 runs - GPU latency: 3.87324 ms - Host latency: 4.38051 ms (enqueue 0.0140381 ms)
[05/02/2026-11:51:05] [I] Average on 10 runs - GPU latency: 3.87087 ms - Host latency: 4.37527 ms (enqueue 0.014563 ms)
[05/02/2026-11:51:05] [I] Average on 10 runs - GPU latency: 3.87465 ms - Host latency: 4.37825 ms (enqueue 0.0140015 ms)
[05/02/2026-11:51:05] [I] Average on 10 runs - GPU latency: 3.86746 ms - Host latency: 4.3731 ms (enqueue 0.0150757 ms)
[05/02/2026-11:51:05] [I] Average on 10 runs - GPU latency: 3.87073 ms - Host latency: 4.37605 ms (enqueue 0.0140991 ms)
[05/02/2026-11:51:05] [I] Average on 10 runs - GPU latency: 3.87406 ms - Host latency: 4.38529 ms (enqueue 0.0139893 ms)
[05/02/2026-11:51:05] [I] Average on 10 runs - GPU latency: 3.87367 ms - Host latency: 4.37955 ms (enqueue 0.0133423 ms)
[05/02/2026-11:51:05] [I] Average on 10 runs - GPU latency: 3.8705 ms - Host latency: 4.37302 ms (enqueue 0.0139771 ms)
[05/02/2026-11:51:05] [I] Average on 10 runs - GPU latency: 3.87166 ms - Host latency: 4.37622 ms (enqueue 0.0149902 ms)
[05/02/2026-11:51:05] [I] Average on 10 runs - GPU latency: 3.87351 ms - Host latency: 4.37838 ms (enqueue 0.015332 ms)
[05/02/2026-11:51:05] [I] Average on 10 runs - GPU latency: 3.8714 ms - Host latency: 4.37693 ms (enqueue 0.0142944 ms)
[05/02/2026-11:51:05] [I] Average on 10 runs - GPU latency: 3.87076 ms - Host latency: 4.37627 ms (enqueue 0.0143677 ms)
[05/02/2026-11:51:05] [I] Average on 10 runs - GPU latency: 3.8722 ms - Host latency: 4.37919 ms (enqueue 0.0146606 ms)
[05/02/2026-11:51:05] [I] Average on 10 runs - GPU latency: 3.87213 ms - Host latency: 4.37756 ms (enqueue 0.0134033 ms)
[05/02/2026-11:51:05] [I] Average on 10 runs - GPU latency: 3.87417 ms - Host latency: 4.38014 ms (enqueue 0.0133789 ms)
[05/02/2026-11:51:05] [I] Average on 10 runs - GPU latency: 3.87222 ms - Host latency: 4.37758 ms (enqueue 0.0142944 ms)
[05/02/2026-11:51:05] [I] Average on 10 runs - GPU latency: 3.87606 ms - Host latency: 4.38226 ms (enqueue 0.0143311 ms)
[05/02/2026-11:51:05] [I] Average on 10 runs - GPU latency: 3.87324 ms - Host latency: 4.3788 ms (enqueue 0.0143188 ms)
[05/02/2026-11:51:05] [I] Average on 10 runs - GPU latency: 3.87346 ms - Host latency: 4.37814 ms (enqueue 0.0147217 ms)
[05/02/2026-11:51:05] [I] Average on 10 runs - GPU latency: 3.87245 ms - Host latency: 4.37874 ms (enqueue 0.0143921 ms)
[05/02/2026-11:51:05] [I] Average on 10 runs - GPU latency: 3.8761 ms - Host latency: 4.38047 ms (enqueue 0.0141113 ms)
[05/02/2026-11:51:05] [I] Average on 10 runs - GPU latency: 3.87651 ms - Host latency: 4.38491 ms (enqueue 0.0145996 ms)
[05/02/2026-11:51:05] [I] Average on 10 runs - GPU latency: 3.872 ms - Host latency: 4.37881 ms (enqueue 0.014624 ms)
[05/02/2026-11:51:05] [I] Average on 10 runs - GPU latency: 3.87329 ms - Host latency: 4.38096 ms (enqueue 0.0134033 ms)
[05/02/2026-11:51:05] [I] Average on 10 runs - GPU latency: 3.87285 ms - Host latency: 4.37805 ms (enqueue 0.012207 ms)
[05/02/2026-11:51:05] [I] Average on 10 runs - GPU latency: 3.87688 ms - Host latency: 4.38203 ms (enqueue 0.011792 ms)
[05/02/2026-11:51:05] [I] Average on 10 runs - GPU latency: 3.87219 ms - Host latency: 4.37905 ms (enqueue 0.0132324 ms)
[05/02/2026-11:51:05] [I] Average on 10 runs - GPU latency: 3.87141 ms - Host latency: 4.37847 ms (enqueue 0.0134277 ms)
[05/02/2026-11:51:05] [I] Average on 10 runs - GPU latency: 3.87786 ms - Host latency: 4.3854 ms (enqueue 0.012915 ms)
[05/02/2026-11:51:05] [I] Average on 10 runs - GPU latency: 3.87507 ms - Host latency: 4.38186 ms (enqueue 0.0125732 ms)
[05/02/2026-11:51:05] [I] Average on 10 runs - GPU latency: 3.87197 ms - Host latency: 4.37817 ms (enqueue 0.0135986 ms)
[05/02/2026-11:51:05] [I] Average on 10 runs - GPU latency: 3.87634 ms - Host latency: 4.38186 ms (enqueue 0.0132813 ms)
[05/02/2026-11:51:05] [I] Average on 10 runs - GPU latency: 3.87239 ms - Host latency: 4.37817 ms (enqueue 0.0115234 ms)
[05/02/2026-11:51:05] [I] Average on 10 runs - GPU latency: 3.87512 ms - Host latency: 4.37976 ms (enqueue 0.0123291 ms)
[05/02/2026-11:51:05] [I] Average on 10 runs - GPU latency: 3.87349 ms - Host latency: 4.37817 ms (enqueue 0.0128174 ms)
[05/02/2026-11:51:05] [I] Average on 10 runs - GPU latency: 3.87219 ms - Host latency: 4.37905 ms (enqueue 0.0105957 ms)
[05/02/2026-11:51:05] [I] Average on 10 runs - GPU latency: 3.87507 ms - Host latency: 4.38118 ms (enqueue 0.0111084 ms)
[05/02/2026-11:51:05] [I] Average on 10 runs - GPU latency: 3.87463 ms - Host latency: 4.38127 ms (enqueue 0.0113525 ms)
[05/02/2026-11:51:05] [I] Average on 10 runs - GPU latency: 3.87314 ms - Host latency: 4.37915 ms (enqueue 0.0121582 ms)
[05/02/2026-11:51:05] [I] Average on 10 runs - GPU latency: 3.87334 ms - Host latency: 4.37947 ms (enqueue 0.0105469 ms)
[05/02/2026-11:51:05] [I] Average on 10 runs - GPU latency: 3.87397 ms - Host latency: 4.38013 ms (enqueue 0.0125 ms)
[05/02/2026-11:51:05] [I] Average on 10 runs - GPU latency: 3.87463 ms - Host latency: 4.38064 ms (enqueue 0.0160889 ms)
[05/02/2026-11:51:05] [I] Average on 10 runs - GPU latency: 3.86973 ms - Host latency: 4.37344 ms (enqueue 0.013916 ms)
[05/02/2026-11:51:05] [I] Average on 10 runs - GPU latency: 3.87339 ms - Host latency: 4.37725 ms (enqueue 0.0137207 ms)
[05/02/2026-11:51:05] [I] Average on 10 runs - GPU latency: 3.87471 ms - Host latency: 4.38064 ms (enqueue 0.0119873 ms)
[05/02/2026-11:51:05] [I] Average on 10 runs - GPU latency: 3.87161 ms - Host latency: 4.37639 ms (enqueue 0.0134277 ms)
[05/02/2026-11:51:05] [I] Average on 10 runs - GPU latency: 3.86431 ms - Host latency: 4.35894 ms (enqueue 0.0132324 ms)
[05/02/2026-11:51:05] [I] Average on 10 runs - GPU latency: 3.86555 ms - Host latency: 4.35293 ms (enqueue 0.0132813 ms)
[05/02/2026-11:51:05] [I] Average on 10 runs - GPU latency: 3.8762 ms - Host latency: 4.3813 ms (enqueue 0.0114502 ms)
[05/02/2026-11:51:05] [I] Average on 10 runs - GPU latency: 3.87034 ms - Host latency: 4.3748 ms (enqueue 0.0118164 ms)
[05/02/2026-11:51:05] [I] Average on 10 runs - GPU latency: 3.87173 ms - Host latency: 4.37803 ms (enqueue 0.0134521 ms)
[05/02/2026-11:51:05] [I] Average on 10 runs - GPU latency: 3.87371 ms - Host latency: 4.37778 ms (enqueue 0.0131836 ms)
[05/02/2026-11:51:05] [I] Average on 10 runs - GPU latency: 3.86018 ms - Host latency: 4.34919 ms (enqueue 0.013501 ms)
[05/02/2026-11:51:05] [I] Average on 10 runs - GPU latency: 3.87358 ms - Host latency: 4.37139 ms (enqueue 0.0132813 ms)
[05/02/2026-11:51:05] [I] Average on 10 runs - GPU latency: 3.87527 ms - Host latency: 4.38071 ms (enqueue 0.0131348 ms)
[05/02/2026-11:51:05] [I] Average on 10 runs - GPU latency: 3.87542 ms - Host latency: 4.38281 ms (enqueue 0.0131348 ms)
[05/02/2026-11:51:05] [I] Average on 10 runs - GPU latency: 3.87483 ms - Host latency: 4.38171 ms (enqueue 0.0130615 ms)
[05/02/2026-11:51:05] [I] Average on 10 runs - GPU latency: 3.87458 ms - Host latency: 4.38191 ms (enqueue 0.0114014 ms)
[05/02/2026-11:51:05] [I] Average on 10 runs - GPU latency: 3.87058 ms - Host latency: 4.37549 ms (enqueue 0.0113525 ms)
[05/02/2026-11:51:05] [I] Average on 10 runs - GPU latency: 3.87268 ms - Host latency: 4.37925 ms (enqueue 0.0114502 ms)
[05/02/2026-11:51:05] [I] Average on 10 runs - GPU latency: 3.87266 ms - Host latency: 4.37773 ms (enqueue 0.011499 ms)
[05/02/2026-11:51:05] [I] Average on 10 runs - GPU latency: 3.87556 ms - Host latency: 4.38062 ms (enqueue 0.0114746 ms)
[05/02/2026-11:51:05] [I] Average on 10 runs - GPU latency: 3.87366 ms - Host latency: 4.38113 ms (enqueue 0.0114014 ms)
[05/02/2026-11:51:05] [I] Average on 10 runs - GPU latency: 3.87585 ms - Host latency: 4.38384 ms (enqueue 0.0116211 ms)
[05/02/2026-11:51:05] [I] Average on 10 runs - GPU latency: 3.87268 ms - Host latency: 4.37815 ms (enqueue 0.0105225 ms)
[05/02/2026-11:51:05] [I] Average on 10 runs - GPU latency: 3.871 ms - Host latency: 4.37756 ms (enqueue 0.0104492 ms)
[05/02/2026-11:51:05] [I] Average on 10 runs - GPU latency: 3.87361 ms - Host latency: 4.38037 ms (enqueue 0.0110352 ms)
[05/02/2026-11:51:05] [I] Average on 10 runs - GPU latency: 3.87131 ms - Host latency: 4.37734 ms (enqueue 0.0114746 ms)
[05/02/2026-11:51:05] [I] Average on 10 runs - GPU latency: 3.87349 ms - Host latency: 4.38042 ms (enqueue 0.0113037 ms)
[05/02/2026-11:51:05] [I] Average on 10 runs - GPU latency: 3.86807 ms - Host latency: 4.37339 ms (enqueue 0.0107666 ms)
[05/02/2026-11:51:05] [I] Average on 10 runs - GPU latency: 3.87349 ms - Host latency: 4.38096 ms (enqueue 0.0104736 ms)
[05/02/2026-11:51:05] [I] Average on 10 runs - GPU latency: 3.86938 ms - Host latency: 4.37141 ms (enqueue 0.0119141 ms)
[05/02/2026-11:51:05] [I] Average on 10 runs - GPU latency: 3.87012 ms - Host latency: 4.373 ms (enqueue 0.0140381 ms)
[05/02/2026-11:51:05] [I] Average on 10 runs - GPU latency: 3.87847 ms - Host latency: 4.3833 ms (enqueue 0.0117188 ms)
[05/02/2026-11:51:05] [I] Average on 10 runs - GPU latency: 3.87427 ms - Host latency: 4.37988 ms (enqueue 0.0103027 ms)
[05/02/2026-11:51:05] [I] Average on 10 runs - GPU latency: 3.87144 ms - Host latency: 4.37744 ms (enqueue 0.0100586 ms)
[05/02/2026-11:51:05] [I] Average on 10 runs - GPU latency: 3.87593 ms - Host latency: 4.38013 ms (enqueue 0.0101074 ms)
[05/02/2026-11:51:05] [I] Average on 10 runs - GPU latency: 3.86733 ms - Host latency: 4.36016 ms (enqueue 0.0107422 ms)
[05/02/2026-11:51:05] [I] Average on 10 runs - GPU latency: 3.87197 ms - Host latency: 4.37651 ms (enqueue 0.0123535 ms)
[05/02/2026-11:51:05] [I] Average on 10 runs - GPU latency: 3.87427 ms - Host latency: 4.38232 ms (enqueue 0.012207 ms)
[05/02/2026-11:51:05] [I] Average on 10 runs - GPU latency: 3.86763 ms - Host latency: 4.37314 ms (enqueue 0.012793 ms)
[05/02/2026-11:51:05] [I] Average on 10 runs - GPU latency: 3.87207 ms - Host latency: 4.37715 ms (enqueue 0.0123535 ms)
[05/02/2026-11:51:05] [I] Average on 10 runs - GPU latency: 3.87451 ms - Host latency: 4.38145 ms (enqueue 0.014502 ms)
[05/02/2026-11:51:05] [I] Average on 10 runs - GPU latency: 3.87349 ms - Host latency: 4.37925 ms (enqueue 0.0137695 ms)
[05/02/2026-11:51:05] [I] Average on 10 runs - GPU latency: 3.87466 ms - Host latency: 4.37837 ms (enqueue 0.013916 ms)
[05/02/2026-11:51:05] [I] Average on 10 runs - GPU latency: 3.8709 ms - Host latency: 4.37725 ms (enqueue 0.0137207 ms)
[05/02/2026-11:51:05] [I] Average on 10 runs - GPU latency: 3.87456 ms - Host latency: 4.38301 ms (enqueue 0.0119141 ms)
[05/02/2026-11:51:05] [I] Average on 10 runs - GPU latency: 3.87017 ms - Host latency: 4.37441 ms (enqueue 0.011377 ms)
[05/02/2026-11:51:05] [I] Average on 10 runs - GPU latency: 3.87388 ms - Host latency: 4.38081 ms (enqueue 0.0103516 ms)
[05/02/2026-11:51:05] [I] Average on 10 runs - GPU latency: 3.87007 ms - Host latency: 4.37422 ms (enqueue 0.0114746 ms)
[05/02/2026-11:51:05] [I] Average on 10 runs - GPU latency: 3.86924 ms - Host latency: 4.37485 ms (enqueue 0.0124023 ms)
[05/02/2026-11:51:05] [I] Average on 10 runs - GPU latency: 3.87529 ms - Host latency: 4.38076 ms (enqueue 0.012793 ms)
[05/02/2026-11:51:05] [I] Average on 10 runs - GPU latency: 3.86714 ms - Host latency: 4.37275 ms (enqueue 0.0125488 ms)
[05/02/2026-11:51:05] [I] Average on 10 runs - GPU latency: 3.87056 ms - Host latency: 4.37441 ms (enqueue 0.0108398 ms)
[05/02/2026-11:51:05] [I] Average on 10 runs - GPU latency: 3.87144 ms - Host latency: 4.37827 ms (enqueue 0.010791 ms)
[05/02/2026-11:51:05] [I] Average on 10 runs - GPU latency: 3.87695 ms - Host latency: 4.38149 ms (enqueue 0.0110352 ms)
[05/02/2026-11:51:05] [I] Average on 10 runs - GPU latency: 3.87256 ms - Host latency: 4.37939 ms (enqueue 0.0104492 ms)
[05/02/2026-11:51:05] [I] Average on 10 runs - GPU latency: 3.87427 ms - Host latency: 4.37998 ms (enqueue 0.010791 ms)
[05/02/2026-11:51:05] [I] Average on 10 runs - GPU latency: 3.87495 ms - Host latency: 4.38086 ms (enqueue 0.0106934 ms)
[05/02/2026-11:51:05] [I] Average on 10 runs - GPU latency: 3.87139 ms - Host latency: 4.37559 ms (enqueue 0.0105469 ms)
[05/02/2026-11:51:05] [I] Average on 10 runs - GPU latency: 3.87085 ms - Host latency: 4.37524 ms (enqueue 0.0109863 ms)
[05/02/2026-11:51:05] [I] Average on 10 runs - GPU latency: 3.87236 ms - Host latency: 4.3773 ms (enqueue 0.0104492 ms)
[05/02/2026-11:51:05] [I] Average on 10 runs - GPU latency: 3.87378 ms - Host latency: 4.38223 ms (enqueue 0.0107422 ms)
[05/02/2026-11:51:05] [I] Average on 10 runs - GPU latency: 3.87437 ms - Host latency: 4.3791 ms (enqueue 0.0103027 ms)
[05/02/2026-11:51:05] [I] Average on 10 runs - GPU latency: 3.87539 ms - Host latency: 4.38203 ms (enqueue 0.010498 ms)
[05/02/2026-11:51:05] [I] Average on 10 runs - GPU latency: 3.87793 ms - Host latency: 4.38452 ms (enqueue 0.0105957 ms)
[05/02/2026-11:51:05] [I] Average on 10 runs - GPU latency: 3.87041 ms - Host latency: 4.37559 ms (enqueue 0.0108398 ms)
[05/02/2026-11:51:05] [I] Average on 10 runs - GPU latency: 3.88037 ms - Host latency: 4.39346 ms (enqueue 0.010791 ms)
[05/02/2026-11:51:05] [I] Average on 10 runs - GPU latency: 3.88008 ms - Host latency: 4.38911 ms (enqueue 0.0111816 ms)
[05/02/2026-11:51:05] [I] Average on 10 runs - GPU latency: 3.86777 ms - Host latency: 4.37466 ms (enqueue 0.0138672 ms)
[05/02/2026-11:51:05] [I] Average on 10 runs - GPU latency: 3.87217 ms - Host latency: 4.3791 ms (enqueue 0.013916 ms)
[05/02/2026-11:51:05] [I] Average on 10 runs - GPU latency: 3.86963 ms - Host latency: 4.37759 ms (enqueue 0.0128418 ms)
[05/02/2026-11:51:05] [I] Average on 10 runs - GPU latency: 3.87412 ms - Host latency: 4.37949 ms (enqueue 0.0110352 ms)
[05/02/2026-11:51:05] [I] Average on 10 runs - GPU latency: 3.87632 ms - Host latency: 4.38345 ms (enqueue 0.0104492 ms)
[05/02/2026-11:51:05] [I] Average on 10 runs - GPU latency: 3.87495 ms - Host latency: 4.38281 ms (enqueue 0.0104492 ms)
[05/02/2026-11:51:05] [I] Average on 10 runs - GPU latency: 3.87441 ms - Host latency: 4.38213 ms (enqueue 0.0102051 ms)
[05/02/2026-11:51:05] [I] Average on 10 runs - GPU latency: 3.86777 ms - Host latency: 4.37461 ms (enqueue 0.0131836 ms)
[05/02/2026-11:51:05] [I] Average on 10 runs - GPU latency: 3.87056 ms - Host latency: 4.3707 ms (enqueue 0.0115234 ms)
[05/02/2026-11:51:05] [I] Average on 10 runs - GPU latency: 3.87686 ms - Host latency: 4.38208 ms (enqueue 0.0130859 ms)
[05/02/2026-11:51:05] [I] Average on 10 runs - GPU latency: 3.87056 ms - Host latency: 4.37495 ms (enqueue 0.0143066 ms)
[05/02/2026-11:51:05] [I] Average on 10 runs - GPU latency: 3.87383 ms - Host latency: 4.37827 ms (enqueue 0.0118164 ms)
[05/02/2026-11:51:05] [I] Average on 10 runs - GPU latency: 3.87095 ms - Host latency: 4.3771 ms (enqueue 0.0163086 ms)
[05/02/2026-11:51:05] [I] Average on 10 runs - GPU latency: 3.86987 ms - Host latency: 4.37529 ms (enqueue 0.0103516 ms)
[05/02/2026-11:51:05] [I] Average on 10 runs - GPU latency: 3.8727 ms - Host latency: 4.37905 ms (enqueue 0.0105469 ms)
[05/02/2026-11:51:05] [I] Average on 10 runs - GPU latency: 3.87437 ms - Host latency: 4.38066 ms (enqueue 0.0118652 ms)
[05/02/2026-11:51:05] [I] Average on 10 runs - GPU latency: 3.87686 ms - Host latency: 4.38364 ms (enqueue 0.0116699 ms)
[05/02/2026-11:51:05] [I] Average on 10 runs - GPU latency: 3.87793 ms - Host latency: 4.38525 ms (enqueue 0.0105957 ms)
[05/02/2026-11:51:05] [I] Average on 10 runs - GPU latency: 3.87905 ms - Host latency: 4.38667 ms (enqueue 0.0107422 ms)
[05/02/2026-11:51:05] [I] Average on 10 runs - GPU latency: 3.87358 ms - Host latency: 4.38057 ms (enqueue 0.0122559 ms)
[05/02/2026-11:51:05] [I] Average on 10 runs - GPU latency: 3.87461 ms - Host latency: 4.38242 ms (enqueue 0.0108398 ms)
[05/02/2026-11:51:05] [I] Average on 10 runs - GPU latency: 3.87148 ms - Host latency: 4.37676 ms (enqueue 0.0106445 ms)
[05/02/2026-11:51:05] [I] Average on 10 runs - GPU latency: 3.87402 ms - Host latency: 4.38203 ms (enqueue 0.0118164 ms)
[05/02/2026-11:51:05] [I] Average on 10 runs - GPU latency: 3.87412 ms - Host latency: 4.38062 ms (enqueue 0.0124023 ms)
[05/02/2026-11:51:05] [I] Average on 10 runs - GPU latency: 3.873 ms - Host latency: 4.37969 ms (enqueue 0.0104004 ms)
[05/02/2026-11:51:05] [I] Average on 10 runs - GPU latency: 3.87969 ms - Host latency: 4.38818 ms (enqueue 0.0125488 ms)
[05/02/2026-11:51:05] [I] Average on 10 runs - GPU latency: 3.87305 ms - Host latency: 4.37905 ms (enqueue 0.0147461 ms)
[05/02/2026-11:51:05] [I] Average on 10 runs - GPU latency: 3.87412 ms - Host latency: 4.38032 ms (enqueue 0.0140625 ms)
[05/02/2026-11:51:05] [I] Average on 10 runs - GPU latency: 3.87114 ms - Host latency: 4.37725 ms (enqueue 0.0115234 ms)
[05/02/2026-11:51:05] [I] Average on 10 runs - GPU latency: 3.87715 ms - Host latency: 4.38535 ms (enqueue 0.0108887 ms)
[05/02/2026-11:51:05] [I] Average on 10 runs - GPU latency: 3.87305 ms - Host latency: 4.37974 ms (enqueue 0.0110352 ms)
[05/02/2026-11:51:05] [I] Average on 10 runs - GPU latency: 3.87251 ms - Host latency: 4.37964 ms (enqueue 0.0115234 ms)
[05/02/2026-11:51:05] [I] Average on 10 runs - GPU latency: 3.87598 ms - Host latency: 4.38354 ms (enqueue 0.011084 ms)
[05/02/2026-11:51:05] [I] Average on 10 runs - GPU latency: 3.87334 ms - Host latency: 4.37842 ms (enqueue 0.0140625 ms)
[05/02/2026-11:51:05] [I] Average on 10 runs - GPU latency: 3.87202 ms - Host latency: 4.37686 ms (enqueue 0.0129883 ms)
[05/02/2026-11:51:05] [I] Average on 10 runs - GPU latency: 3.86875 ms - Host latency: 4.37666 ms (enqueue 0.0117676 ms)
[05/02/2026-11:51:05] [I] Average on 10 runs - GPU latency: 3.8727 ms - Host latency: 4.37881 ms (enqueue 0.0116699 ms)
[05/02/2026-11:51:05] [I] Average on 10 runs - GPU latency: 3.86846 ms - Host latency: 4.37236 ms (enqueue 0.011377 ms)
[05/02/2026-11:51:05] [I] Average on 10 runs - GPU latency: 3.87085 ms - Host latency: 4.3749 ms (enqueue 0.0116699 ms)
[05/02/2026-11:51:05] [I] Average on 10 runs - GPU latency: 3.86782 ms - Host latency: 4.37056 ms (enqueue 0.0106445 ms)
[05/02/2026-11:51:05] [I] Average on 10 runs - GPU latency: 3.87075 ms - Host latency: 4.37539 ms (enqueue 0.0100586 ms)
[05/02/2026-11:51:05] [I] Average on 10 runs - GPU latency: 3.8728 ms - Host latency: 4.3773 ms (enqueue 0.0125 ms)
[05/02/2026-11:51:05] [I] Average on 10 runs - GPU latency: 3.87075 ms - Host latency: 4.37515 ms (enqueue 0.0107422 ms)
[05/02/2026-11:51:05] [I] Average on 10 runs - GPU latency: 3.8709 ms - Host latency: 4.37529 ms (enqueue 0.0105957 ms)
[05/02/2026-11:51:05] [I] Average on 10 runs - GPU latency: 3.87241 ms - Host latency: 4.37666 ms (enqueue 0.0105957 ms)
[05/02/2026-11:51:05] [I] Average on 10 runs - GPU latency: 3.87485 ms - Host latency: 4.38105 ms (enqueue 0.0103516 ms)
[05/02/2026-11:51:05] [I] Average on 10 runs - GPU latency: 3.86694 ms - Host latency: 4.36348 ms (enqueue 0.0102539 ms)
[05/02/2026-11:51:05] [I] Average on 10 runs - GPU latency: 3.87236 ms - Host latency: 4.37783 ms (enqueue 0.010498 ms)
[05/02/2026-11:51:05] [I] Average on 10 runs - GPU latency: 3.87549 ms - Host latency: 4.38062 ms (enqueue 0.0108887 ms)
[05/02/2026-11:51:05] [I] Average on 10 runs - GPU latency: 3.87744 ms - Host latency: 4.38384 ms (enqueue 0.00991211 ms)
[05/02/2026-11:51:05] [I] Average on 10 runs - GPU latency: 3.87065 ms - Host latency: 4.37563 ms (enqueue 0.0102051 ms)
[05/02/2026-11:51:05] [I] Average on 10 runs - GPU latency: 3.87329 ms - Host latency: 4.37783 ms (enqueue 0.0101562 ms)
[05/02/2026-11:51:05] [I] Average on 10 runs - GPU latency: 3.87217 ms - Host latency: 4.37627 ms (enqueue 0.0104004 ms)
[05/02/2026-11:51:05] [I] Average on 10 runs - GPU latency: 3.87695 ms - Host latency: 4.38359 ms (enqueue 0.0102051 ms)
[05/02/2026-11:51:05] [I] Average on 10 runs - GPU latency: 3.87358 ms - Host latency: 4.37783 ms (enqueue 0.0115723 ms)
[05/02/2026-11:51:05] [I] Average on 10 runs - GPU latency: 3.871 ms - Host latency: 4.37529 ms (enqueue 0.0134766 ms)
[05/02/2026-11:51:05] [I] Average on 10 runs - GPU latency: 3.87344 ms - Host latency: 4.37798 ms (enqueue 0.0114258 ms)
[05/02/2026-11:51:05] [I] Average on 10 runs - GPU latency: 3.87437 ms - Host latency: 4.379 ms (enqueue 0.0151367 ms)
[05/02/2026-11:51:05] [I] Average on 10 runs - GPU latency: 3.87241 ms - Host latency: 4.37769 ms (enqueue 0.010791 ms)
[05/02/2026-11:51:05] [I] Average on 10 runs - GPU latency: 3.87051 ms - Host latency: 4.37524 ms (enqueue 0.0108887 ms)
[05/02/2026-11:51:05] [I] Average on 10 runs - GPU latency: 3.87412 ms - Host latency: 4.37969 ms (enqueue 0.0105469 ms)
[05/02/2026-11:51:05] [I] Average on 10 runs - GPU latency: 3.87095 ms - Host latency: 4.37578 ms (enqueue 0.0103516 ms)
[05/02/2026-11:51:05] [I] Average on 10 runs - GPU latency: 3.87627 ms - Host latency: 4.38218 ms (enqueue 0.0108398 ms)
[05/02/2026-11:51:05] [I] Average on 10 runs - GPU latency: 3.87437 ms - Host latency: 4.38169 ms (enqueue 0.010498 ms)
[05/02/2026-11:51:05] [I] Average on 10 runs - GPU latency: 3.87051 ms - Host latency: 4.37402 ms (enqueue 0.0105469 ms)
[05/02/2026-11:51:05] [I] Average on 10 runs - GPU latency: 3.87578 ms - Host latency: 4.38145 ms (enqueue 0.0109375 ms)
[05/02/2026-11:51:05] [I] Average on 10 runs - GPU latency: 3.86768 ms - Host latency: 4.37368 ms (enqueue 0.0106445 ms)
[05/02/2026-11:51:05] [I] Average on 10 runs - GPU latency: 3.8729 ms - Host latency: 4.37715 ms (enqueue 0.010498 ms)
[05/02/2026-11:51:05] [I] Average on 10 runs - GPU latency: 3.873 ms - Host latency: 4.37959 ms (enqueue 0.0105957 ms)
[05/02/2026-11:51:05] [I] Average on 10 runs - GPU latency: 3.87612 ms - Host latency: 4.38193 ms (enqueue 0.0104492 ms)
[05/02/2026-11:51:05] [I] Average on 10 runs - GPU latency: 3.87432 ms - Host latency: 4.37803 ms (enqueue 0.012207 ms)
[05/02/2026-11:51:05] [I] ... Omitting 3760 lines
[05/02/2026-11:51:05] [I] Average on 10 runs - GPU latency: 3.85625 ms - Host latency: 4.35977 ms (enqueue 0.0101562 ms)
[05/02/2026-11:51:05] [I] Average on 10 runs - GPU latency: 3.8627 ms - Host latency: 4.36816 ms (enqueue 0.00996094 ms)
[05/02/2026-11:51:05] [I] Average on 10 runs - GPU latency: 3.85723 ms - Host latency: 4.36172 ms (enqueue 0.0107422 ms)
[05/02/2026-11:51:05] [I] Average on 10 runs - GPU latency: 3.85781 ms - Host latency: 4.36211 ms (enqueue 0.0103516 ms)
[05/02/2026-11:51:05] [I] Average on 10 runs - GPU latency: 3.85664 ms - Host latency: 4.36309 ms (enqueue 0.00957031 ms)
[05/02/2026-11:51:05] [I] Average on 10 runs - GPU latency: 3.86055 ms - Host latency: 4.3666 ms (enqueue 0.0101562 ms)
[05/02/2026-11:51:05] [I] Average on 10 runs - GPU latency: 3.85684 ms - Host latency: 4.36426 ms (enqueue 0.0103516 ms)
[05/02/2026-11:51:05] [I] Average on 10 runs - GPU latency: 3.85938 ms - Host latency: 4.36445 ms (enqueue 0.0101562 ms)
[05/02/2026-11:51:05] [I] Average on 10 runs - GPU latency: 3.8541 ms - Host latency: 4.3582 ms (enqueue 0.0115234 ms)
[05/02/2026-11:51:05] [I] Average on 10 runs - GPU latency: 3.85859 ms - Host latency: 4.36035 ms (enqueue 0.0123047 ms)
[05/02/2026-11:51:05] [I] Average on 10 runs - GPU latency: 3.85781 ms - Host latency: 4.36055 ms (enqueue 0.0111328 ms)
[05/02/2026-11:51:05] [I] Average on 10 runs - GPU latency: 3.8582 ms - Host latency: 4.35996 ms (enqueue 0.0134766 ms)
[05/02/2026-11:51:05] [I] Average on 10 runs - GPU latency: 3.85781 ms - Host latency: 4.3625 ms (enqueue 0.0103516 ms)
[05/02/2026-11:51:05] [I] Average on 10 runs - GPU latency: 3.85859 ms - Host latency: 4.36309 ms (enqueue 0.0121094 ms)
[05/02/2026-11:51:05] [I] Average on 10 runs - GPU latency: 3.86133 ms - Host latency: 4.36582 ms (enqueue 0.0123047 ms)
[05/02/2026-11:51:05] [I] Average on 10 runs - GPU latency: 3.85645 ms - Host latency: 4.36094 ms (enqueue 0.0111328 ms)
[05/02/2026-11:51:05] [I] Average on 10 runs - GPU latency: 3.85645 ms - Host latency: 4.35938 ms (enqueue 0.0119141 ms)
[05/02/2026-11:51:05] [I] Average on 10 runs - GPU latency: 3.85879 ms - Host latency: 4.36367 ms (enqueue 0.0117188 ms)
[05/02/2026-11:51:05] [I] Average on 10 runs - GPU latency: 3.85742 ms - Host latency: 4.36289 ms (enqueue 0.0105469 ms)
[05/02/2026-11:51:05] [I] Average on 10 runs - GPU latency: 3.85469 ms - Host latency: 4.36035 ms (enqueue 0.0115234 ms)
[05/02/2026-11:51:05] [I] Average on 10 runs - GPU latency: 3.85742 ms - Host latency: 4.36191 ms (enqueue 0.0101562 ms)
[05/02/2026-11:51:05] [I] Average on 10 runs - GPU latency: 3.86094 ms - Host latency: 4.36504 ms (enqueue 0.00957031 ms)
[05/02/2026-11:51:05] [I] Average on 10 runs - GPU latency: 3.85605 ms - Host latency: 4.35918 ms (enqueue 0.0109375 ms)
[05/02/2026-11:51:05] [I] Average on 10 runs - GPU latency: 3.85781 ms - Host latency: 4.36113 ms (enqueue 0.0103516 ms)
[05/02/2026-11:51:05] [I] Average on 10 runs - GPU latency: 3.85684 ms - Host latency: 4.36367 ms (enqueue 0.0132813 ms)
[05/02/2026-11:51:05] [I] Average on 10 runs - GPU latency: 3.85996 ms - Host latency: 4.36504 ms (enqueue 0.0107422 ms)
[05/02/2026-11:51:05] [I] Average on 10 runs - GPU latency: 3.8541 ms - Host latency: 4.35859 ms (enqueue 0.0111328 ms)
[05/02/2026-11:51:05] [I] Average on 10 runs - GPU latency: 3.85879 ms - Host latency: 4.36309 ms (enqueue 0.0103516 ms)
[05/02/2026-11:51:05] [I] Average on 10 runs - GPU latency: 3.85547 ms - Host latency: 4.35898 ms (enqueue 0.00976562 ms)
[05/02/2026-11:51:05] [I] Average on 10 runs - GPU latency: 3.85547 ms - Host latency: 4.36074 ms (enqueue 0.0105469 ms)
[05/02/2026-11:51:05] [I] Average on 10 runs - GPU latency: 3.85586 ms - Host latency: 4.36074 ms (enqueue 0.0103516 ms)
[05/02/2026-11:51:05] [I] Average on 10 runs - GPU latency: 3.85664 ms - Host latency: 4.36289 ms (enqueue 0.0101562 ms)
[05/02/2026-11:51:05] [I] Average on 10 runs - GPU latency: 3.86113 ms - Host latency: 4.36855 ms (enqueue 0.0105469 ms)
[05/02/2026-11:51:05] [I] Average on 10 runs - GPU latency: 3.85879 ms - Host latency: 4.36309 ms (enqueue 0.0105469 ms)
[05/02/2026-11:51:05] [I] Average on 10 runs - GPU latency: 3.85605 ms - Host latency: 4.35996 ms (enqueue 0.0128906 ms)
[05/02/2026-11:51:05] [I] Average on 10 runs - GPU latency: 3.86016 ms - Host latency: 4.36387 ms (enqueue 0.0144531 ms)
[05/02/2026-11:51:05] [I] Average on 10 runs - GPU latency: 3.8582 ms - Host latency: 4.36426 ms (enqueue 0.0119141 ms)
[05/02/2026-11:51:05] [I] Average on 10 runs - GPU latency: 3.85801 ms - Host latency: 4.36387 ms (enqueue 0.0119141 ms)
[05/02/2026-11:51:05] [I] Average on 10 runs - GPU latency: 3.8584 ms - Host latency: 4.36328 ms (enqueue 0.0107422 ms)
[05/02/2026-11:51:05] [I] Average on 10 runs - GPU latency: 3.85742 ms - Host latency: 4.36152 ms (enqueue 0.0121094 ms)
[05/02/2026-11:51:05] [I] Average on 10 runs - GPU latency: 3.85723 ms - Host latency: 4.3627 ms (enqueue 0.0128906 ms)
[05/02/2026-11:51:05] [I] Average on 10 runs - GPU latency: 3.86016 ms - Host latency: 4.36621 ms (enqueue 0.0134766 ms)
[05/02/2026-11:51:05] [I] Average on 10 runs - GPU latency: 3.85273 ms - Host latency: 4.35723 ms (enqueue 0.0140625 ms)
[05/02/2026-11:51:05] [I] Average on 10 runs - GPU latency: 3.85723 ms - Host latency: 4.36172 ms (enqueue 0.0140625 ms)
[05/02/2026-11:51:05] [I] Average on 10 runs - GPU latency: 3.85762 ms - Host latency: 4.36348 ms (enqueue 0.0123047 ms)
[05/02/2026-11:51:05] [I] Average on 10 runs - GPU latency: 3.85918 ms - Host latency: 4.36445 ms (enqueue 0.0117188 ms)
[05/02/2026-11:51:05] [I] Average on 10 runs - GPU latency: 3.85664 ms - Host latency: 4.36172 ms (enqueue 0.0126953 ms)
[05/02/2026-11:51:05] [I] Average on 10 runs - GPU latency: 3.8541 ms - Host latency: 4.36016 ms (enqueue 0.0109375 ms)
[05/02/2026-11:51:05] [I] Average on 10 runs - GPU latency: 3.8584 ms - Host latency: 4.36367 ms (enqueue 0.0121094 ms)
[05/02/2026-11:51:05] [I] Average on 10 runs - GPU latency: 3.85957 ms - Host latency: 4.3623 ms (enqueue 0.0113281 ms)
[05/02/2026-11:51:05] [I] Average on 10 runs - GPU latency: 3.86094 ms - Host latency: 4.36523 ms (enqueue 0.0123047 ms)
[05/02/2026-11:51:05] [I] Average on 10 runs - GPU latency: 3.8582 ms - Host latency: 4.36367 ms (enqueue 0.0119141 ms)
[05/02/2026-11:51:05] [I] Average on 10 runs - GPU latency: 3.85547 ms - Host latency: 4.35938 ms (enqueue 0.0123047 ms)
[05/02/2026-11:51:05] [I] Average on 10 runs - GPU latency: 3.86094 ms - Host latency: 4.3666 ms (enqueue 0.0111328 ms)
[05/02/2026-11:51:05] [I] Average on 10 runs - GPU latency: 3.86133 ms - Host latency: 4.36621 ms (enqueue 0.0113281 ms)
[05/02/2026-11:51:05] [I] Average on 10 runs - GPU latency: 3.85566 ms - Host latency: 4.36055 ms (enqueue 0.0128906 ms)
[05/02/2026-11:51:05] [I] Average on 10 runs - GPU latency: 3.85723 ms - Host latency: 4.36133 ms (enqueue 0.0130859 ms)
[05/02/2026-11:51:05] [I] Average on 10 runs - GPU latency: 3.86055 ms - Host latency: 4.36641 ms (enqueue 0.0119141 ms)
[05/02/2026-11:51:05] [I] Average on 10 runs - GPU latency: 3.86055 ms - Host latency: 4.36523 ms (enqueue 0.0128906 ms)
[05/02/2026-11:51:05] [I] Average on 10 runs - GPU latency: 3.86133 ms - Host latency: 4.3666 ms (enqueue 0.0111328 ms)
[05/02/2026-11:51:05] [I] Average on 10 runs - GPU latency: 3.86172 ms - Host latency: 4.36914 ms (enqueue 0.0111328 ms)
[05/02/2026-11:51:05] [I] Average on 10 runs - GPU latency: 3.85996 ms - Host latency: 4.36602 ms (enqueue 0.0107422 ms)
[05/02/2026-11:51:05] [I] Average on 10 runs - GPU latency: 3.86387 ms - Host latency: 4.36992 ms (enqueue 0.0105469 ms)
[05/02/2026-11:51:05] [I] Average on 10 runs - GPU latency: 3.85898 ms - Host latency: 4.36523 ms (enqueue 0.0107422 ms)
[05/02/2026-11:51:05] [I] Average on 10 runs - GPU latency: 3.85762 ms - Host latency: 4.36309 ms (enqueue 0.0107422 ms)
[05/02/2026-11:51:05] [I] Average on 10 runs - GPU latency: 3.85879 ms - Host latency: 4.36465 ms (enqueue 0.0101562 ms)
[05/02/2026-11:51:05] [I] Average on 10 runs - GPU latency: 3.86152 ms - Host latency: 4.36797 ms (enqueue 0.0103516 ms)
[05/02/2026-11:51:05] [I] Average on 10 runs - GPU latency: 3.85801 ms - Host latency: 4.36445 ms (enqueue 0.0107422 ms)
[05/02/2026-11:51:05] [I] Average on 10 runs - GPU latency: 3.85664 ms - Host latency: 4.3623 ms (enqueue 0.0111328 ms)
[05/02/2026-11:51:05] [I] Average on 10 runs - GPU latency: 3.85898 ms - Host latency: 4.36445 ms (enqueue 0.0109375 ms)
[05/02/2026-11:51:05] [I] Average on 10 runs - GPU latency: 3.86055 ms - Host latency: 4.36562 ms (enqueue 0.0119141 ms)
[05/02/2026-11:51:05] [I] Average on 10 runs - GPU latency: 3.85762 ms - Host latency: 4.36445 ms (enqueue 0.0113281 ms)
[05/02/2026-11:51:05] [I] Average on 10 runs - GPU latency: 3.85898 ms - Host latency: 4.3666 ms (enqueue 0.0105469 ms)
[05/02/2026-11:51:05] [I] Average on 10 runs - GPU latency: 3.86289 ms - Host latency: 4.36934 ms (enqueue 0.0105469 ms)
[05/02/2026-11:51:05] [I] Average on 10 runs - GPU latency: 3.85977 ms - Host latency: 4.36562 ms (enqueue 0.0103516 ms)
[05/02/2026-11:51:05] [I] Average on 10 runs - GPU latency: 3.86035 ms - Host latency: 4.36836 ms (enqueue 0.0103516 ms)
[05/02/2026-11:51:05] [I] Average on 10 runs - GPU latency: 3.85762 ms - Host latency: 4.36016 ms (enqueue 0.00976562 ms)
[05/02/2026-11:51:05] [I] Average on 10 runs - GPU latency: 3.85742 ms - Host latency: 4.3625 ms (enqueue 0.0107422 ms)
[05/02/2026-11:51:05] [I] Average on 10 runs - GPU latency: 3.86055 ms - Host latency: 4.36719 ms (enqueue 0.00996094 ms)
[05/02/2026-11:51:05] [I] Average on 10 runs - GPU latency: 3.85488 ms - Host latency: 4.36094 ms (enqueue 0.0123047 ms)
[05/02/2026-11:51:05] [I] Average on 10 runs - GPU latency: 3.85957 ms - Host latency: 4.36641 ms (enqueue 0.0107422 ms)
[05/02/2026-11:51:05] [I] Average on 10 runs - GPU latency: 3.85625 ms - Host latency: 4.36387 ms (enqueue 0.0109375 ms)
[05/02/2026-11:51:05] [I] Average on 10 runs - GPU latency: 3.85313 ms - Host latency: 4.36016 ms (enqueue 0.0123047 ms)
[05/02/2026-11:51:05] [I] Average on 10 runs - GPU latency: 3.85918 ms - Host latency: 4.36797 ms (enqueue 0.0132813 ms)
[05/02/2026-11:51:05] [I] Average on 10 runs - GPU latency: 3.85625 ms - Host latency: 4.36309 ms (enqueue 0.0140625 ms)
[05/02/2026-11:51:05] [I] Average on 10 runs - GPU latency: 3.85449 ms - Host latency: 4.35918 ms (enqueue 0.0115234 ms)
[05/02/2026-11:51:05] [I] Average on 10 runs - GPU latency: 3.85938 ms - Host latency: 4.3668 ms (enqueue 0.0109375 ms)
[05/02/2026-11:51:05] [I] Average on 10 runs - GPU latency: 3.8584 ms - Host latency: 4.36562 ms (enqueue 0.0109375 ms)
[05/02/2026-11:51:05] [I] Average on 10 runs - GPU latency: 3.8584 ms - Host latency: 4.36582 ms (enqueue 0.0113281 ms)
[05/02/2026-11:51:05] [I] Average on 10 runs - GPU latency: 3.85957 ms - Host latency: 4.36543 ms (enqueue 0.0117188 ms)
[05/02/2026-11:51:05] [I] Average on 10 runs - GPU latency: 3.86191 ms - Host latency: 4.36797 ms (enqueue 0.0111328 ms)
[05/02/2026-11:51:05] [I] Average on 10 runs - GPU latency: 3.85977 ms - Host latency: 4.36367 ms (enqueue 0.0105469 ms)
[05/02/2026-11:51:05] [I] Average on 10 runs - GPU latency: 3.85859 ms - Host latency: 4.36289 ms (enqueue 0.0107422 ms)
[05/02/2026-11:51:05] [I] Average on 10 runs - GPU latency: 3.86191 ms - Host latency: 4.36875 ms (enqueue 0.0109375 ms)
[05/02/2026-11:51:05] [I] Average on 10 runs - GPU latency: 3.85664 ms - Host latency: 4.36172 ms (enqueue 0.0119141 ms)
[05/02/2026-11:51:05] [I] Average on 10 runs - GPU latency: 3.86074 ms - Host latency: 4.36777 ms (enqueue 0.0125 ms)
[05/02/2026-11:51:05] [I] Average on 10 runs - GPU latency: 3.85566 ms - Host latency: 4.36191 ms (enqueue 0.0117188 ms)
[05/02/2026-11:51:05] [I] Average on 10 runs - GPU latency: 3.86074 ms - Host latency: 4.3668 ms (enqueue 0.0111328 ms)
[05/02/2026-11:51:05] [I] Average on 10 runs - GPU latency: 3.85938 ms - Host latency: 4.36504 ms (enqueue 0.0115234 ms)
[05/02/2026-11:51:05] [I] Average on 10 runs - GPU latency: 3.86152 ms - Host latency: 4.36914 ms (enqueue 0.0113281 ms)
[05/02/2026-11:51:05] [I] Average on 10 runs - GPU latency: 3.85898 ms - Host latency: 4.36465 ms (enqueue 0.0101562 ms)
[05/02/2026-11:51:05] [I] Average on 10 runs - GPU latency: 3.85957 ms - Host latency: 4.3666 ms (enqueue 0.0105469 ms)
[05/02/2026-11:51:05] [I] Average on 10 runs - GPU latency: 3.85645 ms - Host latency: 4.3623 ms (enqueue 0.0115234 ms)
[05/02/2026-11:51:05] [I] Average on 10 runs - GPU latency: 3.86152 ms - Host latency: 4.36738 ms (enqueue 0.0113281 ms)
[05/02/2026-11:51:05] [I] Average on 10 runs - GPU latency: 3.86035 ms - Host latency: 4.36621 ms (enqueue 0.0113281 ms)
[05/02/2026-11:51:05] [I] Average on 10 runs - GPU latency: 3.86016 ms - Host latency: 4.3666 ms (enqueue 0.0117188 ms)
[05/02/2026-11:51:05] [I] Average on 10 runs - GPU latency: 3.85625 ms - Host latency: 4.3627 ms (enqueue 0.0103516 ms)
[05/02/2026-11:51:05] [I] Average on 10 runs - GPU latency: 3.85645 ms - Host latency: 4.36055 ms (enqueue 0.0105469 ms)
[05/02/2026-11:51:05] [I] Average on 10 runs - GPU latency: 3.85684 ms - Host latency: 4.3625 ms (enqueue 0.0103516 ms)
[05/02/2026-11:51:05] [I] Average on 10 runs - GPU latency: 3.85918 ms - Host latency: 4.36484 ms (enqueue 0.0107422 ms)
[05/02/2026-11:51:05] [I] Average on 10 runs - GPU latency: 3.85859 ms - Host latency: 4.36562 ms (enqueue 0.0113281 ms)
[05/02/2026-11:51:05] [I] Average on 10 runs - GPU latency: 3.86113 ms - Host latency: 4.36777 ms (enqueue 0.0117188 ms)
[05/02/2026-11:51:05] [I] Average on 10 runs - GPU latency: 3.85742 ms - Host latency: 4.36582 ms (enqueue 0.0113281 ms)
[05/02/2026-11:51:05] [I] Average on 10 runs - GPU latency: 3.85898 ms - Host latency: 4.36562 ms (enqueue 0.0113281 ms)
[05/02/2026-11:51:05] [I] Average on 10 runs - GPU latency: 3.85938 ms - Host latency: 4.36738 ms (enqueue 0.0117188 ms)
[05/02/2026-11:51:05] [I] Average on 10 runs - GPU latency: 3.85977 ms - Host latency: 4.36602 ms (enqueue 0.0113281 ms)
[05/02/2026-11:51:05] [I] Average on 10 runs - GPU latency: 3.8627 ms - Host latency: 4.36992 ms (enqueue 0.0111328 ms)
[05/02/2026-11:51:05] [I] Average on 10 runs - GPU latency: 3.85938 ms - Host latency: 4.36621 ms (enqueue 0.0117188 ms)
[05/02/2026-11:51:05] [I] Average on 10 runs - GPU latency: 3.85566 ms - Host latency: 4.36289 ms (enqueue 0.0121094 ms)
[05/02/2026-11:51:05] [I] Average on 10 runs - GPU latency: 3.86074 ms - Host latency: 4.36836 ms (enqueue 0.0109375 ms)
[05/02/2026-11:51:05] [I] Average on 10 runs - GPU latency: 3.86191 ms - Host latency: 4.36895 ms (enqueue 0.0117188 ms)
[05/02/2026-11:51:05] [I] Average on 10 runs - GPU latency: 3.8627 ms - Host latency: 4.37109 ms (enqueue 0.0119141 ms)
[05/02/2026-11:51:05] [I] Average on 10 runs - GPU latency: 3.85898 ms - Host latency: 4.36641 ms (enqueue 0.0115234 ms)
[05/02/2026-11:51:05] [I] Average on 10 runs - GPU latency: 3.8541 ms - Host latency: 4.36133 ms (enqueue 0.0119141 ms)
[05/02/2026-11:51:05] [I] Average on 10 runs - GPU latency: 3.85645 ms - Host latency: 4.36289 ms (enqueue 0.0121094 ms)
[05/02/2026-11:51:05] [I] Average on 10 runs - GPU latency: 3.86094 ms - Host latency: 4.36758 ms (enqueue 0.0128906 ms)
[05/02/2026-11:51:05] [I] Average on 10 runs - GPU latency: 3.85605 ms - Host latency: 4.35957 ms (enqueue 0.0121094 ms)
[05/02/2026-11:51:05] [I] Average on 10 runs - GPU latency: 3.85996 ms - Host latency: 4.36699 ms (enqueue 0.0119141 ms)
[05/02/2026-11:51:05] [I] Average on 10 runs - GPU latency: 3.85918 ms - Host latency: 4.36523 ms (enqueue 0.0117188 ms)
[05/02/2026-11:51:05] [I] Average on 10 runs - GPU latency: 3.8627 ms - Host latency: 4.36914 ms (enqueue 0.0119141 ms)
[05/02/2026-11:51:05] [I] Average on 10 runs - GPU latency: 3.86211 ms - Host latency: 4.36914 ms (enqueue 0.0123047 ms)
[05/02/2026-11:51:05] [I] Average on 10 runs - GPU latency: 3.85762 ms - Host latency: 4.36406 ms (enqueue 0.0105469 ms)
[05/02/2026-11:51:05] [I] Average on 10 runs - GPU latency: 3.85977 ms - Host latency: 4.3668 ms (enqueue 0.0115234 ms)
[05/02/2026-11:51:05] [I] Average on 10 runs - GPU latency: 3.85977 ms - Host latency: 4.36641 ms (enqueue 0.0109375 ms)
[05/02/2026-11:51:05] [I] Average on 10 runs - GPU latency: 3.85977 ms - Host latency: 4.36797 ms (enqueue 0.0107422 ms)
[05/02/2026-11:51:05] [I] Average on 10 runs - GPU latency: 3.85469 ms - Host latency: 4.36094 ms (enqueue 0.0123047 ms)
[05/02/2026-11:51:05] [I] Average on 10 runs - GPU latency: 3.85801 ms - Host latency: 4.36172 ms (enqueue 0.0134766 ms)
[05/02/2026-11:51:05] [I] Average on 10 runs - GPU latency: 3.86074 ms - Host latency: 4.3668 ms (enqueue 0.0130859 ms)
[05/02/2026-11:51:05] [I] Average on 10 runs - GPU latency: 3.85801 ms - Host latency: 4.36582 ms (enqueue 0.0115234 ms)
[05/02/2026-11:51:05] [I] Average on 10 runs - GPU latency: 3.85723 ms - Host latency: 4.3627 ms (enqueue 0.0119141 ms)
[05/02/2026-11:51:05] [I] Average on 10 runs - GPU latency: 3.85605 ms - Host latency: 4.36191 ms (enqueue 0.0113281 ms)
[05/02/2026-11:51:05] [I] Average on 10 runs - GPU latency: 3.85684 ms - Host latency: 4.36191 ms (enqueue 0.0125 ms)
[05/02/2026-11:51:05] [I] Average on 10 runs - GPU latency: 3.8625 ms - Host latency: 4.37031 ms (enqueue 0.0130859 ms)
[05/02/2026-11:51:05] [I] Average on 10 runs - GPU latency: 3.85684 ms - Host latency: 4.36172 ms (enqueue 0.0126953 ms)
[05/02/2026-11:51:05] [I] Average on 10 runs - GPU latency: 3.85547 ms - Host latency: 4.36113 ms (enqueue 0.0132813 ms)
[05/02/2026-11:51:05] [I] Average on 10 runs - GPU latency: 3.86133 ms - Host latency: 4.36934 ms (enqueue 0.0132813 ms)
[05/02/2026-11:51:05] [I] Average on 10 runs - GPU latency: 3.8582 ms - Host latency: 4.36406 ms (enqueue 0.0125 ms)
[05/02/2026-11:51:05] [I] Average on 10 runs - GPU latency: 3.85566 ms - Host latency: 4.3627 ms (enqueue 0.0134766 ms)
[05/02/2026-11:51:05] [I] Average on 10 runs - GPU latency: 3.86348 ms - Host latency: 4.37051 ms (enqueue 0.0130859 ms)
[05/02/2026-11:51:05] [I] Average on 10 runs - GPU latency: 3.86133 ms - Host latency: 4.36895 ms (enqueue 0.0136719 ms)
[05/02/2026-11:51:05] [I] Average on 10 runs - GPU latency: 3.85762 ms - Host latency: 4.36191 ms (enqueue 0.0132813 ms)
[05/02/2026-11:51:05] [I] Average on 10 runs - GPU latency: 3.85957 ms - Host latency: 4.36562 ms (enqueue 0.0134766 ms)
[05/02/2026-11:51:05] [I] Average on 10 runs - GPU latency: 3.85977 ms - Host latency: 4.36621 ms (enqueue 0.0134766 ms)
[05/02/2026-11:51:05] [I] Average on 10 runs - GPU latency: 3.85723 ms - Host latency: 4.36328 ms (enqueue 0.0126953 ms)
[05/02/2026-11:51:05] [I] Average on 10 runs - GPU latency: 3.85996 ms - Host latency: 4.36719 ms (enqueue 0.0138672 ms)
[05/02/2026-11:51:05] [I] Average on 10 runs - GPU latency: 3.85586 ms - Host latency: 4.36094 ms (enqueue 0.00996094 ms)
[05/02/2026-11:51:05] [I] Average on 10 runs - GPU latency: 3.85898 ms - Host latency: 4.36387 ms (enqueue 0.00996094 ms)
[05/02/2026-11:51:05] [I] Average on 10 runs - GPU latency: 3.85234 ms - Host latency: 4.35801 ms (enqueue 0.0109375 ms)
[05/02/2026-11:51:05] [I] Average on 10 runs - GPU latency: 3.85664 ms - Host latency: 4.36172 ms (enqueue 0.0119141 ms)
[05/02/2026-11:51:05] [I] Average on 10 runs - GPU latency: 3.85586 ms - Host latency: 4.35977 ms (enqueue 0.0103516 ms)
[05/02/2026-11:51:05] [I] Average on 10 runs - GPU latency: 3.85293 ms - Host latency: 4.35801 ms (enqueue 0.0107422 ms)
[05/02/2026-11:51:05] [I] Average on 10 runs - GPU latency: 3.85938 ms - Host latency: 4.36699 ms (enqueue 0.0115234 ms)
[05/02/2026-11:51:05] [I] Average on 10 runs - GPU latency: 3.85391 ms - Host latency: 4.35996 ms (enqueue 0.0117188 ms)
[05/02/2026-11:51:05] [I] Average on 10 runs - GPU latency: 3.85508 ms - Host latency: 4.36016 ms (enqueue 0.0142578 ms)
[05/02/2026-11:51:05] [I] Average on 10 runs - GPU latency: 3.85723 ms - Host latency: 4.36289 ms (enqueue 0.0117188 ms)
[05/02/2026-11:51:05] [I] Average on 10 runs - GPU latency: 3.86094 ms - Host latency: 4.36758 ms (enqueue 0.0105469 ms)
[05/02/2026-11:51:05] [I] Average on 10 runs - GPU latency: 3.8582 ms - Host latency: 4.36602 ms (enqueue 0.0117188 ms)
[05/02/2026-11:51:05] [I] Average on 10 runs - GPU latency: 3.85664 ms - Host latency: 4.36387 ms (enqueue 0.0117188 ms)
[05/02/2026-11:51:05] [I] Average on 10 runs - GPU latency: 3.85645 ms - Host latency: 4.36035 ms (enqueue 0.0115234 ms)
[05/02/2026-11:51:05] [I] Average on 10 runs - GPU latency: 3.85664 ms - Host latency: 4.36465 ms (enqueue 0.0119141 ms)
[05/02/2026-11:51:05] [I] Average on 10 runs - GPU latency: 3.8582 ms - Host latency: 4.36426 ms (enqueue 0.0111328 ms)
[05/02/2026-11:51:05] [I] Average on 10 runs - GPU latency: 3.85918 ms - Host latency: 4.36562 ms (enqueue 0.0109375 ms)
[05/02/2026-11:51:05] [I] Average on 10 runs - GPU latency: 3.8623 ms - Host latency: 4.36836 ms (enqueue 0.0105469 ms)
[05/02/2026-11:51:05] [I] Average on 10 runs - GPU latency: 3.85703 ms - Host latency: 4.36348 ms (enqueue 0.0113281 ms)
[05/02/2026-11:51:05] [I] Average on 10 runs - GPU latency: 3.85938 ms - Host latency: 4.36816 ms (enqueue 0.0123047 ms)
[05/02/2026-11:51:05] [I] Average on 10 runs - GPU latency: 3.85977 ms - Host latency: 4.36582 ms (enqueue 0.0113281 ms)
[05/02/2026-11:51:05] [I] Average on 10 runs - GPU latency: 3.86113 ms - Host latency: 4.36777 ms (enqueue 0.0115234 ms)
[05/02/2026-11:51:05] [I] Average on 10 runs - GPU latency: 3.85605 ms - Host latency: 4.36211 ms (enqueue 0.0138672 ms)
[05/02/2026-11:51:05] [I] Average on 10 runs - GPU latency: 3.85918 ms - Host latency: 4.36406 ms (enqueue 0.0130859 ms)
[05/02/2026-11:51:05] [I] Average on 10 runs - GPU latency: 3.85996 ms - Host latency: 4.3668 ms (enqueue 0.0113281 ms)
[05/02/2026-11:51:05] [I] Average on 10 runs - GPU latency: 3.86055 ms - Host latency: 4.36602 ms (enqueue 0.0121094 ms)
[05/02/2026-11:51:05] [I] Average on 10 runs - GPU latency: 3.85078 ms - Host latency: 4.35332 ms (enqueue 0.0134766 ms)
[05/02/2026-11:51:05] [I] Average on 10 runs - GPU latency: 3.8584 ms - Host latency: 4.36328 ms (enqueue 0.0123047 ms)
[05/02/2026-11:51:05] [I] Average on 10 runs - GPU latency: 3.85723 ms - Host latency: 4.36289 ms (enqueue 0.0111328 ms)
[05/02/2026-11:51:05] [I] Average on 10 runs - GPU latency: 3.85566 ms - Host latency: 4.36074 ms (enqueue 0.0119141 ms)
[05/02/2026-11:51:05] [I] Average on 10 runs - GPU latency: 3.85762 ms - Host latency: 4.36445 ms (enqueue 0.0111328 ms)
[05/02/2026-11:51:05] [I] Average on 10 runs - GPU latency: 3.86055 ms - Host latency: 4.36738 ms (enqueue 0.0107422 ms)
[05/02/2026-11:51:05] [I] Average on 10 runs - GPU latency: 3.85625 ms - Host latency: 4.3627 ms (enqueue 0.0109375 ms)
[05/02/2026-11:51:05] [I] Average on 10 runs - GPU latency: 3.85547 ms - Host latency: 4.36055 ms (enqueue 0.0126953 ms)
[05/02/2026-11:51:05] [I] Average on 10 runs - GPU latency: 3.85938 ms - Host latency: 4.36367 ms (enqueue 0.0142578 ms)
[05/02/2026-11:51:05] [I] Average on 10 runs - GPU latency: 3.85449 ms - Host latency: 4.35723 ms (enqueue 0.0128906 ms)
[05/02/2026-11:51:05] [I] Average on 10 runs - GPU latency: 3.85781 ms - Host latency: 4.36543 ms (enqueue 0.0119141 ms)
[05/02/2026-11:51:05] [I] Average on 10 runs - GPU latency: 3.85723 ms - Host latency: 4.36133 ms (enqueue 0.0140625 ms)
[05/02/2026-11:51:05] [I] Average on 10 runs - GPU latency: 3.85527 ms - Host latency: 4.35781 ms (enqueue 0.0119141 ms)
[05/02/2026-11:51:05] [I] Average on 10 runs - GPU latency: 3.85137 ms - Host latency: 4.35391 ms (enqueue 0.0126953 ms)
[05/02/2026-11:51:05] [I] Average on 10 runs - GPU latency: 3.86035 ms - Host latency: 4.36738 ms (enqueue 0.0109375 ms)
[05/02/2026-11:51:05] [I] Average on 10 runs - GPU latency: 3.85781 ms - Host latency: 4.3625 ms (enqueue 0.0126953 ms)
[05/02/2026-11:51:05] [I] Average on 10 runs - GPU latency: 3.85742 ms - Host latency: 4.36387 ms (enqueue 0.0109375 ms)
[05/02/2026-11:51:05] [I] Average on 10 runs - GPU latency: 3.85469 ms - Host latency: 4.35918 ms (enqueue 0.0121094 ms)
[05/02/2026-11:51:05] [I] Average on 10 runs - GPU latency: 3.85938 ms - Host latency: 4.36504 ms (enqueue 0.0123047 ms)
[05/02/2026-11:51:05] [I] 
[05/02/2026-11:51:05] [I] === Performance summary ===
[05/02/2026-11:51:05] [I] Throughput: 258.577 qps
[05/02/2026-11:51:05] [I] Latency: min = 4.20117 ms, max = 4.4209 ms, mean = 4.36951 ms, median = 4.36914 ms, percentile(90%) = 4.38477 ms, percentile(95%) = 4.38861 ms, percentile(99%) = 4.39551 ms
[05/02/2026-11:51:05] [I] Enqueue Time: min = 0.00683594 ms, max = 0.0532227 ms, mean = 0.0116212 ms, median = 0.0117188 ms, percentile(90%) = 0.0136719 ms, percentile(95%) = 0.0146484 ms, percentile(99%) = 0.0186768 ms
[05/02/2026-11:51:05] [I] H2D Latency: min = 0.229248 ms, max = 0.312988 ms, mean = 0.284578 ms, median = 0.285156 ms, percentile(90%) = 0.288818 ms, percentile(95%) = 0.289062 ms, percentile(99%) = 0.29248 ms
[05/02/2026-11:51:05] [I] GPU Compute Time: min = 3.81055 ms, max = 3.90735 ms, mean = 3.86416 ms, median = 3.86328 ms, percentile(90%) = 3.87793 ms, percentile(95%) = 3.88135 ms, percentile(99%) = 3.88696 ms
[05/02/2026-11:51:05] [I] D2H Latency: min = 0.105469 ms, max = 0.238281 ms, mean = 0.220772 ms, median = 0.220703 ms, percentile(90%) = 0.222656 ms, percentile(95%) = 0.222656 ms, percentile(99%) = 0.224609 ms
[05/02/2026-11:51:05] [I] Total Host Walltime: 30.0104 s
[05/02/2026-11:51:05] [I] Total GPU Compute Time: 29.9859 s
[05/02/2026-11:51:05] [I] Explanations of the performance metrics are printed in the verbose logs.
[05/02/2026-11:51:05] [I] 
&&&& PASSED TensorRT.trtexec [TensorRT v100300] # trtexec --loadEngine=engines/fp16/yolov8n_fp16.engine --warmUp=500 --duration=30 --iterations=1000 --useCudaGraph
