&&&& RUNNING TensorRT.trtexec [TensorRT v100300] # trtexec --loadEngine=engines/fp16/yolov8n_seg_fp16.engine --warmUp=500 --duration=30 --iterations=1000 --useCudaGraph
[05/02/2026-11:52:08] [I] === Model Options ===
[05/02/2026-11:52:08] [I] Format: *
[05/02/2026-11:52:08] [I] Model: 
[05/02/2026-11:52:08] [I] Output:
[05/02/2026-11:52:08] [I] 
[05/02/2026-11:52:08] [I] === System Options ===
[05/02/2026-11:52:08] [I] Device: 0
[05/02/2026-11:52:08] [I] DLACore: 
[05/02/2026-11:52:08] [I] Plugins:
[05/02/2026-11:52:08] [I] setPluginsToSerialize:
[05/02/2026-11:52:08] [I] dynamicPlugins:
[05/02/2026-11:52:08] [I] ignoreParsedPluginLibs: 0
[05/02/2026-11:52:08] [I] 
[05/02/2026-11:52:08] [I] === Inference Options ===
[05/02/2026-11:52:08] [I] Batch: Explicit
[05/02/2026-11:52:08] [I] Input inference shapes: model
[05/02/2026-11:52:08] [I] Iterations: 1000
[05/02/2026-11:52:08] [I] Duration: 30s (+ 500ms warm up)
[05/02/2026-11:52:08] [I] Sleep time: 0ms
[05/02/2026-11:52:08] [I] Idle time: 0ms
[05/02/2026-11:52:08] [I] Inference Streams: 1
[05/02/2026-11:52:08] [I] ExposeDMA: Disabled
[05/02/2026-11:52:08] [I] Data transfers: Enabled
[05/02/2026-11:52:08] [I] Spin-wait: Disabled
[05/02/2026-11:52:08] [I] Multithreading: Disabled
[05/02/2026-11:52:08] [I] CUDA Graph: Enabled
[05/02/2026-11:52:08] [I] Separate profiling: Disabled
[05/02/2026-11:52:08] [I] Time Deserialize: Disabled
[05/02/2026-11:52:08] [I] Time Refit: Disabled
[05/02/2026-11:52:08] [I] NVTX verbosity: 0
[05/02/2026-11:52:08] [I] Persistent Cache Ratio: 0
[05/02/2026-11:52:08] [I] Optimization Profile Index: 0
[05/02/2026-11:52:08] [I] Weight Streaming Budget: 100.000000%
[05/02/2026-11:52:08] [I] Inputs:
[05/02/2026-11:52:08] [I] Debug Tensor Save Destinations:
[05/02/2026-11:52:08] [I] === Reporting Options ===
[05/02/2026-11:52:08] [I] Verbose: Disabled
[05/02/2026-11:52:08] [I] Averages: 10 inferences
[05/02/2026-11:52:08] [I] Percentiles: 90,95,99
[05/02/2026-11:52:08] [I] Dump refittable layers:Disabled
[05/02/2026-11:52:08] [I] Dump output: Disabled
[05/02/2026-11:52:08] [I] Profile: Disabled
[05/02/2026-11:52:08] [I] Export timing to JSON file: 
[05/02/2026-11:52:08] [I] Export output to JSON file: 
[05/02/2026-11:52:08] [I] Export profile to JSON file: 
[05/02/2026-11:52:08] [I] 
[05/02/2026-11:52:08] [I] === Device Information ===
[05/02/2026-11:52:08] [I] Available Devices: 
[05/02/2026-11:52:08] [I]   Device 0: "Orin" UUID: GPU-26daf1d3-793d-51c3-b64d-183a438e6666
[05/02/2026-11:52:08] [I] Selected Device: Orin
[05/02/2026-11:52:08] [I] Selected Device ID: 0
[05/02/2026-11:52:08] [I] Selected Device UUID: GPU-26daf1d3-793d-51c3-b64d-183a438e6666
[05/02/2026-11:52:08] [I] Compute Capability: 8.7
[05/02/2026-11:52:08] [I] SMs: 8
[05/02/2026-11:52:08] [I] Device Global Memory: 7607 MiB
[05/02/2026-11:52:08] [I] Shared Memory per SM: 164 KiB
[05/02/2026-11:52:08] [I] Memory Bus Width: 128 bits (ECC disabled)
[05/02/2026-11:52:08] [I] Application Compute Clock Rate: 1.02 GHz
[05/02/2026-11:52:08] [I] Application Memory Clock Rate: 1.02 GHz
[05/02/2026-11:52:08] [I] 
[05/02/2026-11:52:08] [I] Note: The application clock rates do not reflect the actual clock rates that the GPU is currently running at.
[05/02/2026-11:52:08] [I] 
[05/02/2026-11:52:08] [I] TensorRT version: 10.3.0
[05/02/2026-11:52:08] [I] Loading standard plugins
[05/02/2026-11:52:08] [I] [TRT] Loaded engine size: 9 MiB
[05/02/2026-11:52:08] [W] [TRT] Using an engine plan file across different models of devices is not recommended and is likely to affect performance or even cause errors.
[05/02/2026-11:52:08] [I] Engine deserialized in 0.256481 sec.
[05/02/2026-11:52:08] [I] [TRT] [MemUsageChange] TensorRT-managed allocation in IExecutionContext creation: CPU +0, GPU +11, now: CPU 0, GPU 17 (MiB)
[05/02/2026-11:52:08] [I] Setting persistentCacheLimit to 0 bytes.
[05/02/2026-11:52:08] [I] Created execution context with device memory size: 10.5957 MiB
[05/02/2026-11:52:08] [I] Using random values for input images
[05/02/2026-11:52:08] [I] Input binding for images with dimensions 1x3x640x640 is created.
[05/02/2026-11:52:08] [I] Output binding for output0 with dimensions 1x116x8400 is created.
[05/02/2026-11:52:08] [I] Output binding for output1 with dimensions 1x32x160x160 is created.
[05/02/2026-11:52:08] [I] Starting inference
[05/02/2026-11:52:08] [I] Capturing CUDA graph for the current execution context
[05/02/2026-11:52:08] [I] Successfully captured CUDA graph for the current execution context
[05/02/2026-11:52:38] [I] Warmup completed 100 queries over 500 ms
[05/02/2026-11:52:38] [I] Timing trace has 6757 queries over 30.0129 s
[05/02/2026-11:52:38] [I] 
[05/02/2026-11:52:38] [I] === Trace details ===
[05/02/2026-11:52:38] [I] Trace averages of 10 runs:
[05/02/2026-11:52:38] [I] Average on 10 runs - GPU latency: 4.44835 ms - Host latency: 5.17491 ms (enqueue 0.0144653 ms)
[05/02/2026-11:52:38] [I] Average on 10 runs - GPU latency: 4.44732 ms - Host latency: 5.16918 ms (enqueue 0.0157776 ms)
[05/02/2026-11:52:38] [I] Average on 10 runs - GPU latency: 4.43924 ms - Host latency: 5.14167 ms (enqueue 0.0117432 ms)
[05/02/2026-11:52:38] [I] Average on 10 runs - GPU latency: 4.43842 ms - Host latency: 5.13829 ms (enqueue 0.0136292 ms)
[05/02/2026-11:52:38] [I] Average on 10 runs - GPU latency: 4.43878 ms - Host latency: 5.14375 ms (enqueue 0.0150879 ms)
[05/02/2026-11:52:38] [I] Average on 10 runs - GPU latency: 4.43361 ms - Host latency: 5.13663 ms (enqueue 0.0158508 ms)
[05/02/2026-11:52:38] [I] Average on 10 runs - GPU latency: 4.43594 ms - Host latency: 5.1387 ms (enqueue 0.0125732 ms)
[05/02/2026-11:52:38] [I] Average on 10 runs - GPU latency: 4.43915 ms - Host latency: 5.13994 ms (enqueue 0.0136902 ms)
[05/02/2026-11:52:38] [I] Average on 10 runs - GPU latency: 4.43929 ms - Host latency: 5.14756 ms (enqueue 0.0147156 ms)
[05/02/2026-11:52:38] [I] Average on 10 runs - GPU latency: 4.43634 ms - Host latency: 5.1411 ms (enqueue 0.0185364 ms)
[05/02/2026-11:52:38] [I] Average on 10 runs - GPU latency: 4.43735 ms - Host latency: 5.13889 ms (enqueue 0.0139343 ms)
[05/02/2026-11:52:38] [I] Average on 10 runs - GPU latency: 4.43599 ms - Host latency: 5.13726 ms (enqueue 0.012616 ms)
[05/02/2026-11:52:38] [I] Average on 10 runs - GPU latency: 4.43633 ms - Host latency: 5.13828 ms (enqueue 0.0120972 ms)
[05/02/2026-11:52:38] [I] Average on 10 runs - GPU latency: 4.43689 ms - Host latency: 5.1377 ms (enqueue 0.0116699 ms)
[05/02/2026-11:52:38] [I] Average on 10 runs - GPU latency: 4.44022 ms - Host latency: 5.14708 ms (enqueue 0.0162354 ms)
[05/02/2026-11:52:38] [I] Average on 10 runs - GPU latency: 4.43849 ms - Host latency: 5.13951 ms (enqueue 0.0152832 ms)
[05/02/2026-11:52:38] [I] Average on 10 runs - GPU latency: 4.43718 ms - Host latency: 5.14326 ms (enqueue 0.0151001 ms)
[05/02/2026-11:52:38] [I] Average on 10 runs - GPU latency: 4.4375 ms - Host latency: 5.13905 ms (enqueue 0.0130249 ms)
[05/02/2026-11:52:38] [I] Average on 10 runs - GPU latency: 4.43568 ms - Host latency: 5.14044 ms (enqueue 0.0130859 ms)
[05/02/2026-11:52:38] [I] Average on 10 runs - GPU latency: 4.43582 ms - Host latency: 5.13561 ms (enqueue 0.0142822 ms)
[05/02/2026-11:52:38] [I] Average on 10 runs - GPU latency: 4.43473 ms - Host latency: 5.1375 ms (enqueue 0.0130249 ms)
[05/02/2026-11:52:38] [I] Average on 10 runs - GPU latency: 4.43777 ms - Host latency: 5.13868 ms (enqueue 0.0132324 ms)
[05/02/2026-11:52:38] [I] Average on 10 runs - GPU latency: 4.43909 ms - Host latency: 5.14957 ms (enqueue 0.0162964 ms)
[05/02/2026-11:52:38] [I] Average on 10 runs - GPU latency: 4.43945 ms - Host latency: 5.14198 ms (enqueue 0.0147827 ms)
[05/02/2026-11:52:38] [I] Average on 10 runs - GPU latency: 4.44617 ms - Host latency: 5.16201 ms (enqueue 0.0182373 ms)
[05/02/2026-11:52:38] [I] Average on 10 runs - GPU latency: 4.43672 ms - Host latency: 5.13806 ms (enqueue 0.0134521 ms)
[05/02/2026-11:52:38] [I] Average on 10 runs - GPU latency: 4.43859 ms - Host latency: 5.13966 ms (enqueue 0.0118164 ms)
[05/02/2026-11:52:38] [I] Average on 10 runs - GPU latency: 4.43566 ms - Host latency: 5.14078 ms (enqueue 0.0136108 ms)
[05/02/2026-11:52:38] [I] Average on 10 runs - GPU latency: 4.44738 ms - Host latency: 5.16975 ms (enqueue 0.0154175 ms)
[05/02/2026-11:52:38] [I] Average on 10 runs - GPU latency: 4.43669 ms - Host latency: 5.13878 ms (enqueue 0.0128418 ms)
[05/02/2026-11:52:38] [I] Average on 10 runs - GPU latency: 4.43513 ms - Host latency: 5.13878 ms (enqueue 0.0118896 ms)
[05/02/2026-11:52:38] [I] Average on 10 runs - GPU latency: 4.43826 ms - Host latency: 5.14103 ms (enqueue 0.0127319 ms)
[05/02/2026-11:52:38] [I] Average on 10 runs - GPU latency: 4.43982 ms - Host latency: 5.14365 ms (enqueue 0.0131104 ms)
[05/02/2026-11:52:38] [I] Average on 10 runs - GPU latency: 4.43981 ms - Host latency: 5.14845 ms (enqueue 0.0145264 ms)
[05/02/2026-11:52:38] [I] Average on 10 runs - GPU latency: 4.44016 ms - Host latency: 5.14709 ms (enqueue 0.0125977 ms)
[05/02/2026-11:52:38] [I] Average on 10 runs - GPU latency: 4.43662 ms - Host latency: 5.14175 ms (enqueue 0.0134277 ms)
[05/02/2026-11:52:38] [I] Average on 10 runs - GPU latency: 4.44338 ms - Host latency: 5.16174 ms (enqueue 0.0161621 ms)
[05/02/2026-11:52:38] [I] Average on 10 runs - GPU latency: 4.43687 ms - Host latency: 5.14141 ms (enqueue 0.0115234 ms)
[05/02/2026-11:52:38] [I] Average on 10 runs - GPU latency: 4.4375 ms - Host latency: 5.13691 ms (enqueue 0.0129395 ms)
[05/02/2026-11:52:38] [I] Average on 10 runs - GPU latency: 4.43801 ms - Host latency: 5.14067 ms (enqueue 0.0134033 ms)
[05/02/2026-11:52:38] [I] Average on 10 runs - GPU latency: 4.43936 ms - Host latency: 5.14407 ms (enqueue 0.0139648 ms)
[05/02/2026-11:52:38] [I] Average on 10 runs - GPU latency: 4.44189 ms - Host latency: 5.15481 ms (enqueue 0.0145996 ms)
[05/02/2026-11:52:38] [I] Average on 10 runs - GPU latency: 4.43638 ms - Host latency: 5.14211 ms (enqueue 0.0121094 ms)
[05/02/2026-11:52:38] [I] Average on 10 runs - GPU latency: 4.43801 ms - Host latency: 5.13909 ms (enqueue 0.0109375 ms)
[05/02/2026-11:52:38] [I] Average on 10 runs - GPU latency: 4.43906 ms - Host latency: 5.14768 ms (enqueue 0.0131836 ms)
[05/02/2026-11:52:38] [I] Average on 10 runs - GPU latency: 4.4365 ms - Host latency: 5.14041 ms (enqueue 0.0116699 ms)
[05/02/2026-11:52:38] [I] Average on 10 runs - GPU latency: 4.44397 ms - Host latency: 5.15276 ms (enqueue 0.0131104 ms)
[05/02/2026-11:52:38] [I] Average on 10 runs - GPU latency: 4.44375 ms - Host latency: 5.15215 ms (enqueue 0.014917 ms)
[05/02/2026-11:52:38] [I] Average on 10 runs - GPU latency: 4.43618 ms - Host latency: 5.14358 ms (enqueue 0.013501 ms)
[05/02/2026-11:52:38] [I] Average on 10 runs - GPU latency: 4.43838 ms - Host latency: 5.14302 ms (enqueue 0.0130859 ms)
[05/02/2026-11:52:38] [I] Average on 10 runs - GPU latency: 4.4377 ms - Host latency: 5.14453 ms (enqueue 0.0134277 ms)
[05/02/2026-11:52:38] [I] Average on 10 runs - GPU latency: 4.43486 ms - Host latency: 5.1387 ms (enqueue 0.0142334 ms)
[05/02/2026-11:52:38] [I] Average on 10 runs - GPU latency: 4.43738 ms - Host latency: 5.13738 ms (enqueue 0.0128662 ms)
[05/02/2026-11:52:38] [I] Average on 10 runs - GPU latency: 4.44009 ms - Host latency: 5.1407 ms (enqueue 0.0118896 ms)
[05/02/2026-11:52:38] [I] Average on 10 runs - GPU latency: 4.4394 ms - Host latency: 5.13936 ms (enqueue 0.0122559 ms)
[05/02/2026-11:52:38] [I] Average on 10 runs - GPU latency: 4.4374 ms - Host latency: 5.13708 ms (enqueue 0.0121338 ms)
[05/02/2026-11:52:38] [I] Average on 10 runs - GPU latency: 4.43821 ms - Host latency: 5.14368 ms (enqueue 0.0107178 ms)
[05/02/2026-11:52:38] [I] Average on 10 runs - GPU latency: 4.43416 ms - Host latency: 5.1426 ms (enqueue 0.012793 ms)
[05/02/2026-11:52:38] [I] Average on 10 runs - GPU latency: 4.43779 ms - Host latency: 5.13928 ms (enqueue 0.0114502 ms)
[05/02/2026-11:52:38] [I] Average on 10 runs - GPU latency: 4.43904 ms - Host latency: 5.13777 ms (enqueue 0.0108398 ms)
[05/02/2026-11:52:38] [I] Average on 10 runs - GPU latency: 4.43308 ms - Host latency: 5.13323 ms (enqueue 0.0108398 ms)
[05/02/2026-11:52:38] [I] Average on 10 runs - GPU latency: 4.43481 ms - Host latency: 5.13931 ms (enqueue 0.0121338 ms)
[05/02/2026-11:52:38] [I] Average on 10 runs - GPU latency: 4.4366 ms - Host latency: 5.13928 ms (enqueue 0.0136963 ms)
[05/02/2026-11:52:38] [I] Average on 10 runs - GPU latency: 4.4415 ms - Host latency: 5.14651 ms (enqueue 0.0158447 ms)
[05/02/2026-11:52:38] [I] Average on 10 runs - GPU latency: 4.44177 ms - Host latency: 5.15195 ms (enqueue 0.0127686 ms)
[05/02/2026-11:52:38] [I] Average on 10 runs - GPU latency: 4.43928 ms - Host latency: 5.13748 ms (enqueue 0.0113525 ms)
[05/02/2026-11:52:38] [I] Average on 10 runs - GPU latency: 4.43896 ms - Host latency: 5.14114 ms (enqueue 0.0113037 ms)
[05/02/2026-11:52:38] [I] Average on 10 runs - GPU latency: 4.44102 ms - Host latency: 5.15049 ms (enqueue 0.0146484 ms)
[05/02/2026-11:52:38] [I] Average on 10 runs - GPU latency: 4.44028 ms - Host latency: 5.14841 ms (enqueue 0.0143555 ms)
[05/02/2026-11:52:38] [I] Average on 10 runs - GPU latency: 4.43918 ms - Host latency: 5.14045 ms (enqueue 0.0116699 ms)
[05/02/2026-11:52:38] [I] Average on 10 runs - GPU latency: 4.43757 ms - Host latency: 5.1395 ms (enqueue 0.0142578 ms)
[05/02/2026-11:52:38] [I] Average on 10 runs - GPU latency: 4.4363 ms - Host latency: 5.13457 ms (enqueue 0.0122559 ms)
[05/02/2026-11:52:38] [I] Average on 10 runs - GPU latency: 4.43596 ms - Host latency: 5.13906 ms (enqueue 0.0129639 ms)
[05/02/2026-11:52:38] [I] Average on 10 runs - GPU latency: 4.4377 ms - Host latency: 5.14236 ms (enqueue 0.0141846 ms)
[05/02/2026-11:52:38] [I] Average on 10 runs - GPU latency: 4.43496 ms - Host latency: 5.13643 ms (enqueue 0.0138428 ms)
[05/02/2026-11:52:38] [I] Average on 10 runs - GPU latency: 4.43516 ms - Host latency: 5.13552 ms (enqueue 0.013916 ms)
[05/02/2026-11:52:38] [I] Average on 10 runs - GPU latency: 4.44119 ms - Host latency: 5.14692 ms (enqueue 0.0150879 ms)
[05/02/2026-11:52:38] [I] Average on 10 runs - GPU latency: 4.43804 ms - Host latency: 5.14365 ms (enqueue 0.0151855 ms)
[05/02/2026-11:52:38] [I] Average on 10 runs - GPU latency: 4.43589 ms - Host latency: 5.14136 ms (enqueue 0.0131104 ms)
[05/02/2026-11:52:38] [I] Average on 10 runs - GPU latency: 4.43709 ms - Host latency: 5.13301 ms (enqueue 0.0123535 ms)
[05/02/2026-11:52:38] [I] Average on 10 runs - GPU latency: 4.43821 ms - Host latency: 5.14453 ms (enqueue 0.0131592 ms)
[05/02/2026-11:52:38] [I] Average on 10 runs - GPU latency: 4.43794 ms - Host latency: 5.14097 ms (enqueue 0.0130371 ms)
[05/02/2026-11:52:38] [I] Average on 10 runs - GPU latency: 4.43833 ms - Host latency: 5.13945 ms (enqueue 0.0130859 ms)
[05/02/2026-11:52:38] [I] Average on 10 runs - GPU latency: 4.4374 ms - Host latency: 5.13696 ms (enqueue 0.0113281 ms)
[05/02/2026-11:52:38] [I] Average on 10 runs - GPU latency: 4.43662 ms - Host latency: 5.13774 ms (enqueue 0.0120605 ms)
[05/02/2026-11:52:38] [I] Average on 10 runs - GPU latency: 4.43271 ms - Host latency: 5.1335 ms (enqueue 0.0111328 ms)
[05/02/2026-11:52:38] [I] Average on 10 runs - GPU latency: 4.43682 ms - Host latency: 5.13955 ms (enqueue 0.013623 ms)
[05/02/2026-11:52:38] [I] Average on 10 runs - GPU latency: 4.43486 ms - Host latency: 5.13687 ms (enqueue 0.0136719 ms)
[05/02/2026-11:52:38] [I] Average on 10 runs - GPU latency: 4.44023 ms - Host latency: 5.14194 ms (enqueue 0.0143555 ms)
[05/02/2026-11:52:38] [I] Average on 10 runs - GPU latency: 4.43926 ms - Host latency: 5.14907 ms (enqueue 0.0129395 ms)
[05/02/2026-11:52:38] [I] Average on 10 runs - GPU latency: 4.43564 ms - Host latency: 5.13662 ms (enqueue 0.0116699 ms)
[05/02/2026-11:52:38] [I] Average on 10 runs - GPU latency: 4.43799 ms - Host latency: 5.13936 ms (enqueue 0.0115234 ms)
[05/02/2026-11:52:38] [I] Average on 10 runs - GPU latency: 4.43926 ms - Host latency: 5.14561 ms (enqueue 0.0111816 ms)
[05/02/2026-11:52:38] [I] Average on 10 runs - GPU latency: 4.4355 ms - Host latency: 5.14551 ms (enqueue 0.015918 ms)
[05/02/2026-11:52:38] [I] Average on 10 runs - GPU latency: 4.43901 ms - Host latency: 5.14023 ms (enqueue 0.0119629 ms)
[05/02/2026-11:52:38] [I] Average on 10 runs - GPU latency: 4.43584 ms - Host latency: 5.1375 ms (enqueue 0.0110352 ms)
[05/02/2026-11:52:38] [I] Average on 10 runs - GPU latency: 4.43901 ms - Host latency: 5.14658 ms (enqueue 0.0140625 ms)
[05/02/2026-11:52:38] [I] Average on 10 runs - GPU latency: 4.43535 ms - Host latency: 5.13774 ms (enqueue 0.0123047 ms)
[05/02/2026-11:52:38] [I] Average on 10 runs - GPU latency: 4.43647 ms - Host latency: 5.1376 ms (enqueue 0.0120605 ms)
[05/02/2026-11:52:38] [I] Average on 10 runs - GPU latency: 4.44131 ms - Host latency: 5.14199 ms (enqueue 0.0120605 ms)
[05/02/2026-11:52:38] [I] Average on 10 runs - GPU latency: 4.43862 ms - Host latency: 5.14185 ms (enqueue 0.0130859 ms)
[05/02/2026-11:52:38] [I] Average on 10 runs - GPU latency: 4.43369 ms - Host latency: 5.1375 ms (enqueue 0.0133789 ms)
[05/02/2026-11:52:38] [I] Average on 10 runs - GPU latency: 4.43804 ms - Host latency: 5.14087 ms (enqueue 0.0133301 ms)
[05/02/2026-11:52:38] [I] Average on 10 runs - GPU latency: 4.43862 ms - Host latency: 5.14424 ms (enqueue 0.0136719 ms)
[05/02/2026-11:52:38] [I] Average on 10 runs - GPU latency: 4.43628 ms - Host latency: 5.13428 ms (enqueue 0.0117676 ms)
[05/02/2026-11:52:38] [I] Average on 10 runs - GPU latency: 4.43735 ms - Host latency: 5.13628 ms (enqueue 0.0118164 ms)
[05/02/2026-11:52:38] [I] Average on 10 runs - GPU latency: 4.43579 ms - Host latency: 5.13867 ms (enqueue 0.0120605 ms)
[05/02/2026-11:52:38] [I] Average on 10 runs - GPU latency: 4.44121 ms - Host latency: 5.14868 ms (enqueue 0.0138672 ms)
[05/02/2026-11:52:38] [I] Average on 10 runs - GPU latency: 4.44063 ms - Host latency: 5.13999 ms (enqueue 0.0120117 ms)
[05/02/2026-11:52:38] [I] Average on 10 runs - GPU latency: 4.43843 ms - Host latency: 5.1396 ms (enqueue 0.011084 ms)
[05/02/2026-11:52:38] [I] Average on 10 runs - GPU latency: 4.44141 ms - Host latency: 5.14316 ms (enqueue 0.0125977 ms)
[05/02/2026-11:52:38] [I] Average on 10 runs - GPU latency: 4.43975 ms - Host latency: 5.13906 ms (enqueue 0.0114258 ms)
[05/02/2026-11:52:38] [I] Average on 10 runs - GPU latency: 4.44077 ms - Host latency: 5.14814 ms (enqueue 0.0132813 ms)
[05/02/2026-11:52:38] [I] Average on 10 runs - GPU latency: 4.45303 ms - Host latency: 5.17114 ms (enqueue 0.0125 ms)
[05/02/2026-11:52:38] [I] Average on 10 runs - GPU latency: 4.44004 ms - Host latency: 5.14731 ms (enqueue 0.0146484 ms)
[05/02/2026-11:52:38] [I] Average on 10 runs - GPU latency: 4.43984 ms - Host latency: 5.14141 ms (enqueue 0.0119141 ms)
[05/02/2026-11:52:38] [I] Average on 10 runs - GPU latency: 4.43657 ms - Host latency: 5.14141 ms (enqueue 0.012793 ms)
[05/02/2026-11:52:38] [I] Average on 10 runs - GPU latency: 4.43696 ms - Host latency: 5.14209 ms (enqueue 0.0120605 ms)
[05/02/2026-11:52:38] [I] Average on 10 runs - GPU latency: 4.44033 ms - Host latency: 5.14087 ms (enqueue 0.0108398 ms)
[05/02/2026-11:52:38] [I] Average on 10 runs - GPU latency: 4.43579 ms - Host latency: 5.13535 ms (enqueue 0.0110352 ms)
[05/02/2026-11:52:38] [I] Average on 10 runs - GPU latency: 4.43867 ms - Host latency: 5.13716 ms (enqueue 0.0108398 ms)
[05/02/2026-11:52:38] [I] Average on 10 runs - GPU latency: 4.43633 ms - Host latency: 5.13901 ms (enqueue 0.0108887 ms)
[05/02/2026-11:52:38] [I] Average on 10 runs - GPU latency: 4.43687 ms - Host latency: 5.13862 ms (enqueue 0.0109863 ms)
[05/02/2026-11:52:38] [I] Average on 10 runs - GPU latency: 4.4415 ms - Host latency: 5.14653 ms (enqueue 0.0120117 ms)
[05/02/2026-11:52:38] [I] Average on 10 runs - GPU latency: 4.43911 ms - Host latency: 5.1458 ms (enqueue 0.0141113 ms)
[05/02/2026-11:52:38] [I] Average on 10 runs - GPU latency: 4.43818 ms - Host latency: 5.14229 ms (enqueue 0.0122559 ms)
[05/02/2026-11:52:38] [I] Average on 10 runs - GPU latency: 4.43687 ms - Host latency: 5.13682 ms (enqueue 0.0172852 ms)
[05/02/2026-11:52:38] [I] Average on 10 runs - GPU latency: 4.43809 ms - Host latency: 5.13726 ms (enqueue 0.0116699 ms)
[05/02/2026-11:52:38] [I] Average on 10 runs - GPU latency: 4.43755 ms - Host latency: 5.13701 ms (enqueue 0.0126953 ms)
[05/02/2026-11:52:38] [I] Average on 10 runs - GPU latency: 4.43696 ms - Host latency: 5.1374 ms (enqueue 0.0135742 ms)
[05/02/2026-11:52:38] [I] Average on 10 runs - GPU latency: 4.43608 ms - Host latency: 5.13892 ms (enqueue 0.011377 ms)
[05/02/2026-11:52:38] [I] Average on 10 runs - GPU latency: 4.43662 ms - Host latency: 5.13506 ms (enqueue 0.0117676 ms)
[05/02/2026-11:52:38] [I] Average on 10 runs - GPU latency: 4.43774 ms - Host latency: 5.13687 ms (enqueue 0.010498 ms)
[05/02/2026-11:52:38] [I] Average on 10 runs - GPU latency: 4.43765 ms - Host latency: 5.14131 ms (enqueue 0.0131836 ms)
[05/02/2026-11:52:38] [I] Average on 10 runs - GPU latency: 4.43872 ms - Host latency: 5.14102 ms (enqueue 0.0137207 ms)
[05/02/2026-11:52:38] [I] Average on 10 runs - GPU latency: 4.44053 ms - Host latency: 5.14697 ms (enqueue 0.0132324 ms)
[05/02/2026-11:52:38] [I] Average on 10 runs - GPU latency: 4.44233 ms - Host latency: 5.15098 ms (enqueue 0.0128906 ms)
[05/02/2026-11:52:38] [I] Average on 10 runs - GPU latency: 4.43516 ms - Host latency: 5.14253 ms (enqueue 0.0149414 ms)
[05/02/2026-11:52:38] [I] Average on 10 runs - GPU latency: 4.4332 ms - Host latency: 5.13623 ms (enqueue 0.0125977 ms)
[05/02/2026-11:52:38] [I] Average on 10 runs - GPU latency: 4.43892 ms - Host latency: 5.146 ms (enqueue 0.0140625 ms)
[05/02/2026-11:52:38] [I] Average on 10 runs - GPU latency: 4.43462 ms - Host latency: 5.13926 ms (enqueue 0.0126465 ms)
[05/02/2026-11:52:38] [I] Average on 10 runs - GPU latency: 4.43486 ms - Host latency: 5.13564 ms (enqueue 0.0118652 ms)
[05/02/2026-11:52:38] [I] Average on 10 runs - GPU latency: 4.4377 ms - Host latency: 5.1397 ms (enqueue 0.0121094 ms)
[05/02/2026-11:52:38] [I] Average on 10 runs - GPU latency: 4.4354 ms - Host latency: 5.1354 ms (enqueue 0.0119141 ms)
[05/02/2026-11:52:38] [I] Average on 10 runs - GPU latency: 4.43594 ms - Host latency: 5.13755 ms (enqueue 0.0119141 ms)
[05/02/2026-11:52:38] [I] Average on 10 runs - GPU latency: 4.43452 ms - Host latency: 5.1377 ms (enqueue 0.0119141 ms)
[05/02/2026-11:52:38] [I] Average on 10 runs - GPU latency: 4.43701 ms - Host latency: 5.13711 ms (enqueue 0.0121582 ms)
[05/02/2026-11:52:38] [I] Average on 10 runs - GPU latency: 4.44067 ms - Host latency: 5.14526 ms (enqueue 0.0138184 ms)
[05/02/2026-11:52:38] [I] Average on 10 runs - GPU latency: 4.43838 ms - Host latency: 5.14712 ms (enqueue 0.0135254 ms)
[05/02/2026-11:52:38] [I] Average on 10 runs - GPU latency: 4.43604 ms - Host latency: 5.14033 ms (enqueue 0.0132813 ms)
[05/02/2026-11:52:38] [I] Average on 10 runs - GPU latency: 4.43848 ms - Host latency: 5.1354 ms (enqueue 0.0141113 ms)
[05/02/2026-11:52:38] [I] Average on 10 runs - GPU latency: 4.43813 ms - Host latency: 5.14097 ms (enqueue 0.0138184 ms)
[05/02/2026-11:52:38] [I] Average on 10 runs - GPU latency: 4.43623 ms - Host latency: 5.1354 ms (enqueue 0.0119629 ms)
[05/02/2026-11:52:38] [I] Average on 10 runs - GPU latency: 4.43872 ms - Host latency: 5.1355 ms (enqueue 0.0119629 ms)
[05/02/2026-11:52:38] [I] Average on 10 runs - GPU latency: 4.43833 ms - Host latency: 5.14438 ms (enqueue 0.0116211 ms)
[05/02/2026-11:52:38] [I] Average on 10 runs - GPU latency: 4.43418 ms - Host latency: 5.13701 ms (enqueue 0.0113281 ms)
[05/02/2026-11:52:38] [I] Average on 10 runs - GPU latency: 4.43896 ms - Host latency: 5.14492 ms (enqueue 0.0117188 ms)
[05/02/2026-11:52:38] [I] Average on 10 runs - GPU latency: 4.43579 ms - Host latency: 5.13652 ms (enqueue 0.0118164 ms)
[05/02/2026-11:52:38] [I] Average on 10 runs - GPU latency: 4.43652 ms - Host latency: 5.14468 ms (enqueue 0.0128418 ms)
[05/02/2026-11:52:38] [I] Average on 10 runs - GPU latency: 4.43364 ms - Host latency: 5.13213 ms (enqueue 0.015918 ms)
[05/02/2026-11:52:38] [I] Average on 10 runs - GPU latency: 4.43623 ms - Host latency: 5.13931 ms (enqueue 0.0135254 ms)
[05/02/2026-11:52:38] [I] Average on 10 runs - GPU latency: 4.43882 ms - Host latency: 5.14829 ms (enqueue 0.0138184 ms)
[05/02/2026-11:52:38] [I] Average on 10 runs - GPU latency: 4.43809 ms - Host latency: 5.14653 ms (enqueue 0.0147949 ms)
[05/02/2026-11:52:38] [I] Average on 10 runs - GPU latency: 4.43799 ms - Host latency: 5.14497 ms (enqueue 0.0120605 ms)
[05/02/2026-11:52:38] [I] Average on 10 runs - GPU latency: 4.43535 ms - Host latency: 5.13599 ms (enqueue 0.0139648 ms)
[05/02/2026-11:52:38] [I] Average on 10 runs - GPU latency: 4.43618 ms - Host latency: 5.13926 ms (enqueue 0.0114258 ms)
[05/02/2026-11:52:38] [I] Average on 10 runs - GPU latency: 4.43667 ms - Host latency: 5.14736 ms (enqueue 0.0131348 ms)
[05/02/2026-11:52:38] [I] Average on 10 runs - GPU latency: 4.43657 ms - Host latency: 5.14009 ms (enqueue 0.0109863 ms)
[05/02/2026-11:52:38] [I] Average on 10 runs - GPU latency: 4.43892 ms - Host latency: 5.14824 ms (enqueue 0.0131348 ms)
[05/02/2026-11:52:38] [I] Average on 10 runs - GPU latency: 4.43452 ms - Host latency: 5.13672 ms (enqueue 0.0144531 ms)
[05/02/2026-11:52:38] [I] Average on 10 runs - GPU latency: 4.43579 ms - Host latency: 5.13828 ms (enqueue 0.010791 ms)
[05/02/2026-11:52:38] [I] Average on 10 runs - GPU latency: 4.43682 ms - Host latency: 5.1375 ms (enqueue 0.0106934 ms)
[05/02/2026-11:52:38] [I] Average on 10 runs - GPU latency: 4.4374 ms - Host latency: 5.13442 ms (enqueue 0.0113281 ms)
[05/02/2026-11:52:38] [I] Average on 10 runs - GPU latency: 4.43848 ms - Host latency: 5.14023 ms (enqueue 0.0109863 ms)
[05/02/2026-11:52:38] [I] Average on 10 runs - GPU latency: 4.43691 ms - Host latency: 5.13857 ms (enqueue 0.0116211 ms)
[05/02/2026-11:52:38] [I] Average on 10 runs - GPU latency: 4.43701 ms - Host latency: 5.1373 ms (enqueue 0.0109375 ms)
[05/02/2026-11:52:38] [I] Average on 10 runs - GPU latency: 4.43555 ms - Host latency: 5.1375 ms (enqueue 0.0113281 ms)
[05/02/2026-11:52:38] [I] Average on 10 runs - GPU latency: 4.43633 ms - Host latency: 5.13887 ms (enqueue 0.0110352 ms)
[05/02/2026-11:52:38] [I] Average on 10 runs - GPU latency: 4.43545 ms - Host latency: 5.13574 ms (enqueue 0.0112305 ms)
[05/02/2026-11:52:38] [I] Average on 10 runs - GPU latency: 4.43701 ms - Host latency: 5.14082 ms (enqueue 0.0124023 ms)
[05/02/2026-11:52:38] [I] Average on 10 runs - GPU latency: 4.43867 ms - Host latency: 5.14502 ms (enqueue 0.0105469 ms)
[05/02/2026-11:52:38] [I] Average on 10 runs - GPU latency: 4.43984 ms - Host latency: 5.13955 ms (enqueue 0.0116211 ms)
[05/02/2026-11:52:38] [I] Average on 10 runs - GPU latency: 4.43691 ms - Host latency: 5.14033 ms (enqueue 0.0120117 ms)
[05/02/2026-11:52:38] [I] Average on 10 runs - GPU latency: 4.4373 ms - Host latency: 5.13652 ms (enqueue 0.0111328 ms)
[05/02/2026-11:52:38] [I] Average on 10 runs - GPU latency: 4.43467 ms - Host latency: 5.13799 ms (enqueue 0.0108398 ms)
[05/02/2026-11:52:38] [I] Average on 10 runs - GPU latency: 4.43965 ms - Host latency: 5.14404 ms (enqueue 0.0107422 ms)
[05/02/2026-11:52:38] [I] Average on 10 runs - GPU latency: 4.43711 ms - Host latency: 5.14033 ms (enqueue 0.0117188 ms)
[05/02/2026-11:52:38] [I] Average on 10 runs - GPU latency: 4.43789 ms - Host latency: 5.1416 ms (enqueue 0.0111328 ms)
[05/02/2026-11:52:38] [I] Average on 10 runs - GPU latency: 4.4375 ms - Host latency: 5.13662 ms (enqueue 0.0112305 ms)
[05/02/2026-11:52:38] [I] Average on 10 runs - GPU latency: 4.43975 ms - Host latency: 5.14453 ms (enqueue 0.0130859 ms)
[05/02/2026-11:52:38] [I] Average on 10 runs - GPU latency: 4.44316 ms - Host latency: 5.16494 ms (enqueue 0.012793 ms)
[05/02/2026-11:52:38] [I] Average on 10 runs - GPU latency: 4.43799 ms - Host latency: 5.13857 ms (enqueue 0.0104492 ms)
[05/02/2026-11:52:38] [I] Average on 10 runs - GPU latency: 4.43926 ms - Host latency: 5.14072 ms (enqueue 0.0110352 ms)
[05/02/2026-11:52:38] [I] Average on 10 runs - GPU latency: 4.43672 ms - Host latency: 5.14277 ms (enqueue 0.0110352 ms)
[05/02/2026-11:52:38] [I] Average on 10 runs - GPU latency: 4.44014 ms - Host latency: 5.14609 ms (enqueue 0.0121094 ms)
[05/02/2026-11:52:38] [I] Average on 10 runs - GPU latency: 4.43545 ms - Host latency: 5.13945 ms (enqueue 0.0114258 ms)
[05/02/2026-11:52:38] [I] Average on 10 runs - GPU latency: 4.43613 ms - Host latency: 5.13682 ms (enqueue 0.0102539 ms)
[05/02/2026-11:52:38] [I] Average on 10 runs - GPU latency: 4.43682 ms - Host latency: 5.13564 ms (enqueue 0.0106445 ms)
[05/02/2026-11:52:38] [I] Average on 10 runs - GPU latency: 4.43662 ms - Host latency: 5.14092 ms (enqueue 0.0120117 ms)
[05/02/2026-11:52:38] [I] Average on 10 runs - GPU latency: 4.43643 ms - Host latency: 5.13799 ms (enqueue 0.0105469 ms)
[05/02/2026-11:52:38] [I] ... Omitting 2757 lines
[05/02/2026-11:52:38] [I] Average on 10 runs - GPU latency: 4.43867 ms - Host latency: 5.1373 ms (enqueue 0.0103516 ms)
[05/02/2026-11:52:38] [I] Average on 10 runs - GPU latency: 4.44844 ms - Host latency: 5.16738 ms (enqueue 0.0103516 ms)
[05/02/2026-11:52:38] [I] Average on 10 runs - GPU latency: 4.43633 ms - Host latency: 5.13926 ms (enqueue 0.0113281 ms)
[05/02/2026-11:52:38] [I] Average on 10 runs - GPU latency: 4.43984 ms - Host latency: 5.14668 ms (enqueue 0.0134766 ms)
[05/02/2026-11:52:38] [I] Average on 10 runs - GPU latency: 4.4416 ms - Host latency: 5.14297 ms (enqueue 0.0115234 ms)
[05/02/2026-11:52:38] [I] Average on 10 runs - GPU latency: 4.45156 ms - Host latency: 5.18398 ms (enqueue 0.0105469 ms)
[05/02/2026-11:52:38] [I] Average on 10 runs - GPU latency: 4.43594 ms - Host latency: 5.13789 ms (enqueue 0.0103516 ms)
[05/02/2026-11:52:38] [I] Average on 10 runs - GPU latency: 4.43633 ms - Host latency: 5.13398 ms (enqueue 0.00996094 ms)
[05/02/2026-11:52:38] [I] Average on 10 runs - GPU latency: 4.43535 ms - Host latency: 5.13984 ms (enqueue 0.0109375 ms)
[05/02/2026-11:52:38] [I] Average on 10 runs - GPU latency: 4.44141 ms - Host latency: 5.1457 ms (enqueue 0.0121094 ms)
[05/02/2026-11:52:38] [I] Average on 10 runs - GPU latency: 4.43906 ms - Host latency: 5.13848 ms (enqueue 0.0109375 ms)
[05/02/2026-11:52:38] [I] Average on 10 runs - GPU latency: 4.43945 ms - Host latency: 5.13906 ms (enqueue 0.0103516 ms)
[05/02/2026-11:52:38] [I] Average on 10 runs - GPU latency: 4.43867 ms - Host latency: 5.14238 ms (enqueue 0.0101562 ms)
[05/02/2026-11:52:38] [I] Average on 10 runs - GPU latency: 4.43633 ms - Host latency: 5.13418 ms (enqueue 0.0105469 ms)
[05/02/2026-11:52:38] [I] Average on 10 runs - GPU latency: 4.43867 ms - Host latency: 5.14141 ms (enqueue 0.0109375 ms)
[05/02/2026-11:52:38] [I] Average on 10 runs - GPU latency: 4.43496 ms - Host latency: 5.13633 ms (enqueue 0.0126953 ms)
[05/02/2026-11:52:38] [I] Average on 10 runs - GPU latency: 4.43711 ms - Host latency: 5.1377 ms (enqueue 0.0117188 ms)
[05/02/2026-11:52:38] [I] Average on 10 runs - GPU latency: 4.43887 ms - Host latency: 5.1377 ms (enqueue 0.0105469 ms)
[05/02/2026-11:52:38] [I] Average on 10 runs - GPU latency: 4.43848 ms - Host latency: 5.13984 ms (enqueue 0.0113281 ms)
[05/02/2026-11:52:38] [I] Average on 10 runs - GPU latency: 4.43848 ms - Host latency: 5.14414 ms (enqueue 0.0117188 ms)
[05/02/2026-11:52:38] [I] Average on 10 runs - GPU latency: 4.44004 ms - Host latency: 5.13887 ms (enqueue 0.0109375 ms)
[05/02/2026-11:52:38] [I] Average on 10 runs - GPU latency: 4.43711 ms - Host latency: 5.13906 ms (enqueue 0.0126953 ms)
[05/02/2026-11:52:38] [I] Average on 10 runs - GPU latency: 4.43789 ms - Host latency: 5.14766 ms (enqueue 0.0144531 ms)
[05/02/2026-11:52:38] [I] Average on 10 runs - GPU latency: 4.43594 ms - Host latency: 5.13887 ms (enqueue 0.0103516 ms)
[05/02/2026-11:52:38] [I] Average on 10 runs - GPU latency: 4.43203 ms - Host latency: 5.12988 ms (enqueue 0.0105469 ms)
[05/02/2026-11:52:38] [I] Average on 10 runs - GPU latency: 4.43789 ms - Host latency: 5.1416 ms (enqueue 0.0130859 ms)
[05/02/2026-11:52:38] [I] Average on 10 runs - GPU latency: 4.44043 ms - Host latency: 5.14727 ms (enqueue 0.0123047 ms)
[05/02/2026-11:52:38] [I] Average on 10 runs - GPU latency: 4.43555 ms - Host latency: 5.13672 ms (enqueue 0.0117188 ms)
[05/02/2026-11:52:38] [I] Average on 10 runs - GPU latency: 4.44141 ms - Host latency: 5.14297 ms (enqueue 0.0109375 ms)
[05/02/2026-11:52:38] [I] Average on 10 runs - GPU latency: 4.43535 ms - Host latency: 5.13262 ms (enqueue 0.0115234 ms)
[05/02/2026-11:52:38] [I] Average on 10 runs - GPU latency: 4.43613 ms - Host latency: 5.13984 ms (enqueue 0.0121094 ms)
[05/02/2026-11:52:38] [I] Average on 10 runs - GPU latency: 4.43457 ms - Host latency: 5.13457 ms (enqueue 0.0111328 ms)
[05/02/2026-11:52:38] [I] Average on 10 runs - GPU latency: 4.4377 ms - Host latency: 5.1418 ms (enqueue 0.0111328 ms)
[05/02/2026-11:52:38] [I] Average on 10 runs - GPU latency: 4.43984 ms - Host latency: 5.13633 ms (enqueue 0.0101562 ms)
[05/02/2026-11:52:38] [I] Average on 10 runs - GPU latency: 4.43613 ms - Host latency: 5.13691 ms (enqueue 0.0115234 ms)
[05/02/2026-11:52:38] [I] Average on 10 runs - GPU latency: 4.43711 ms - Host latency: 5.13672 ms (enqueue 0.0103516 ms)
[05/02/2026-11:52:38] [I] Average on 10 runs - GPU latency: 4.43672 ms - Host latency: 5.1373 ms (enqueue 0.0115234 ms)
[05/02/2026-11:52:38] [I] Average on 10 runs - GPU latency: 4.43281 ms - Host latency: 5.14004 ms (enqueue 0.0132813 ms)
[05/02/2026-11:52:38] [I] Average on 10 runs - GPU latency: 4.43555 ms - Host latency: 5.13828 ms (enqueue 0.0115234 ms)
[05/02/2026-11:52:38] [I] Average on 10 runs - GPU latency: 4.43437 ms - Host latency: 5.13496 ms (enqueue 0.0115234 ms)
[05/02/2026-11:52:38] [I] Average on 10 runs - GPU latency: 4.43867 ms - Host latency: 5.13945 ms (enqueue 0.0103516 ms)
[05/02/2026-11:52:38] [I] Average on 10 runs - GPU latency: 4.43828 ms - Host latency: 5.14648 ms (enqueue 0.0119141 ms)
[05/02/2026-11:52:38] [I] Average on 10 runs - GPU latency: 4.43926 ms - Host latency: 5.14473 ms (enqueue 0.0130859 ms)
[05/02/2026-11:52:38] [I] Average on 10 runs - GPU latency: 4.43574 ms - Host latency: 5.13906 ms (enqueue 0.0103516 ms)
[05/02/2026-11:52:38] [I] Average on 10 runs - GPU latency: 4.43848 ms - Host latency: 5.14062 ms (enqueue 0.0105469 ms)
[05/02/2026-11:52:38] [I] Average on 10 runs - GPU latency: 4.43965 ms - Host latency: 5.14141 ms (enqueue 0.0109375 ms)
[05/02/2026-11:52:38] [I] Average on 10 runs - GPU latency: 4.43828 ms - Host latency: 5.13633 ms (enqueue 0.0117188 ms)
[05/02/2026-11:52:38] [I] Average on 10 runs - GPU latency: 4.44102 ms - Host latency: 5.14707 ms (enqueue 0.0115234 ms)
[05/02/2026-11:52:38] [I] Average on 10 runs - GPU latency: 4.44219 ms - Host latency: 5.15762 ms (enqueue 0.0132813 ms)
[05/02/2026-11:52:38] [I] Average on 10 runs - GPU latency: 4.43555 ms - Host latency: 5.13809 ms (enqueue 0.0111328 ms)
[05/02/2026-11:52:38] [I] Average on 10 runs - GPU latency: 4.43965 ms - Host latency: 5.14629 ms (enqueue 0.0115234 ms)
[05/02/2026-11:52:38] [I] Average on 10 runs - GPU latency: 4.43828 ms - Host latency: 5.13711 ms (enqueue 0.0105469 ms)
[05/02/2026-11:52:38] [I] Average on 10 runs - GPU latency: 4.43633 ms - Host latency: 5.13594 ms (enqueue 0.0107422 ms)
[05/02/2026-11:52:38] [I] Average on 10 runs - GPU latency: 4.43711 ms - Host latency: 5.13789 ms (enqueue 0.00996094 ms)
[05/02/2026-11:52:38] [I] Average on 10 runs - GPU latency: 4.43789 ms - Host latency: 5.13828 ms (enqueue 0.0109375 ms)
[05/02/2026-11:52:38] [I] Average on 10 runs - GPU latency: 4.43594 ms - Host latency: 5.13359 ms (enqueue 0.0107422 ms)
[05/02/2026-11:52:38] [I] Average on 10 runs - GPU latency: 4.43242 ms - Host latency: 5.1332 ms (enqueue 0.00996094 ms)
[05/02/2026-11:52:38] [I] Average on 10 runs - GPU latency: 4.43848 ms - Host latency: 5.13867 ms (enqueue 0.0121094 ms)
[05/02/2026-11:52:38] [I] Average on 10 runs - GPU latency: 4.44375 ms - Host latency: 5.16406 ms (enqueue 0.0117188 ms)
[05/02/2026-11:52:38] [I] Average on 10 runs - GPU latency: 4.43535 ms - Host latency: 5.1375 ms (enqueue 0.0109375 ms)
[05/02/2026-11:52:38] [I] Average on 10 runs - GPU latency: 4.43672 ms - Host latency: 5.14414 ms (enqueue 0.0107422 ms)
[05/02/2026-11:52:38] [I] Average on 10 runs - GPU latency: 4.4373 ms - Host latency: 5.13887 ms (enqueue 0.0115234 ms)
[05/02/2026-11:52:38] [I] Average on 10 runs - GPU latency: 4.43477 ms - Host latency: 5.14023 ms (enqueue 0.0121094 ms)
[05/02/2026-11:52:38] [I] Average on 10 runs - GPU latency: 4.43477 ms - Host latency: 5.13535 ms (enqueue 0.0103516 ms)
[05/02/2026-11:52:38] [I] Average on 10 runs - GPU latency: 4.43711 ms - Host latency: 5.13867 ms (enqueue 0.0105469 ms)
[05/02/2026-11:52:38] [I] Average on 10 runs - GPU latency: 4.43437 ms - Host latency: 5.13672 ms (enqueue 0.0107422 ms)
[05/02/2026-11:52:38] [I] Average on 10 runs - GPU latency: 4.43906 ms - Host latency: 5.13984 ms (enqueue 0.0115234 ms)
[05/02/2026-11:52:38] [I] Average on 10 runs - GPU latency: 4.4375 ms - Host latency: 5.13887 ms (enqueue 0.00996094 ms)
[05/02/2026-11:52:38] [I] Average on 10 runs - GPU latency: 4.43418 ms - Host latency: 5.13633 ms (enqueue 0.0103516 ms)
[05/02/2026-11:52:38] [I] Average on 10 runs - GPU latency: 4.43965 ms - Host latency: 5.13672 ms (enqueue 0.0107422 ms)
[05/02/2026-11:52:38] [I] Average on 10 runs - GPU latency: 4.44238 ms - Host latency: 5.15 ms (enqueue 0.0105469 ms)
[05/02/2026-11:52:38] [I] Average on 10 runs - GPU latency: 4.43984 ms - Host latency: 5.14023 ms (enqueue 0.0109375 ms)
[05/02/2026-11:52:38] [I] Average on 10 runs - GPU latency: 4.43574 ms - Host latency: 5.13496 ms (enqueue 0.0103516 ms)
[05/02/2026-11:52:38] [I] Average on 10 runs - GPU latency: 4.44004 ms - Host latency: 5.15293 ms (enqueue 0.0107422 ms)
[05/02/2026-11:52:38] [I] Average on 10 runs - GPU latency: 4.43789 ms - Host latency: 5.13711 ms (enqueue 0.0107422 ms)
[05/02/2026-11:52:38] [I] Average on 10 runs - GPU latency: 4.4334 ms - Host latency: 5.1332 ms (enqueue 0.0107422 ms)
[05/02/2026-11:52:38] [I] Average on 10 runs - GPU latency: 4.44004 ms - Host latency: 5.13984 ms (enqueue 0.0103516 ms)
[05/02/2026-11:52:38] [I] Average on 10 runs - GPU latency: 4.43691 ms - Host latency: 5.13652 ms (enqueue 0.0121094 ms)
[05/02/2026-11:52:38] [I] Average on 10 runs - GPU latency: 4.44043 ms - Host latency: 5.14707 ms (enqueue 0.0126953 ms)
[05/02/2026-11:52:38] [I] Average on 10 runs - GPU latency: 4.43906 ms - Host latency: 5.13652 ms (enqueue 0.0117188 ms)
[05/02/2026-11:52:38] [I] Average on 10 runs - GPU latency: 4.43574 ms - Host latency: 5.13418 ms (enqueue 0.0105469 ms)
[05/02/2026-11:52:38] [I] Average on 10 runs - GPU latency: 4.43496 ms - Host latency: 5.13594 ms (enqueue 0.0115234 ms)
[05/02/2026-11:52:38] [I] Average on 10 runs - GPU latency: 4.43574 ms - Host latency: 5.13398 ms (enqueue 0.0105469 ms)
[05/02/2026-11:52:38] [I] Average on 10 runs - GPU latency: 4.43555 ms - Host latency: 5.1334 ms (enqueue 0.0125 ms)
[05/02/2026-11:52:38] [I] Average on 10 runs - GPU latency: 4.43613 ms - Host latency: 5.13809 ms (enqueue 0.0119141 ms)
[05/02/2026-11:52:38] [I] Average on 10 runs - GPU latency: 4.43652 ms - Host latency: 5.13828 ms (enqueue 0.0115234 ms)
[05/02/2026-11:52:38] [I] Average on 10 runs - GPU latency: 4.43828 ms - Host latency: 5.13691 ms (enqueue 0.0113281 ms)
[05/02/2026-11:52:38] [I] Average on 10 runs - GPU latency: 4.4375 ms - Host latency: 5.13574 ms (enqueue 0.0130859 ms)
[05/02/2026-11:52:38] [I] Average on 10 runs - GPU latency: 4.44004 ms - Host latency: 5.13965 ms (enqueue 0.0101562 ms)
[05/02/2026-11:52:38] [I] Average on 10 runs - GPU latency: 4.43672 ms - Host latency: 5.13672 ms (enqueue 0.0109375 ms)
[05/02/2026-11:52:38] [I] Average on 10 runs - GPU latency: 4.43926 ms - Host latency: 5.13887 ms (enqueue 0.0105469 ms)
[05/02/2026-11:52:38] [I] Average on 10 runs - GPU latency: 4.43516 ms - Host latency: 5.13438 ms (enqueue 0.0105469 ms)
[05/02/2026-11:52:38] [I] Average on 10 runs - GPU latency: 4.43887 ms - Host latency: 5.14062 ms (enqueue 0.0103516 ms)
[05/02/2026-11:52:38] [I] Average on 10 runs - GPU latency: 4.43613 ms - Host latency: 5.13711 ms (enqueue 0.0113281 ms)
[05/02/2026-11:52:38] [I] Average on 10 runs - GPU latency: 4.43809 ms - Host latency: 5.14082 ms (enqueue 0.0107422 ms)
[05/02/2026-11:52:38] [I] Average on 10 runs - GPU latency: 4.4377 ms - Host latency: 5.13477 ms (enqueue 0.0101562 ms)
[05/02/2026-11:52:38] [I] Average on 10 runs - GPU latency: 4.43867 ms - Host latency: 5.14648 ms (enqueue 0.0132813 ms)
[05/02/2026-11:52:38] [I] Average on 10 runs - GPU latency: 4.43691 ms - Host latency: 5.13711 ms (enqueue 0.0105469 ms)
[05/02/2026-11:52:38] [I] Average on 10 runs - GPU latency: 4.43672 ms - Host latency: 5.13867 ms (enqueue 0.0105469 ms)
[05/02/2026-11:52:38] [I] Average on 10 runs - GPU latency: 4.43477 ms - Host latency: 5.13789 ms (enqueue 0.0111328 ms)
[05/02/2026-11:52:38] [I] Average on 10 runs - GPU latency: 4.4373 ms - Host latency: 5.1373 ms (enqueue 0.0107422 ms)
[05/02/2026-11:52:38] [I] Average on 10 runs - GPU latency: 4.44219 ms - Host latency: 5.15508 ms (enqueue 0.0117188 ms)
[05/02/2026-11:52:38] [I] Average on 10 runs - GPU latency: 4.44141 ms - Host latency: 5.15547 ms (enqueue 0.0132813 ms)
[05/02/2026-11:52:38] [I] Average on 10 runs - GPU latency: 4.43477 ms - Host latency: 5.13828 ms (enqueue 0.0117188 ms)
[05/02/2026-11:52:38] [I] Average on 10 runs - GPU latency: 4.43672 ms - Host latency: 5.13574 ms (enqueue 0.0103516 ms)
[05/02/2026-11:52:38] [I] Average on 10 runs - GPU latency: 4.43809 ms - Host latency: 5.13965 ms (enqueue 0.0103516 ms)
[05/02/2026-11:52:38] [I] Average on 10 runs - GPU latency: 4.43457 ms - Host latency: 5.13672 ms (enqueue 0.0115234 ms)
[05/02/2026-11:52:38] [I] Average on 10 runs - GPU latency: 4.43496 ms - Host latency: 5.13555 ms (enqueue 0.0107422 ms)
[05/02/2026-11:52:38] [I] Average on 10 runs - GPU latency: 4.4373 ms - Host latency: 5.13828 ms (enqueue 0.0103516 ms)
[05/02/2026-11:52:38] [I] Average on 10 runs - GPU latency: 4.43437 ms - Host latency: 5.13516 ms (enqueue 0.0105469 ms)
[05/02/2026-11:52:38] [I] Average on 10 runs - GPU latency: 4.43945 ms - Host latency: 5.13945 ms (enqueue 0.0107422 ms)
[05/02/2026-11:52:38] [I] Average on 10 runs - GPU latency: 4.43633 ms - Host latency: 5.13652 ms (enqueue 0.0107422 ms)
[05/02/2026-11:52:38] [I] Average on 10 runs - GPU latency: 4.43652 ms - Host latency: 5.13711 ms (enqueue 0.0103516 ms)
[05/02/2026-11:52:38] [I] Average on 10 runs - GPU latency: 4.43809 ms - Host latency: 5.13809 ms (enqueue 0.0103516 ms)
[05/02/2026-11:52:38] [I] Average on 10 runs - GPU latency: 4.43809 ms - Host latency: 5.13613 ms (enqueue 0.0109375 ms)
[05/02/2026-11:52:38] [I] Average on 10 runs - GPU latency: 4.44082 ms - Host latency: 5.14043 ms (enqueue 0.00976562 ms)
[05/02/2026-11:52:38] [I] Average on 10 runs - GPU latency: 4.43594 ms - Host latency: 5.13418 ms (enqueue 0.0109375 ms)
[05/02/2026-11:52:38] [I] Average on 10 runs - GPU latency: 4.43672 ms - Host latency: 5.13477 ms (enqueue 0.0107422 ms)
[05/02/2026-11:52:38] [I] Average on 10 runs - GPU latency: 4.4375 ms - Host latency: 5.1375 ms (enqueue 0.0113281 ms)
[05/02/2026-11:52:38] [I] Average on 10 runs - GPU latency: 4.43906 ms - Host latency: 5.13418 ms (enqueue 0.0107422 ms)
[05/02/2026-11:52:38] [I] Average on 10 runs - GPU latency: 4.4373 ms - Host latency: 5.1377 ms (enqueue 0.0107422 ms)
[05/02/2026-11:52:38] [I] Average on 10 runs - GPU latency: 4.43848 ms - Host latency: 5.13848 ms (enqueue 0.0107422 ms)
[05/02/2026-11:52:38] [I] Average on 10 runs - GPU latency: 4.43711 ms - Host latency: 5.13789 ms (enqueue 0.0111328 ms)
[05/02/2026-11:52:38] [I] Average on 10 runs - GPU latency: 4.43574 ms - Host latency: 5.13828 ms (enqueue 0.0101562 ms)
[05/02/2026-11:52:38] [I] Average on 10 runs - GPU latency: 4.44063 ms - Host latency: 5.14961 ms (enqueue 0.0132813 ms)
[05/02/2026-11:52:38] [I] Average on 10 runs - GPU latency: 4.43867 ms - Host latency: 5.14141 ms (enqueue 0.0113281 ms)
[05/02/2026-11:52:38] [I] Average on 10 runs - GPU latency: 4.43164 ms - Host latency: 5.13105 ms (enqueue 0.0101562 ms)
[05/02/2026-11:52:38] [I] Average on 10 runs - GPU latency: 4.44863 ms - Host latency: 5.16758 ms (enqueue 0.0115234 ms)
[05/02/2026-11:52:38] [I] Average on 10 runs - GPU latency: 4.4375 ms - Host latency: 5.13887 ms (enqueue 0.0111328 ms)
[05/02/2026-11:52:38] [I] Average on 10 runs - GPU latency: 4.43496 ms - Host latency: 5.13691 ms (enqueue 0.0101562 ms)
[05/02/2026-11:52:38] [I] Average on 10 runs - GPU latency: 4.43613 ms - Host latency: 5.13672 ms (enqueue 0.0107422 ms)
[05/02/2026-11:52:38] [I] Average on 10 runs - GPU latency: 4.43691 ms - Host latency: 5.13574 ms (enqueue 0.0109375 ms)
[05/02/2026-11:52:38] [I] Average on 10 runs - GPU latency: 4.43477 ms - Host latency: 5.13516 ms (enqueue 0.0103516 ms)
[05/02/2026-11:52:38] [I] Average on 10 runs - GPU latency: 4.43965 ms - Host latency: 5.13828 ms (enqueue 0.00976562 ms)
[05/02/2026-11:52:38] [I] Average on 10 runs - GPU latency: 4.4375 ms - Host latency: 5.1418 ms (enqueue 0.0105469 ms)
[05/02/2026-11:52:38] [I] Average on 10 runs - GPU latency: 4.43965 ms - Host latency: 5.14609 ms (enqueue 0.0105469 ms)
[05/02/2026-11:52:38] [I] Average on 10 runs - GPU latency: 4.43926 ms - Host latency: 5.14141 ms (enqueue 0.0105469 ms)
[05/02/2026-11:52:38] [I] Average on 10 runs - GPU latency: 4.43848 ms - Host latency: 5.13711 ms (enqueue 0.00976562 ms)
[05/02/2026-11:52:38] [I] Average on 10 runs - GPU latency: 4.43887 ms - Host latency: 5.1373 ms (enqueue 0.0105469 ms)
[05/02/2026-11:52:38] [I] Average on 10 runs - GPU latency: 4.43418 ms - Host latency: 5.13516 ms (enqueue 0.00996094 ms)
[05/02/2026-11:52:38] [I] Average on 10 runs - GPU latency: 4.43613 ms - Host latency: 5.13652 ms (enqueue 0.0107422 ms)
[05/02/2026-11:52:38] [I] Average on 10 runs - GPU latency: 4.4418 ms - Host latency: 5.1416 ms (enqueue 0.00996094 ms)
[05/02/2026-11:52:38] [I] Average on 10 runs - GPU latency: 4.44375 ms - Host latency: 5.15605 ms (enqueue 0.0107422 ms)
[05/02/2026-11:52:38] [I] Average on 10 runs - GPU latency: 4.44023 ms - Host latency: 5.1418 ms (enqueue 0.0107422 ms)
[05/02/2026-11:52:38] [I] Average on 10 runs - GPU latency: 4.43965 ms - Host latency: 5.1377 ms (enqueue 0.0103516 ms)
[05/02/2026-11:52:38] [I] Average on 10 runs - GPU latency: 4.44199 ms - Host latency: 5.1416 ms (enqueue 0.00996094 ms)
[05/02/2026-11:52:38] [I] Average on 10 runs - GPU latency: 4.44102 ms - Host latency: 5.14277 ms (enqueue 0.0103516 ms)
[05/02/2026-11:52:38] [I] Average on 10 runs - GPU latency: 4.44023 ms - Host latency: 5.1416 ms (enqueue 0.00996094 ms)
[05/02/2026-11:52:38] [I] Average on 10 runs - GPU latency: 4.43945 ms - Host latency: 5.14004 ms (enqueue 0.0107422 ms)
[05/02/2026-11:52:38] [I] Average on 10 runs - GPU latency: 4.43516 ms - Host latency: 5.13516 ms (enqueue 0.0103516 ms)
[05/02/2026-11:52:38] [I] Average on 10 runs - GPU latency: 4.43926 ms - Host latency: 5.1373 ms (enqueue 0.0103516 ms)
[05/02/2026-11:52:38] [I] Average on 10 runs - GPU latency: 4.43398 ms - Host latency: 5.13574 ms (enqueue 0.0107422 ms)
[05/02/2026-11:52:38] [I] Average on 10 runs - GPU latency: 4.43633 ms - Host latency: 5.13477 ms (enqueue 0.009375 ms)
[05/02/2026-11:52:38] [I] Average on 10 runs - GPU latency: 4.43828 ms - Host latency: 5.14121 ms (enqueue 0.0107422 ms)
[05/02/2026-11:52:38] [I] Average on 10 runs - GPU latency: 4.4373 ms - Host latency: 5.13887 ms (enqueue 0.0101562 ms)
[05/02/2026-11:52:38] [I] Average on 10 runs - GPU latency: 4.43789 ms - Host latency: 5.13672 ms (enqueue 0.0105469 ms)
[05/02/2026-11:52:38] [I] Average on 10 runs - GPU latency: 4.44121 ms - Host latency: 5.13867 ms (enqueue 0.0111328 ms)
[05/02/2026-11:52:38] [I] Average on 10 runs - GPU latency: 4.43437 ms - Host latency: 5.13457 ms (enqueue 0.0111328 ms)
[05/02/2026-11:52:38] [I] Average on 10 runs - GPU latency: 4.43672 ms - Host latency: 5.13887 ms (enqueue 0.0109375 ms)
[05/02/2026-11:52:38] [I] Average on 10 runs - GPU latency: 4.43691 ms - Host latency: 5.1373 ms (enqueue 0.0101562 ms)
[05/02/2026-11:52:38] [I] Average on 10 runs - GPU latency: 4.4377 ms - Host latency: 5.14082 ms (enqueue 0.0150391 ms)
[05/02/2026-11:52:38] [I] Average on 10 runs - GPU latency: 4.43809 ms - Host latency: 5.1416 ms (enqueue 0.0103516 ms)
[05/02/2026-11:52:38] [I] Average on 10 runs - GPU latency: 4.43613 ms - Host latency: 5.13887 ms (enqueue 0.0107422 ms)
[05/02/2026-11:52:38] [I] Average on 10 runs - GPU latency: 4.43633 ms - Host latency: 5.13633 ms (enqueue 0.0107422 ms)
[05/02/2026-11:52:38] [I] Average on 10 runs - GPU latency: 4.4377 ms - Host latency: 5.13867 ms (enqueue 0.0117188 ms)
[05/02/2026-11:52:38] [I] Average on 10 runs - GPU latency: 4.43984 ms - Host latency: 5.13691 ms (enqueue 0.0117188 ms)
[05/02/2026-11:52:38] [I] Average on 10 runs - GPU latency: 4.4543 ms - Host latency: 5.18867 ms (enqueue 0.0103516 ms)
[05/02/2026-11:52:38] [I] Average on 10 runs - GPU latency: 4.43672 ms - Host latency: 5.13594 ms (enqueue 0.0109375 ms)
[05/02/2026-11:52:38] [I] Average on 10 runs - GPU latency: 4.43906 ms - Host latency: 5.14004 ms (enqueue 0.0121094 ms)
[05/02/2026-11:52:38] [I] Average on 10 runs - GPU latency: 4.4373 ms - Host latency: 5.13613 ms (enqueue 0.0105469 ms)
[05/02/2026-11:52:38] [I] Average on 10 runs - GPU latency: 4.44043 ms - Host latency: 5.14316 ms (enqueue 0.0113281 ms)
[05/02/2026-11:52:38] [I] Average on 10 runs - GPU latency: 4.43652 ms - Host latency: 5.13594 ms (enqueue 0.0111328 ms)
[05/02/2026-11:52:38] [I] Average on 10 runs - GPU latency: 4.43906 ms - Host latency: 5.13965 ms (enqueue 0.0115234 ms)
[05/02/2026-11:52:38] [I] Average on 10 runs - GPU latency: 4.43633 ms - Host latency: 5.1375 ms (enqueue 0.0142578 ms)
[05/02/2026-11:52:38] [I] Average on 10 runs - GPU latency: 4.43848 ms - Host latency: 5.13984 ms (enqueue 0.0109375 ms)
[05/02/2026-11:52:38] [I] Average on 10 runs - GPU latency: 4.4418 ms - Host latency: 5.14824 ms (enqueue 0.0140625 ms)
[05/02/2026-11:52:38] [I] Average on 10 runs - GPU latency: 4.43984 ms - Host latency: 5.14434 ms (enqueue 0.0132813 ms)
[05/02/2026-11:52:38] [I] Average on 10 runs - GPU latency: 4.43652 ms - Host latency: 5.14492 ms (enqueue 0.0128906 ms)
[05/02/2026-11:52:38] [I] Average on 10 runs - GPU latency: 4.43906 ms - Host latency: 5.13906 ms (enqueue 0.0107422 ms)
[05/02/2026-11:52:38] [I] Average on 10 runs - GPU latency: 4.43672 ms - Host latency: 5.1377 ms (enqueue 0.0105469 ms)
[05/02/2026-11:52:38] [I] Average on 10 runs - GPU latency: 4.43652 ms - Host latency: 5.1377 ms (enqueue 0.0105469 ms)
[05/02/2026-11:52:38] [I] Average on 10 runs - GPU latency: 4.43672 ms - Host latency: 5.13887 ms (enqueue 0.0117188 ms)
[05/02/2026-11:52:38] [I] Average on 10 runs - GPU latency: 4.43242 ms - Host latency: 5.13066 ms (enqueue 0.0109375 ms)
[05/02/2026-11:52:38] [I] Average on 10 runs - GPU latency: 4.4377 ms - Host latency: 5.14004 ms (enqueue 0.0115234 ms)
[05/02/2026-11:52:38] [I] Average on 10 runs - GPU latency: 4.43711 ms - Host latency: 5.1377 ms (enqueue 0.0109375 ms)
[05/02/2026-11:52:38] [I] Average on 10 runs - GPU latency: 4.4377 ms - Host latency: 5.13984 ms (enqueue 0.0109375 ms)
[05/02/2026-11:52:38] [I] Average on 10 runs - GPU latency: 4.43652 ms - Host latency: 5.13809 ms (enqueue 0.0119141 ms)
[05/02/2026-11:52:38] [I] Average on 10 runs - GPU latency: 4.43711 ms - Host latency: 5.14258 ms (enqueue 0.0115234 ms)
[05/02/2026-11:52:38] [I] Average on 10 runs - GPU latency: 4.43477 ms - Host latency: 5.13398 ms (enqueue 0.00996094 ms)
[05/02/2026-11:52:38] [I] Average on 10 runs - GPU latency: 4.44336 ms - Host latency: 5.15391 ms (enqueue 0.0109375 ms)
[05/02/2026-11:52:38] [I] Average on 10 runs - GPU latency: 4.43828 ms - Host latency: 5.13867 ms (enqueue 0.0134766 ms)
[05/02/2026-11:52:38] [I] Average on 10 runs - GPU latency: 4.43672 ms - Host latency: 5.13496 ms (enqueue 0.0109375 ms)
[05/02/2026-11:52:38] [I] Average on 10 runs - GPU latency: 4.43848 ms - Host latency: 5.1416 ms (enqueue 0.0111328 ms)
[05/02/2026-11:52:38] [I] Average on 10 runs - GPU latency: 4.43945 ms - Host latency: 5.13848 ms (enqueue 0.0113281 ms)
[05/02/2026-11:52:38] [I] Average on 10 runs - GPU latency: 4.43555 ms - Host latency: 5.14004 ms (enqueue 0.0113281 ms)
[05/02/2026-11:52:38] [I] Average on 10 runs - GPU latency: 4.43691 ms - Host latency: 5.13828 ms (enqueue 0.0105469 ms)
[05/02/2026-11:52:38] [I] Average on 10 runs - GPU latency: 4.4377 ms - Host latency: 5.1375 ms (enqueue 0.0134766 ms)
[05/02/2026-11:52:38] [I] Average on 10 runs - GPU latency: 4.4377 ms - Host latency: 5.13926 ms (enqueue 0.0103516 ms)
[05/02/2026-11:52:38] [I] Average on 10 runs - GPU latency: 4.43691 ms - Host latency: 5.13594 ms (enqueue 0.0111328 ms)
[05/02/2026-11:52:38] [I] Average on 10 runs - GPU latency: 4.44219 ms - Host latency: 5.14824 ms (enqueue 0.0130859 ms)
[05/02/2026-11:52:38] [I] 
[05/02/2026-11:52:38] [I] === Performance summary ===
[05/02/2026-11:52:38] [I] Throughput: 225.137 qps
[05/02/2026-11:52:38] [I] Latency: min = 4.9082 ms, max = 5.25391 ms, mean = 5.14116 ms, median = 5.13965 ms, percentile(90%) = 5.1543 ms, percentile(95%) = 5.16211 ms, percentile(99%) = 5.20117 ms
[05/02/2026-11:52:38] [I] Enqueue Time: min = 0.0078125 ms, max = 0.0512695 ms, mean = 0.0118468 ms, median = 0.0117188 ms, percentile(90%) = 0.0141602 ms, percentile(95%) = 0.015625 ms, percentile(99%) = 0.0202637 ms
[05/02/2026-11:52:38] [I] H2D Latency: min = 0.225586 ms, max = 0.323242 ms, mean = 0.234949 ms, median = 0.232422 ms, percentile(90%) = 0.240234 ms, percentile(95%) = 0.249023 ms, percentile(99%) = 0.28418 ms
[05/02/2026-11:52:38] [I] GPU Compute Time: min = 4.4082 ms, max = 4.48438 ms, mean = 4.43822 ms, median = 4.4375 ms, percentile(90%) = 4.4458 ms, percentile(95%) = 4.44922 ms, percentile(99%) = 4.46094 ms
[05/02/2026-11:52:38] [I] D2H Latency: min = 0.265625 ms, max = 0.499512 ms, mean = 0.467974 ms, median = 0.468262 ms, percentile(90%) = 0.474609 ms, percentile(95%) = 0.476562 ms, percentile(99%) = 0.479004 ms
[05/02/2026-11:52:38] [I] Total Host Walltime: 30.0129 s
[05/02/2026-11:52:38] [I] Total GPU Compute Time: 29.9891 s
[05/02/2026-11:52:38] [I] Explanations of the performance metrics are printed in the verbose logs.
[05/02/2026-11:52:38] [I] 
&&&& PASSED TensorRT.trtexec [TensorRT v100300] # trtexec --loadEngine=engines/fp16/yolov8n_seg_fp16.engine --warmUp=500 --duration=30 --iterations=1000 --useCudaGraph
