&&&& RUNNING TensorRT.trtexec [TensorRT v100300] # trtexec --loadEngine=engines/fp32/yolov8n_fp32.engine --warmUp=500 --duration=30 --iterations=1000 --useCudaGraph
[05/02/2026-11:49:58] [I] === Model Options ===
[05/02/2026-11:49:58] [I] Format: *
[05/02/2026-11:49:58] [I] Model: 
[05/02/2026-11:49:58] [I] Output:
[05/02/2026-11:49:58] [I] 
[05/02/2026-11:49:58] [I] === System Options ===
[05/02/2026-11:49:58] [I] Device: 0
[05/02/2026-11:49:58] [I] DLACore: 
[05/02/2026-11:49:58] [I] Plugins:
[05/02/2026-11:49:58] [I] setPluginsToSerialize:
[05/02/2026-11:49:58] [I] dynamicPlugins:
[05/02/2026-11:49:58] [I] ignoreParsedPluginLibs: 0
[05/02/2026-11:49:58] [I] 
[05/02/2026-11:49:58] [I] === Inference Options ===
[05/02/2026-11:49:58] [I] Batch: Explicit
[05/02/2026-11:49:58] [I] Input inference shapes: model
[05/02/2026-11:49:58] [I] Iterations: 1000
[05/02/2026-11:49:58] [I] Duration: 30s (+ 500ms warm up)
[05/02/2026-11:49:58] [I] Sleep time: 0ms
[05/02/2026-11:49:58] [I] Idle time: 0ms
[05/02/2026-11:49:58] [I] Inference Streams: 1
[05/02/2026-11:49:58] [I] ExposeDMA: Disabled
[05/02/2026-11:49:58] [I] Data transfers: Enabled
[05/02/2026-11:49:58] [I] Spin-wait: Disabled
[05/02/2026-11:49:58] [I] Multithreading: Disabled
[05/02/2026-11:49:58] [I] CUDA Graph: Enabled
[05/02/2026-11:49:58] [I] Separate profiling: Disabled
[05/02/2026-11:49:58] [I] Time Deserialize: Disabled
[05/02/2026-11:49:58] [I] Time Refit: Disabled
[05/02/2026-11:49:58] [I] NVTX verbosity: 0
[05/02/2026-11:49:58] [I] Persistent Cache Ratio: 0
[05/02/2026-11:49:58] [I] Optimization Profile Index: 0
[05/02/2026-11:49:58] [I] Weight Streaming Budget: 100.000000%
[05/02/2026-11:49:58] [I] Inputs:
[05/02/2026-11:49:58] [I] Debug Tensor Save Destinations:
[05/02/2026-11:49:58] [I] === Reporting Options ===
[05/02/2026-11:49:58] [I] Verbose: Disabled
[05/02/2026-11:49:58] [I] Averages: 10 inferences
[05/02/2026-11:49:58] [I] Percentiles: 90,95,99
[05/02/2026-11:49:58] [I] Dump refittable layers:Disabled
[05/02/2026-11:49:58] [I] Dump output: Disabled
[05/02/2026-11:49:58] [I] Profile: Disabled
[05/02/2026-11:49:58] [I] Export timing to JSON file: 
[05/02/2026-11:49:58] [I] Export output to JSON file: 
[05/02/2026-11:49:58] [I] Export profile to JSON file: 
[05/02/2026-11:49:58] [I] 
[05/02/2026-11:49:58] [I] === Device Information ===
[05/02/2026-11:49:59] [I] Available Devices: 
[05/02/2026-11:49:59] [I]   Device 0: "Orin" UUID: GPU-26daf1d3-793d-51c3-b64d-183a438e6666
[05/02/2026-11:49:59] [I] Selected Device: Orin
[05/02/2026-11:49:59] [I] Selected Device ID: 0
[05/02/2026-11:49:59] [I] Selected Device UUID: GPU-26daf1d3-793d-51c3-b64d-183a438e6666
[05/02/2026-11:49:59] [I] Compute Capability: 8.7
[05/02/2026-11:49:59] [I] SMs: 8
[05/02/2026-11:49:59] [I] Device Global Memory: 7607 MiB
[05/02/2026-11:49:59] [I] Shared Memory per SM: 164 KiB
[05/02/2026-11:49:59] [I] Memory Bus Width: 128 bits (ECC disabled)
[05/02/2026-11:49:59] [I] Application Compute Clock Rate: 1.02 GHz
[05/02/2026-11:49:59] [I] Application Memory Clock Rate: 1.02 GHz
[05/02/2026-11:49:59] [I] 
[05/02/2026-11:49:59] [I] Note: The application clock rates do not reflect the actual clock rates that the GPU is currently running at.
[05/02/2026-11:49:59] [I] 
[05/02/2026-11:49:59] [I] TensorRT version: 10.3.0
[05/02/2026-11:49:59] [I] Loading standard plugins
[05/02/2026-11:50:03] [I] [TRT] Loaded engine size: 13 MiB
[05/02/2026-11:50:04] [W] [TRT] Using an engine plan file across different models of devices is not recommended and is likely to affect performance or even cause errors.
[05/02/2026-11:50:04] [I] Engine deserialized in 0.813012 sec.
[05/02/2026-11:50:04] [I] [TRT] [MemUsageChange] TensorRT-managed allocation in IExecutionContext creation: CPU +0, GPU +18, now: CPU 0, GPU 30 (MiB)
[05/02/2026-11:50:04] [I] Setting persistentCacheLimit to 0 bytes.
[05/02/2026-11:50:04] [I] Created execution context with device memory size: 18.5547 MiB
[05/02/2026-11:50:04] [I] Using random values for input images
[05/02/2026-11:50:04] [I] Input binding for images with dimensions 1x3x640x640 is created.
[05/02/2026-11:50:04] [I] Output binding for output0 with dimensions 1x84x8400 is created.
[05/02/2026-11:50:04] [I] Starting inference
[05/02/2026-11:50:04] [I] Capturing CUDA graph for the current execution context
[05/02/2026-11:50:04] [I] Successfully captured CUDA graph for the current execution context
[05/02/2026-11:50:34] [I] Warmup completed 23 queries over 500 ms
[05/02/2026-11:50:34] [I] Timing trace has 4274 queries over 30.0199 s
[05/02/2026-11:50:34] [I] 
[05/02/2026-11:50:34] [I] === Trace details ===
[05/02/2026-11:50:34] [I] Trace averages of 10 runs:
[05/02/2026-11:50:34] [I] Average on 10 runs - GPU latency: 8.28762 ms - Host latency: 9.06537 ms (enqueue 0.01586 ms)
[05/02/2026-11:50:34] [I] Average on 10 runs - GPU latency: 8.29667 ms - Host latency: 9.12455 ms (enqueue 0.0156189 ms)
[05/02/2026-11:50:34] [I] Average on 10 runs - GPU latency: 8.29073 ms - Host latency: 9.12324 ms (enqueue 0.0139587 ms)
[05/02/2026-11:50:34] [I] Average on 10 runs - GPU latency: 8.29521 ms - Host latency: 9.12101 ms (enqueue 0.0158997 ms)
[05/02/2026-11:50:34] [I] Average on 10 runs - GPU latency: 8.32381 ms - Host latency: 9.1639 ms (enqueue 0.019397 ms)
[05/02/2026-11:50:34] [I] Average on 10 runs - GPU latency: 8.29213 ms - Host latency: 9.12618 ms (enqueue 0.0147705 ms)
[05/02/2026-11:50:34] [I] Average on 10 runs - GPU latency: 8.29172 ms - Host latency: 9.11924 ms (enqueue 0.013324 ms)
[05/02/2026-11:50:34] [I] Average on 10 runs - GPU latency: 8.29099 ms - Host latency: 9.12771 ms (enqueue 0.0143188 ms)
[05/02/2026-11:50:34] [I] Average on 10 runs - GPU latency: 8.29716 ms - Host latency: 9.13176 ms (enqueue 0.0135132 ms)
[05/02/2026-11:50:34] [I] Average on 10 runs - GPU latency: 7.62092 ms - Host latency: 8.31486 ms (enqueue 0.0127563 ms)
[05/02/2026-11:50:34] [I] Average on 10 runs - GPU latency: 6.98722 ms - Host latency: 7.51996 ms (enqueue 0.0129883 ms)
[05/02/2026-11:50:34] [I] Average on 10 runs - GPU latency: 6.99132 ms - Host latency: 7.52354 ms (enqueue 0.0123413 ms)
[05/02/2026-11:50:34] [I] Average on 10 runs - GPU latency: 6.99166 ms - Host latency: 7.5267 ms (enqueue 0.0120728 ms)
[05/02/2026-11:50:34] [I] Average on 10 runs - GPU latency: 6.98234 ms - Host latency: 7.50984 ms (enqueue 0.0159424 ms)
[05/02/2026-11:50:34] [I] Average on 10 runs - GPU latency: 6.98978 ms - Host latency: 7.52324 ms (enqueue 0.0142822 ms)
[05/02/2026-11:50:34] [I] Average on 10 runs - GPU latency: 6.98763 ms - Host latency: 7.52065 ms (enqueue 0.0114624 ms)
[05/02/2026-11:50:34] [I] Average on 10 runs - GPU latency: 6.99059 ms - Host latency: 7.52245 ms (enqueue 0.0169434 ms)
[05/02/2026-11:50:34] [I] Average on 10 runs - GPU latency: 6.98685 ms - Host latency: 7.52002 ms (enqueue 0.0134766 ms)
[05/02/2026-11:50:34] [I] Average on 10 runs - GPU latency: 6.99272 ms - Host latency: 7.52701 ms (enqueue 0.0115479 ms)
[05/02/2026-11:50:34] [I] Average on 10 runs - GPU latency: 6.98436 ms - Host latency: 7.5186 ms (enqueue 0.0134521 ms)
[05/02/2026-11:50:34] [I] Average on 10 runs - GPU latency: 6.98751 ms - Host latency: 7.52098 ms (enqueue 0.0141113 ms)
[05/02/2026-11:50:34] [I] Average on 10 runs - GPU latency: 6.99048 ms - Host latency: 7.52305 ms (enqueue 0.0121582 ms)
[05/02/2026-11:50:34] [I] Average on 10 runs - GPU latency: 6.98835 ms - Host latency: 7.52258 ms (enqueue 0.0129883 ms)
[05/02/2026-11:50:34] [I] Average on 10 runs - GPU latency: 6.99309 ms - Host latency: 7.52615 ms (enqueue 0.0131836 ms)
[05/02/2026-11:50:34] [I] Average on 10 runs - GPU latency: 6.98787 ms - Host latency: 7.52048 ms (enqueue 0.0129639 ms)
[05/02/2026-11:50:34] [I] Average on 10 runs - GPU latency: 6.98582 ms - Host latency: 7.51865 ms (enqueue 0.020874 ms)
[05/02/2026-11:50:34] [I] Average on 10 runs - GPU latency: 6.98987 ms - Host latency: 7.52244 ms (enqueue 0.0143555 ms)
[05/02/2026-11:50:34] [I] Average on 10 runs - GPU latency: 6.98984 ms - Host latency: 7.51731 ms (enqueue 0.0136475 ms)
[05/02/2026-11:50:34] [I] Average on 10 runs - GPU latency: 6.9978 ms - Host latency: 7.53359 ms (enqueue 0.0124756 ms)
[05/02/2026-11:50:34] [I] Average on 10 runs - GPU latency: 6.99805 ms - Host latency: 7.53792 ms (enqueue 0.0127686 ms)
[05/02/2026-11:50:34] [I] Average on 10 runs - GPU latency: 6.99453 ms - Host latency: 7.52917 ms (enqueue 0.0111816 ms)
[05/02/2026-11:50:34] [I] Average on 10 runs - GPU latency: 6.98708 ms - Host latency: 7.52043 ms (enqueue 0.0160889 ms)
[05/02/2026-11:50:34] [I] Average on 10 runs - GPU latency: 6.99084 ms - Host latency: 7.52344 ms (enqueue 0.0131592 ms)
[05/02/2026-11:50:34] [I] Average on 10 runs - GPU latency: 6.98892 ms - Host latency: 7.52202 ms (enqueue 0.0110352 ms)
[05/02/2026-11:50:34] [I] Average on 10 runs - GPU latency: 6.99219 ms - Host latency: 7.52585 ms (enqueue 0.012793 ms)
[05/02/2026-11:50:34] [I] Average on 10 runs - GPU latency: 6.99402 ms - Host latency: 7.52659 ms (enqueue 0.0126221 ms)
[05/02/2026-11:50:34] [I] Average on 10 runs - GPU latency: 6.99146 ms - Host latency: 7.52166 ms (enqueue 0.0111084 ms)
[05/02/2026-11:50:34] [I] Average on 10 runs - GPU latency: 6.99253 ms - Host latency: 7.5262 ms (enqueue 0.0123047 ms)
[05/02/2026-11:50:34] [I] Average on 10 runs - GPU latency: 6.98496 ms - Host latency: 7.51536 ms (enqueue 0.012915 ms)
[05/02/2026-11:50:34] [I] Average on 10 runs - GPU latency: 6.9853 ms - Host latency: 7.51736 ms (enqueue 0.0113037 ms)
[05/02/2026-11:50:34] [I] Average on 10 runs - GPU latency: 6.98762 ms - Host latency: 7.51968 ms (enqueue 0.0127441 ms)
[05/02/2026-11:50:34] [I] Average on 10 runs - GPU latency: 6.98762 ms - Host latency: 7.51838 ms (enqueue 0.0151367 ms)
[05/02/2026-11:50:34] [I] Average on 10 runs - GPU latency: 6.98972 ms - Host latency: 7.51479 ms (enqueue 0.0123047 ms)
[05/02/2026-11:50:34] [I] Average on 10 runs - GPU latency: 6.99612 ms - Host latency: 7.5323 ms (enqueue 0.0135742 ms)
[05/02/2026-11:50:34] [I] Average on 10 runs - GPU latency: 6.98608 ms - Host latency: 7.51785 ms (enqueue 0.0127197 ms)
[05/02/2026-11:50:34] [I] Average on 10 runs - GPU latency: 6.99016 ms - Host latency: 7.52402 ms (enqueue 0.0104736 ms)
[05/02/2026-11:50:34] [I] Average on 10 runs - GPU latency: 6.98306 ms - Host latency: 7.48779 ms (enqueue 0.0132324 ms)
[05/02/2026-11:50:34] [I] Average on 10 runs - GPU latency: 6.98926 ms - Host latency: 7.52039 ms (enqueue 0.0150635 ms)
[05/02/2026-11:50:34] [I] Average on 10 runs - GPU latency: 6.98457 ms - Host latency: 7.51646 ms (enqueue 0.011792 ms)
[05/02/2026-11:50:34] [I] Average on 10 runs - GPU latency: 6.98755 ms - Host latency: 7.51853 ms (enqueue 0.0134766 ms)
[05/02/2026-11:50:34] [I] Average on 10 runs - GPU latency: 6.99326 ms - Host latency: 7.52437 ms (enqueue 0.0141113 ms)
[05/02/2026-11:50:34] [I] Average on 10 runs - GPU latency: 6.98569 ms - Host latency: 7.51719 ms (enqueue 0.0111816 ms)
[05/02/2026-11:50:34] [I] Average on 10 runs - GPU latency: 6.99028 ms - Host latency: 7.52344 ms (enqueue 0.0114746 ms)
[05/02/2026-11:50:34] [I] Average on 10 runs - GPU latency: 6.99341 ms - Host latency: 7.52573 ms (enqueue 0.0139648 ms)
[05/02/2026-11:50:34] [I] Average on 10 runs - GPU latency: 6.99438 ms - Host latency: 7.52651 ms (enqueue 0.0108887 ms)
[05/02/2026-11:50:34] [I] Average on 10 runs - GPU latency: 6.9937 ms - Host latency: 7.51265 ms (enqueue 0.0137695 ms)
[05/02/2026-11:50:34] [I] Average on 10 runs - GPU latency: 6.99243 ms - Host latency: 7.52485 ms (enqueue 0.0123047 ms)
[05/02/2026-11:50:34] [I] Average on 10 runs - GPU latency: 6.99082 ms - Host latency: 7.51929 ms (enqueue 0.0143555 ms)
[05/02/2026-11:50:34] [I] Average on 10 runs - GPU latency: 6.98643 ms - Host latency: 7.51719 ms (enqueue 0.0146973 ms)
[05/02/2026-11:50:34] [I] Average on 10 runs - GPU latency: 6.99556 ms - Host latency: 7.52754 ms (enqueue 0.0146973 ms)
[05/02/2026-11:50:34] [I] Average on 10 runs - GPU latency: 6.98975 ms - Host latency: 7.52158 ms (enqueue 0.0150391 ms)
[05/02/2026-11:50:34] [I] Average on 10 runs - GPU latency: 6.98877 ms - Host latency: 7.52002 ms (enqueue 0.013916 ms)
[05/02/2026-11:50:34] [I] Average on 10 runs - GPU latency: 6.98887 ms - Host latency: 7.52061 ms (enqueue 0.0146973 ms)
[05/02/2026-11:50:34] [I] Average on 10 runs - GPU latency: 6.99141 ms - Host latency: 7.52231 ms (enqueue 0.0142578 ms)
[05/02/2026-11:50:34] [I] Average on 10 runs - GPU latency: 6.99272 ms - Host latency: 7.52197 ms (enqueue 0.0149902 ms)
[05/02/2026-11:50:34] [I] Average on 10 runs - GPU latency: 6.9938 ms - Host latency: 7.52505 ms (enqueue 0.0144043 ms)
[05/02/2026-11:50:34] [I] Average on 10 runs - GPU latency: 6.98477 ms - Host latency: 7.5146 ms (enqueue 0.0106934 ms)
[05/02/2026-11:50:34] [I] Average on 10 runs - GPU latency: 6.98677 ms - Host latency: 7.51597 ms (enqueue 0.010791 ms)
[05/02/2026-11:50:34] [I] Average on 10 runs - GPU latency: 6.99282 ms - Host latency: 7.52461 ms (enqueue 0.0118652 ms)
[05/02/2026-11:50:34] [I] Average on 10 runs - GPU latency: 6.99243 ms - Host latency: 7.52451 ms (enqueue 0.0125488 ms)
[05/02/2026-11:50:34] [I] Average on 10 runs - GPU latency: 6.98589 ms - Host latency: 7.51675 ms (enqueue 0.0133789 ms)
[05/02/2026-11:50:34] [I] Average on 10 runs - GPU latency: 6.99458 ms - Host latency: 7.52563 ms (enqueue 0.0144043 ms)
[05/02/2026-11:50:34] [I] Average on 10 runs - GPU latency: 6.99731 ms - Host latency: 7.52827 ms (enqueue 0.0135742 ms)
[05/02/2026-11:50:34] [I] Average on 10 runs - GPU latency: 6.99155 ms - Host latency: 7.52437 ms (enqueue 0.012793 ms)
[05/02/2026-11:50:34] [I] Average on 10 runs - GPU latency: 6.99751 ms - Host latency: 7.5311 ms (enqueue 0.0109863 ms)
[05/02/2026-11:50:34] [I] Average on 10 runs - GPU latency: 6.98984 ms - Host latency: 7.51841 ms (enqueue 0.0147949 ms)
[05/02/2026-11:50:34] [I] Average on 10 runs - GPU latency: 6.99082 ms - Host latency: 7.52207 ms (enqueue 0.0127441 ms)
[05/02/2026-11:50:34] [I] Average on 10 runs - GPU latency: 6.98594 ms - Host latency: 7.51694 ms (enqueue 0.0129395 ms)
[05/02/2026-11:50:34] [I] Average on 10 runs - GPU latency: 6.98823 ms - Host latency: 7.52026 ms (enqueue 0.0113281 ms)
[05/02/2026-11:50:34] [I] Average on 10 runs - GPU latency: 6.99229 ms - Host latency: 7.52344 ms (enqueue 0.0121094 ms)
[05/02/2026-11:50:34] [I] Average on 10 runs - GPU latency: 6.98926 ms - Host latency: 7.52207 ms (enqueue 0.0114258 ms)
[05/02/2026-11:50:34] [I] Average on 10 runs - GPU latency: 6.98979 ms - Host latency: 7.5208 ms (enqueue 0.0117676 ms)
[05/02/2026-11:50:34] [I] Average on 10 runs - GPU latency: 6.99536 ms - Host latency: 7.5292 ms (enqueue 0.0118164 ms)
[05/02/2026-11:50:34] [I] Average on 10 runs - GPU latency: 6.99468 ms - Host latency: 7.52646 ms (enqueue 0.0124023 ms)
[05/02/2026-11:50:34] [I] Average on 10 runs - GPU latency: 6.9917 ms - Host latency: 7.52402 ms (enqueue 0.0114746 ms)
[05/02/2026-11:50:34] [I] Average on 10 runs - GPU latency: 6.98848 ms - Host latency: 7.52002 ms (enqueue 0.0138184 ms)
[05/02/2026-11:50:34] [I] Average on 10 runs - GPU latency: 6.98926 ms - Host latency: 7.52266 ms (enqueue 0.0152832 ms)
[05/02/2026-11:50:34] [I] Average on 10 runs - GPU latency: 6.98853 ms - Host latency: 7.51982 ms (enqueue 0.0154297 ms)
[05/02/2026-11:50:34] [I] Average on 10 runs - GPU latency: 6.99009 ms - Host latency: 7.52036 ms (enqueue 0.0138672 ms)
[05/02/2026-11:50:34] [I] Average on 10 runs - GPU latency: 6.98662 ms - Host latency: 7.51924 ms (enqueue 0.0166992 ms)
[05/02/2026-11:50:34] [I] Average on 10 runs - GPU latency: 6.98691 ms - Host latency: 7.52036 ms (enqueue 0.0123047 ms)
[05/02/2026-11:50:34] [I] Average on 10 runs - GPU latency: 6.9875 ms - Host latency: 7.51909 ms (enqueue 0.0119141 ms)
[05/02/2026-11:50:34] [I] Average on 10 runs - GPU latency: 6.99126 ms - Host latency: 7.52412 ms (enqueue 0.0112793 ms)
[05/02/2026-11:50:34] [I] Average on 10 runs - GPU latency: 6.99521 ms - Host latency: 7.52837 ms (enqueue 0.0113281 ms)
[05/02/2026-11:50:34] [I] Average on 10 runs - GPU latency: 6.98882 ms - Host latency: 7.52207 ms (enqueue 0.0109863 ms)
[05/02/2026-11:50:34] [I] Average on 10 runs - GPU latency: 6.99189 ms - Host latency: 7.52432 ms (enqueue 0.0114746 ms)
[05/02/2026-11:50:34] [I] Average on 10 runs - GPU latency: 6.98892 ms - Host latency: 7.5209 ms (enqueue 0.0112793 ms)
[05/02/2026-11:50:34] [I] Average on 10 runs - GPU latency: 6.9896 ms - Host latency: 7.52241 ms (enqueue 0.0108398 ms)
[05/02/2026-11:50:34] [I] Average on 10 runs - GPU latency: 6.9895 ms - Host latency: 7.52109 ms (enqueue 0.0108887 ms)
[05/02/2026-11:50:34] [I] Average on 10 runs - GPU latency: 6.99243 ms - Host latency: 7.52456 ms (enqueue 0.0124023 ms)
[05/02/2026-11:50:34] [I] Average on 10 runs - GPU latency: 6.9897 ms - Host latency: 7.52251 ms (enqueue 0.0125977 ms)
[05/02/2026-11:50:34] [I] Average on 10 runs - GPU latency: 6.98652 ms - Host latency: 7.51426 ms (enqueue 0.0121094 ms)
[05/02/2026-11:50:34] [I] Average on 10 runs - GPU latency: 6.9873 ms - Host latency: 7.51963 ms (enqueue 0.0111328 ms)
[05/02/2026-11:50:34] [I] Average on 10 runs - GPU latency: 6.98975 ms - Host latency: 7.52061 ms (enqueue 0.0125977 ms)
[05/02/2026-11:50:34] [I] Average on 10 runs - GPU latency: 6.9897 ms - Host latency: 7.52022 ms (enqueue 0.0150391 ms)
[05/02/2026-11:50:34] [I] Average on 10 runs - GPU latency: 6.99229 ms - Host latency: 7.52368 ms (enqueue 0.0139648 ms)
[05/02/2026-11:50:34] [I] Average on 10 runs - GPU latency: 6.98999 ms - Host latency: 7.52163 ms (enqueue 0.0114258 ms)
[05/02/2026-11:50:34] [I] Average on 10 runs - GPU latency: 6.99019 ms - Host latency: 7.52007 ms (enqueue 0.0112793 ms)
[05/02/2026-11:50:34] [I] Average on 10 runs - GPU latency: 6.98613 ms - Host latency: 7.51797 ms (enqueue 0.0111328 ms)
[05/02/2026-11:50:34] [I] Average on 10 runs - GPU latency: 6.98828 ms - Host latency: 7.52207 ms (enqueue 0.0109375 ms)
[05/02/2026-11:50:34] [I] Average on 10 runs - GPU latency: 6.99014 ms - Host latency: 7.52314 ms (enqueue 0.0109375 ms)
[05/02/2026-11:50:34] [I] Average on 10 runs - GPU latency: 6.98984 ms - Host latency: 7.52324 ms (enqueue 0.0108398 ms)
[05/02/2026-11:50:34] [I] Average on 10 runs - GPU latency: 6.99014 ms - Host latency: 7.5167 ms (enqueue 0.0117188 ms)
[05/02/2026-11:50:34] [I] Average on 10 runs - GPU latency: 6.98662 ms - Host latency: 7.49111 ms (enqueue 0.0105469 ms)
[05/02/2026-11:50:34] [I] Average on 10 runs - GPU latency: 6.99189 ms - Host latency: 7.51768 ms (enqueue 0.0118164 ms)
[05/02/2026-11:50:34] [I] Average on 10 runs - GPU latency: 6.99238 ms - Host latency: 7.52324 ms (enqueue 0.0104492 ms)
[05/02/2026-11:50:34] [I] Average on 10 runs - GPU latency: 6.9917 ms - Host latency: 7.52422 ms (enqueue 0.0108398 ms)
[05/02/2026-11:50:34] [I] Average on 10 runs - GPU latency: 6.99023 ms - Host latency: 7.52344 ms (enqueue 0.0107422 ms)
[05/02/2026-11:50:34] [I] Average on 10 runs - GPU latency: 6.99287 ms - Host latency: 7.52217 ms (enqueue 0.0150391 ms)
[05/02/2026-11:50:34] [I] Average on 10 runs - GPU latency: 6.99053 ms - Host latency: 7.52324 ms (enqueue 0.0146484 ms)
[05/02/2026-11:50:34] [I] Average on 10 runs - GPU latency: 6.98867 ms - Host latency: 7.51973 ms (enqueue 0.0141602 ms)
[05/02/2026-11:50:34] [I] Average on 10 runs - GPU latency: 6.98897 ms - Host latency: 7.51934 ms (enqueue 0.0151367 ms)
[05/02/2026-11:50:34] [I] Average on 10 runs - GPU latency: 6.98389 ms - Host latency: 7.51162 ms (enqueue 0.0145508 ms)
[05/02/2026-11:50:34] [I] Average on 10 runs - GPU latency: 6.98555 ms - Host latency: 7.51846 ms (enqueue 0.0120117 ms)
[05/02/2026-11:50:34] [I] Average on 10 runs - GPU latency: 6.98721 ms - Host latency: 7.51992 ms (enqueue 0.0118164 ms)
[05/02/2026-11:50:34] [I] Average on 10 runs - GPU latency: 6.98897 ms - Host latency: 7.52061 ms (enqueue 0.012793 ms)
[05/02/2026-11:50:34] [I] Average on 10 runs - GPU latency: 6.98897 ms - Host latency: 7.52168 ms (enqueue 0.0125 ms)
[05/02/2026-11:50:34] [I] Average on 10 runs - GPU latency: 6.98496 ms - Host latency: 7.51611 ms (enqueue 0.0115234 ms)
[05/02/2026-11:50:34] [I] Average on 10 runs - GPU latency: 6.98633 ms - Host latency: 7.51953 ms (enqueue 0.0140625 ms)
[05/02/2026-11:50:34] [I] Average on 10 runs - GPU latency: 6.98818 ms - Host latency: 7.51924 ms (enqueue 0.0151367 ms)
[05/02/2026-11:50:34] [I] Average on 10 runs - GPU latency: 6.98682 ms - Host latency: 7.51064 ms (enqueue 0.0148437 ms)
[05/02/2026-11:50:34] [I] Average on 10 runs - GPU latency: 6.98721 ms - Host latency: 7.51855 ms (enqueue 0.0132813 ms)
[05/02/2026-11:50:34] [I] Average on 10 runs - GPU latency: 6.98643 ms - Host latency: 7.51582 ms (enqueue 0.0155273 ms)
[05/02/2026-11:50:34] [I] Average on 10 runs - GPU latency: 6.9875 ms - Host latency: 7.51787 ms (enqueue 0.0151367 ms)
[05/02/2026-11:50:34] [I] Average on 10 runs - GPU latency: 6.98701 ms - Host latency: 7.52295 ms (enqueue 0.0130859 ms)
[05/02/2026-11:50:34] [I] Average on 10 runs - GPU latency: 6.98506 ms - Host latency: 7.51514 ms (enqueue 0.0136719 ms)
[05/02/2026-11:50:34] [I] Average on 10 runs - GPU latency: 6.98799 ms - Host latency: 7.52051 ms (enqueue 0.0140625 ms)
[05/02/2026-11:50:34] [I] Average on 10 runs - GPU latency: 6.9873 ms - Host latency: 7.52061 ms (enqueue 0.0125977 ms)
[05/02/2026-11:50:34] [I] Average on 10 runs - GPU latency: 6.98955 ms - Host latency: 7.5208 ms (enqueue 0.0139648 ms)
[05/02/2026-11:50:34] [I] Average on 10 runs - GPU latency: 6.98506 ms - Host latency: 7.51934 ms (enqueue 0.0117188 ms)
[05/02/2026-11:50:34] [I] Average on 10 runs - GPU latency: 6.98535 ms - Host latency: 7.51816 ms (enqueue 0.0116211 ms)
[05/02/2026-11:50:34] [I] Average on 10 runs - GPU latency: 6.9998 ms - Host latency: 7.53135 ms (enqueue 0.0191406 ms)
[05/02/2026-11:50:34] [I] Average on 10 runs - GPU latency: 6.9877 ms - Host latency: 7.51299 ms (enqueue 0.0139648 ms)
[05/02/2026-11:50:34] [I] Average on 10 runs - GPU latency: 6.98838 ms - Host latency: 7.51904 ms (enqueue 0.0125977 ms)
[05/02/2026-11:50:34] [I] Average on 10 runs - GPU latency: 6.98613 ms - Host latency: 7.5168 ms (enqueue 0.012207 ms)
[05/02/2026-11:50:34] [I] Average on 10 runs - GPU latency: 6.99053 ms - Host latency: 7.52031 ms (enqueue 0.0125977 ms)
[05/02/2026-11:50:34] [I] Average on 10 runs - GPU latency: 6.9873 ms - Host latency: 7.51348 ms (enqueue 0.0125977 ms)
[05/02/2026-11:50:34] [I] Average on 10 runs - GPU latency: 6.98662 ms - Host latency: 7.52041 ms (enqueue 0.0152344 ms)
[05/02/2026-11:50:34] [I] Average on 10 runs - GPU latency: 6.98848 ms - Host latency: 7.52197 ms (enqueue 0.0143555 ms)
[05/02/2026-11:50:34] [I] Average on 10 runs - GPU latency: 6.98652 ms - Host latency: 7.51729 ms (enqueue 0.0131836 ms)
[05/02/2026-11:50:34] [I] Average on 10 runs - GPU latency: 6.98828 ms - Host latency: 7.52207 ms (enqueue 0.0112305 ms)
[05/02/2026-11:50:34] [I] Average on 10 runs - GPU latency: 6.98145 ms - Host latency: 7.51553 ms (enqueue 0.0112305 ms)
[05/02/2026-11:50:34] [I] Average on 10 runs - GPU latency: 6.98828 ms - Host latency: 7.52227 ms (enqueue 0.0116211 ms)
[05/02/2026-11:50:34] [I] Average on 10 runs - GPU latency: 6.98457 ms - Host latency: 7.51982 ms (enqueue 0.0115234 ms)
[05/02/2026-11:50:34] [I] Average on 10 runs - GPU latency: 6.98867 ms - Host latency: 7.52227 ms (enqueue 0.0112305 ms)
[05/02/2026-11:50:34] [I] Average on 10 runs - GPU latency: 6.98848 ms - Host latency: 7.52207 ms (enqueue 0.0114258 ms)
[05/02/2026-11:50:34] [I] Average on 10 runs - GPU latency: 6.99209 ms - Host latency: 7.52549 ms (enqueue 0.0114258 ms)
[05/02/2026-11:50:34] [I] Average on 10 runs - GPU latency: 6.98838 ms - Host latency: 7.5249 ms (enqueue 0.0151367 ms)
[05/02/2026-11:50:34] [I] Average on 10 runs - GPU latency: 6.98418 ms - Host latency: 7.51807 ms (enqueue 0.0114258 ms)
[05/02/2026-11:50:34] [I] Average on 10 runs - GPU latency: 6.99062 ms - Host latency: 7.52266 ms (enqueue 0.0116211 ms)
[05/02/2026-11:50:34] [I] Average on 10 runs - GPU latency: 6.98916 ms - Host latency: 7.52266 ms (enqueue 0.0120117 ms)
[05/02/2026-11:50:34] [I] Average on 10 runs - GPU latency: 6.99199 ms - Host latency: 7.52344 ms (enqueue 0.0129883 ms)
[05/02/2026-11:50:34] [I] Average on 10 runs - GPU latency: 6.99062 ms - Host latency: 7.52285 ms (enqueue 0.0124023 ms)
[05/02/2026-11:50:34] [I] Average on 10 runs - GPU latency: 6.98721 ms - Host latency: 7.51953 ms (enqueue 0.0113281 ms)
[05/02/2026-11:50:34] [I] Average on 10 runs - GPU latency: 6.98838 ms - Host latency: 7.52022 ms (enqueue 0.0126953 ms)
[05/02/2026-11:50:34] [I] Average on 10 runs - GPU latency: 6.98682 ms - Host latency: 7.52158 ms (enqueue 0.0113281 ms)
[05/02/2026-11:50:34] [I] Average on 10 runs - GPU latency: 6.99033 ms - Host latency: 7.52383 ms (enqueue 0.0118164 ms)
[05/02/2026-11:50:34] [I] Average on 10 runs - GPU latency: 6.98926 ms - Host latency: 7.52061 ms (enqueue 0.0118164 ms)
[05/02/2026-11:50:34] [I] Average on 10 runs - GPU latency: 6.98779 ms - Host latency: 7.51826 ms (enqueue 0.012793 ms)
[05/02/2026-11:50:34] [I] Average on 10 runs - GPU latency: 6.98877 ms - Host latency: 7.51758 ms (enqueue 0.0145508 ms)
[05/02/2026-11:50:34] [I] Average on 10 runs - GPU latency: 6.99365 ms - Host latency: 7.52178 ms (enqueue 0.0145508 ms)
[05/02/2026-11:50:34] [I] Average on 10 runs - GPU latency: 6.99287 ms - Host latency: 7.52168 ms (enqueue 0.0116211 ms)
[05/02/2026-11:50:34] [I] Average on 10 runs - GPU latency: 6.98789 ms - Host latency: 7.51738 ms (enqueue 0.0110352 ms)
[05/02/2026-11:50:34] [I] Average on 10 runs - GPU latency: 6.9915 ms - Host latency: 7.52314 ms (enqueue 0.012207 ms)
[05/02/2026-11:50:34] [I] Average on 10 runs - GPU latency: 6.99316 ms - Host latency: 7.52246 ms (enqueue 0.0139648 ms)
[05/02/2026-11:50:34] [I] Average on 10 runs - GPU latency: 6.98887 ms - Host latency: 7.51846 ms (enqueue 0.0129883 ms)
[05/02/2026-11:50:34] [I] Average on 10 runs - GPU latency: 6.99062 ms - Host latency: 7.52139 ms (enqueue 0.0132813 ms)
[05/02/2026-11:50:34] [I] Average on 10 runs - GPU latency: 6.99307 ms - Host latency: 7.52568 ms (enqueue 0.0172852 ms)
[05/02/2026-11:50:34] [I] Average on 10 runs - GPU latency: 6.99062 ms - Host latency: 7.52295 ms (enqueue 0.0152344 ms)
[05/02/2026-11:50:34] [I] Average on 10 runs - GPU latency: 6.9915 ms - Host latency: 7.5208 ms (enqueue 0.0143555 ms)
[05/02/2026-11:50:34] [I] Average on 10 runs - GPU latency: 6.99268 ms - Host latency: 7.52354 ms (enqueue 0.0137695 ms)
[05/02/2026-11:50:34] [I] Average on 10 runs - GPU latency: 6.99121 ms - Host latency: 7.52451 ms (enqueue 0.0141602 ms)
[05/02/2026-11:50:34] [I] Average on 10 runs - GPU latency: 6.98906 ms - Host latency: 7.5168 ms (enqueue 0.0131836 ms)
[05/02/2026-11:50:34] [I] Average on 10 runs - GPU latency: 6.99268 ms - Host latency: 7.52148 ms (enqueue 0.0114258 ms)
[05/02/2026-11:50:34] [I] Average on 10 runs - GPU latency: 6.99004 ms - Host latency: 7.52197 ms (enqueue 0.0116211 ms)
[05/02/2026-11:50:34] [I] Average on 10 runs - GPU latency: 6.98994 ms - Host latency: 7.52148 ms (enqueue 0.0116211 ms)
[05/02/2026-11:50:34] [I] Average on 10 runs - GPU latency: 6.99209 ms - Host latency: 7.52539 ms (enqueue 0.0121094 ms)
[05/02/2026-11:50:34] [I] Average on 10 runs - GPU latency: 6.98594 ms - Host latency: 7.51787 ms (enqueue 0.0130859 ms)
[05/02/2026-11:50:34] [I] Average on 10 runs - GPU latency: 6.99297 ms - Host latency: 7.52305 ms (enqueue 0.0128906 ms)
[05/02/2026-11:50:34] [I] Average on 10 runs - GPU latency: 6.9918 ms - Host latency: 7.52129 ms (enqueue 0.0142578 ms)
[05/02/2026-11:50:34] [I] Average on 10 runs - GPU latency: 6.99199 ms - Host latency: 7.51982 ms (enqueue 0.0143555 ms)
[05/02/2026-11:50:34] [I] Average on 10 runs - GPU latency: 6.98916 ms - Host latency: 7.51758 ms (enqueue 0.0121094 ms)
[05/02/2026-11:50:34] [I] Average on 10 runs - GPU latency: 6.99326 ms - Host latency: 7.52578 ms (enqueue 0.0142578 ms)
[05/02/2026-11:50:34] [I] Average on 10 runs - GPU latency: 6.99219 ms - Host latency: 7.52705 ms (enqueue 0.0118164 ms)
[05/02/2026-11:50:34] [I] Average on 10 runs - GPU latency: 6.9915 ms - Host latency: 7.52383 ms (enqueue 0.0114258 ms)
[05/02/2026-11:50:34] [I] Average on 10 runs - GPU latency: 6.98555 ms - Host latency: 7.51768 ms (enqueue 0.0124023 ms)
[05/02/2026-11:50:34] [I] Average on 10 runs - GPU latency: 6.98779 ms - Host latency: 7.51816 ms (enqueue 0.0137695 ms)
[05/02/2026-11:50:34] [I] Average on 10 runs - GPU latency: 6.99092 ms - Host latency: 7.52314 ms (enqueue 0.0124023 ms)
[05/02/2026-11:50:34] [I] Average on 10 runs - GPU latency: 6.99463 ms - Host latency: 7.5291 ms (enqueue 0.0138672 ms)
[05/02/2026-11:50:34] [I] Average on 10 runs - GPU latency: 6.98643 ms - Host latency: 7.51904 ms (enqueue 0.012207 ms)
[05/02/2026-11:50:34] [I] ... Omitting 274 lines
[05/02/2026-11:50:34] [I] Average on 10 runs - GPU latency: 6.98555 ms - Host latency: 7.51895 ms (enqueue 0.0132813 ms)
[05/02/2026-11:50:34] [I] Average on 10 runs - GPU latency: 6.99492 ms - Host latency: 7.52793 ms (enqueue 0.0136719 ms)
[05/02/2026-11:50:34] [I] Average on 10 runs - GPU latency: 6.99258 ms - Host latency: 7.52441 ms (enqueue 0.0117188 ms)
[05/02/2026-11:50:34] [I] Average on 10 runs - GPU latency: 6.9873 ms - Host latency: 7.50254 ms (enqueue 0.0113281 ms)
[05/02/2026-11:50:34] [I] Average on 10 runs - GPU latency: 6.98887 ms - Host latency: 7.52285 ms (enqueue 0.0117188 ms)
[05/02/2026-11:50:34] [I] Average on 10 runs - GPU latency: 7.00137 ms - Host latency: 7.53535 ms (enqueue 0.0152344 ms)
[05/02/2026-11:50:34] [I] Average on 10 runs - GPU latency: 6.98398 ms - Host latency: 7.51738 ms (enqueue 0.0113281 ms)
[05/02/2026-11:50:34] [I] Average on 10 runs - GPU latency: 6.9873 ms - Host latency: 7.51992 ms (enqueue 0.0121094 ms)
[05/02/2026-11:50:34] [I] Average on 10 runs - GPU latency: 6.99219 ms - Host latency: 7.52578 ms (enqueue 0.0142578 ms)
[05/02/2026-11:50:34] [I] Average on 10 runs - GPU latency: 6.98945 ms - Host latency: 7.52129 ms (enqueue 0.0123047 ms)
[05/02/2026-11:50:34] [I] Average on 10 runs - GPU latency: 6.9916 ms - Host latency: 7.52324 ms (enqueue 0.0117188 ms)
[05/02/2026-11:50:34] [I] Average on 10 runs - GPU latency: 6.98965 ms - Host latency: 7.52246 ms (enqueue 0.0121094 ms)
[05/02/2026-11:50:34] [I] Average on 10 runs - GPU latency: 6.99121 ms - Host latency: 7.52441 ms (enqueue 0.00996094 ms)
[05/02/2026-11:50:34] [I] Average on 10 runs - GPU latency: 6.99883 ms - Host latency: 7.52969 ms (enqueue 0.0121094 ms)
[05/02/2026-11:50:34] [I] Average on 10 runs - GPU latency: 6.98926 ms - Host latency: 7.52266 ms (enqueue 0.0117188 ms)
[05/02/2026-11:50:34] [I] Average on 10 runs - GPU latency: 6.99238 ms - Host latency: 7.5252 ms (enqueue 0.0128906 ms)
[05/02/2026-11:50:34] [I] Average on 10 runs - GPU latency: 6.98477 ms - Host latency: 7.51758 ms (enqueue 0.0125 ms)
[05/02/2026-11:50:34] [I] Average on 10 runs - GPU latency: 6.99434 ms - Host latency: 7.52656 ms (enqueue 0.0148437 ms)
[05/02/2026-11:50:34] [I] Average on 10 runs - GPU latency: 6.98887 ms - Host latency: 7.51953 ms (enqueue 0.0125 ms)
[05/02/2026-11:50:34] [I] Average on 10 runs - GPU latency: 6.99004 ms - Host latency: 7.52012 ms (enqueue 0.0126953 ms)
[05/02/2026-11:50:34] [I] Average on 10 runs - GPU latency: 6.98906 ms - Host latency: 7.52383 ms (enqueue 0.0132813 ms)
[05/02/2026-11:50:34] [I] Average on 10 runs - GPU latency: 6.98828 ms - Host latency: 7.52109 ms (enqueue 0.0125 ms)
[05/02/2026-11:50:34] [I] Average on 10 runs - GPU latency: 6.98984 ms - Host latency: 7.52051 ms (enqueue 0.0132813 ms)
[05/02/2026-11:50:34] [I] Average on 10 runs - GPU latency: 6.98809 ms - Host latency: 7.52051 ms (enqueue 0.0138672 ms)
[05/02/2026-11:50:34] [I] Average on 10 runs - GPU latency: 6.98984 ms - Host latency: 7.52363 ms (enqueue 0.0113281 ms)
[05/02/2026-11:50:34] [I] Average on 10 runs - GPU latency: 6.98965 ms - Host latency: 7.52168 ms (enqueue 0.0136719 ms)
[05/02/2026-11:50:34] [I] Average on 10 runs - GPU latency: 6.99316 ms - Host latency: 7.52539 ms (enqueue 0.0115234 ms)
[05/02/2026-11:50:34] [I] Average on 10 runs - GPU latency: 6.98984 ms - Host latency: 7.52363 ms (enqueue 0.0107422 ms)
[05/02/2026-11:50:34] [I] Average on 10 runs - GPU latency: 6.98906 ms - Host latency: 7.52246 ms (enqueue 0.0134766 ms)
[05/02/2026-11:50:34] [I] Average on 10 runs - GPU latency: 6.98809 ms - Host latency: 7.51953 ms (enqueue 0.0125 ms)
[05/02/2026-11:50:34] [I] Average on 10 runs - GPU latency: 6.98809 ms - Host latency: 7.52383 ms (enqueue 0.0117188 ms)
[05/02/2026-11:50:34] [I] Average on 10 runs - GPU latency: 6.99043 ms - Host latency: 7.51934 ms (enqueue 0.0144531 ms)
[05/02/2026-11:50:34] [I] Average on 10 runs - GPU latency: 6.98945 ms - Host latency: 7.52344 ms (enqueue 0.0125 ms)
[05/02/2026-11:50:34] [I] Average on 10 runs - GPU latency: 6.99141 ms - Host latency: 7.52344 ms (enqueue 0.0109375 ms)
[05/02/2026-11:50:34] [I] Average on 10 runs - GPU latency: 6.9834 ms - Host latency: 7.51641 ms (enqueue 0.0109375 ms)
[05/02/2026-11:50:34] [I] Average on 10 runs - GPU latency: 6.98867 ms - Host latency: 7.52168 ms (enqueue 0.0115234 ms)
[05/02/2026-11:50:34] [I] Average on 10 runs - GPU latency: 6.98965 ms - Host latency: 7.5209 ms (enqueue 0.0125 ms)
[05/02/2026-11:50:34] [I] Average on 10 runs - GPU latency: 6.98906 ms - Host latency: 7.52246 ms (enqueue 0.0109375 ms)
[05/02/2026-11:50:34] [I] Average on 10 runs - GPU latency: 6.98242 ms - Host latency: 7.50566 ms (enqueue 0.0140625 ms)
[05/02/2026-11:50:34] [I] Average on 10 runs - GPU latency: 6.99238 ms - Host latency: 7.5252 ms (enqueue 0.0144531 ms)
[05/02/2026-11:50:34] [I] Average on 10 runs - GPU latency: 6.99277 ms - Host latency: 7.52402 ms (enqueue 0.0134766 ms)
[05/02/2026-11:50:34] [I] Average on 10 runs - GPU latency: 6.99355 ms - Host latency: 7.52383 ms (enqueue 0.0138672 ms)
[05/02/2026-11:50:34] [I] Average on 10 runs - GPU latency: 6.99004 ms - Host latency: 7.52187 ms (enqueue 0.0115234 ms)
[05/02/2026-11:50:34] [I] Average on 10 runs - GPU latency: 6.99043 ms - Host latency: 7.52227 ms (enqueue 0.0130859 ms)
[05/02/2026-11:50:34] [I] Average on 10 runs - GPU latency: 6.98398 ms - Host latency: 7.51641 ms (enqueue 0.0154297 ms)
[05/02/2026-11:50:34] [I] Average on 10 runs - GPU latency: 6.98867 ms - Host latency: 7.52187 ms (enqueue 0.0162109 ms)
[05/02/2026-11:50:34] [I] Average on 10 runs - GPU latency: 6.9875 ms - Host latency: 7.51953 ms (enqueue 0.0123047 ms)
[05/02/2026-11:50:34] [I] Average on 10 runs - GPU latency: 6.99238 ms - Host latency: 7.52383 ms (enqueue 0.0146484 ms)
[05/02/2026-11:50:34] [I] Average on 10 runs - GPU latency: 6.99336 ms - Host latency: 7.5252 ms (enqueue 0.0132813 ms)
[05/02/2026-11:50:34] [I] Average on 10 runs - GPU latency: 6.98906 ms - Host latency: 7.50957 ms (enqueue 0.0119141 ms)
[05/02/2026-11:50:34] [I] Average on 10 runs - GPU latency: 6.98848 ms - Host latency: 7.52031 ms (enqueue 0.0130859 ms)
[05/02/2026-11:50:34] [I] Average on 10 runs - GPU latency: 6.98516 ms - Host latency: 7.51484 ms (enqueue 0.015625 ms)
[05/02/2026-11:50:34] [I] Average on 10 runs - GPU latency: 6.99238 ms - Host latency: 7.52578 ms (enqueue 0.0158203 ms)
[05/02/2026-11:50:34] [I] Average on 10 runs - GPU latency: 6.99941 ms - Host latency: 7.53691 ms (enqueue 0.0132813 ms)
[05/02/2026-11:50:34] [I] Average on 10 runs - GPU latency: 6.98535 ms - Host latency: 7.51758 ms (enqueue 0.0119141 ms)
[05/02/2026-11:50:34] [I] Average on 10 runs - GPU latency: 6.98613 ms - Host latency: 7.51992 ms (enqueue 0.0121094 ms)
[05/02/2026-11:50:34] [I] Average on 10 runs - GPU latency: 6.99102 ms - Host latency: 7.52402 ms (enqueue 0.0123047 ms)
[05/02/2026-11:50:34] [I] Average on 10 runs - GPU latency: 6.98848 ms - Host latency: 7.52129 ms (enqueue 0.0130859 ms)
[05/02/2026-11:50:34] [I] Average on 10 runs - GPU latency: 6.99023 ms - Host latency: 7.52441 ms (enqueue 0.0126953 ms)
[05/02/2026-11:50:34] [I] Average on 10 runs - GPU latency: 6.9918 ms - Host latency: 7.52754 ms (enqueue 0.0125 ms)
[05/02/2026-11:50:34] [I] Average on 10 runs - GPU latency: 6.9959 ms - Host latency: 7.53125 ms (enqueue 0.0132813 ms)
[05/02/2026-11:50:34] [I] Average on 10 runs - GPU latency: 6.98574 ms - Host latency: 7.51953 ms (enqueue 0.0125 ms)
[05/02/2026-11:50:34] [I] Average on 10 runs - GPU latency: 6.98555 ms - Host latency: 7.5002 ms (enqueue 0.0125 ms)
[05/02/2026-11:50:34] [I] Average on 10 runs - GPU latency: 6.98848 ms - Host latency: 7.52148 ms (enqueue 0.0125 ms)
[05/02/2026-11:50:34] [I] Average on 10 runs - GPU latency: 6.98945 ms - Host latency: 7.5168 ms (enqueue 0.0130859 ms)
[05/02/2026-11:50:34] [I] Average on 10 runs - GPU latency: 6.99062 ms - Host latency: 7.52285 ms (enqueue 0.0146484 ms)
[05/02/2026-11:50:34] [I] Average on 10 runs - GPU latency: 6.99336 ms - Host latency: 7.525 ms (enqueue 0.0142578 ms)
[05/02/2026-11:50:34] [I] Average on 10 runs - GPU latency: 6.99531 ms - Host latency: 7.52812 ms (enqueue 0.0154297 ms)
[05/02/2026-11:50:34] [I] Average on 10 runs - GPU latency: 6.98789 ms - Host latency: 7.50234 ms (enqueue 0.0119141 ms)
[05/02/2026-11:50:34] [I] Average on 10 runs - GPU latency: 6.99141 ms - Host latency: 7.52285 ms (enqueue 0.0111328 ms)
[05/02/2026-11:50:34] [I] Average on 10 runs - GPU latency: 6.98652 ms - Host latency: 7.51953 ms (enqueue 0.0119141 ms)
[05/02/2026-11:50:34] [I] Average on 10 runs - GPU latency: 6.98672 ms - Host latency: 7.5207 ms (enqueue 0.0125 ms)
[05/02/2026-11:50:34] [I] Average on 10 runs - GPU latency: 6.98965 ms - Host latency: 7.52227 ms (enqueue 0.0150391 ms)
[05/02/2026-11:50:34] [I] Average on 10 runs - GPU latency: 6.9916 ms - Host latency: 7.525 ms (enqueue 0.0167969 ms)
[05/02/2026-11:50:34] [I] Average on 10 runs - GPU latency: 6.99336 ms - Host latency: 7.5252 ms (enqueue 0.0119141 ms)
[05/02/2026-11:50:34] [I] Average on 10 runs - GPU latency: 6.99453 ms - Host latency: 7.52715 ms (enqueue 0.0125 ms)
[05/02/2026-11:50:34] [I] Average on 10 runs - GPU latency: 6.99102 ms - Host latency: 7.51875 ms (enqueue 0.0107422 ms)
[05/02/2026-11:50:34] [I] Average on 10 runs - GPU latency: 6.99219 ms - Host latency: 7.52578 ms (enqueue 0.0109375 ms)
[05/02/2026-11:50:34] [I] Average on 10 runs - GPU latency: 6.99062 ms - Host latency: 7.52363 ms (enqueue 0.0119141 ms)
[05/02/2026-11:50:34] [I] Average on 10 runs - GPU latency: 6.99258 ms - Host latency: 7.52578 ms (enqueue 0.0125 ms)
[05/02/2026-11:50:34] [I] Average on 10 runs - GPU latency: 6.98711 ms - Host latency: 7.52227 ms (enqueue 0.0117188 ms)
[05/02/2026-11:50:34] [I] Average on 10 runs - GPU latency: 6.99434 ms - Host latency: 7.52715 ms (enqueue 0.0115234 ms)
[05/02/2026-11:50:34] [I] Average on 10 runs - GPU latency: 6.98613 ms - Host latency: 7.52031 ms (enqueue 0.0125 ms)
[05/02/2026-11:50:34] [I] Average on 10 runs - GPU latency: 6.98809 ms - Host latency: 7.52227 ms (enqueue 0.0113281 ms)
[05/02/2026-11:50:34] [I] Average on 10 runs - GPU latency: 6.98965 ms - Host latency: 7.52363 ms (enqueue 0.0109375 ms)
[05/02/2026-11:50:34] [I] Average on 10 runs - GPU latency: 6.99004 ms - Host latency: 7.52441 ms (enqueue 0.0134766 ms)
[05/02/2026-11:50:34] [I] Average on 10 runs - GPU latency: 6.99141 ms - Host latency: 7.5248 ms (enqueue 0.0136719 ms)
[05/02/2026-11:50:34] [I] Average on 10 runs - GPU latency: 6.9877 ms - Host latency: 7.52012 ms (enqueue 0.0128906 ms)
[05/02/2026-11:50:34] [I] Average on 10 runs - GPU latency: 6.98672 ms - Host latency: 7.52129 ms (enqueue 0.0117188 ms)
[05/02/2026-11:50:34] [I] Average on 10 runs - GPU latency: 6.99551 ms - Host latency: 7.53027 ms (enqueue 0.0113281 ms)
[05/02/2026-11:50:34] [I] Average on 10 runs - GPU latency: 6.99043 ms - Host latency: 7.52305 ms (enqueue 0.00996094 ms)
[05/02/2026-11:50:34] [I] Average on 10 runs - GPU latency: 6.99375 ms - Host latency: 7.52754 ms (enqueue 0.0111328 ms)
[05/02/2026-11:50:34] [I] Average on 10 runs - GPU latency: 6.98574 ms - Host latency: 7.52227 ms (enqueue 0.0111328 ms)
[05/02/2026-11:50:34] [I] Average on 10 runs - GPU latency: 6.98965 ms - Host latency: 7.51992 ms (enqueue 0.0144531 ms)
[05/02/2026-11:50:34] [I] Average on 10 runs - GPU latency: 6.99414 ms - Host latency: 7.52637 ms (enqueue 0.0136719 ms)
[05/02/2026-11:50:34] [I] Average on 10 runs - GPU latency: 6.99434 ms - Host latency: 7.52949 ms (enqueue 0.0113281 ms)
[05/02/2026-11:50:34] [I] Average on 10 runs - GPU latency: 6.99453 ms - Host latency: 7.52988 ms (enqueue 0.0113281 ms)
[05/02/2026-11:50:34] [I] Average on 10 runs - GPU latency: 6.9916 ms - Host latency: 7.52637 ms (enqueue 0.0121094 ms)
[05/02/2026-11:50:34] [I] Average on 10 runs - GPU latency: 6.99258 ms - Host latency: 7.52383 ms (enqueue 0.0130859 ms)
[05/02/2026-11:50:34] [I] Average on 10 runs - GPU latency: 6.99238 ms - Host latency: 7.52676 ms (enqueue 0.0115234 ms)
[05/02/2026-11:50:34] [I] Average on 10 runs - GPU latency: 6.9959 ms - Host latency: 7.52812 ms (enqueue 0.0130859 ms)
[05/02/2026-11:50:34] [I] Average on 10 runs - GPU latency: 6.99414 ms - Host latency: 7.52617 ms (enqueue 0.0134766 ms)
[05/02/2026-11:50:34] [I] Average on 10 runs - GPU latency: 6.99102 ms - Host latency: 7.525 ms (enqueue 0.0117188 ms)
[05/02/2026-11:50:34] [I] Average on 10 runs - GPU latency: 6.9916 ms - Host latency: 7.52539 ms (enqueue 0.0103516 ms)
[05/02/2026-11:50:34] [I] Average on 10 runs - GPU latency: 6.99316 ms - Host latency: 7.52676 ms (enqueue 0.0105469 ms)
[05/02/2026-11:50:34] [I] Average on 10 runs - GPU latency: 6.99395 ms - Host latency: 7.52734 ms (enqueue 0.0115234 ms)
[05/02/2026-11:50:34] [I] Average on 10 runs - GPU latency: 6.9918 ms - Host latency: 7.52324 ms (enqueue 0.0115234 ms)
[05/02/2026-11:50:34] [I] Average on 10 runs - GPU latency: 6.98555 ms - Host latency: 7.51855 ms (enqueue 0.0109375 ms)
[05/02/2026-11:50:34] [I] Average on 10 runs - GPU latency: 6.99277 ms - Host latency: 7.5252 ms (enqueue 0.0126953 ms)
[05/02/2026-11:50:34] [I] Average on 10 runs - GPU latency: 6.99492 ms - Host latency: 7.52832 ms (enqueue 0.0126953 ms)
[05/02/2026-11:50:34] [I] Average on 10 runs - GPU latency: 6.99004 ms - Host latency: 7.52305 ms (enqueue 0.0138672 ms)
[05/02/2026-11:50:34] [I] Average on 10 runs - GPU latency: 6.99297 ms - Host latency: 7.52539 ms (enqueue 0.0148437 ms)
[05/02/2026-11:50:34] [I] Average on 10 runs - GPU latency: 6.98965 ms - Host latency: 7.5207 ms (enqueue 0.0132813 ms)
[05/02/2026-11:50:34] [I] Average on 10 runs - GPU latency: 6.99102 ms - Host latency: 7.52461 ms (enqueue 0.0132813 ms)
[05/02/2026-11:50:34] [I] Average on 10 runs - GPU latency: 6.98809 ms - Host latency: 7.51953 ms (enqueue 0.0113281 ms)
[05/02/2026-11:50:34] [I] Average on 10 runs - GPU latency: 6.99082 ms - Host latency: 7.52305 ms (enqueue 0.0115234 ms)
[05/02/2026-11:50:34] [I] Average on 10 runs - GPU latency: 6.99473 ms - Host latency: 7.52695 ms (enqueue 0.0111328 ms)
[05/02/2026-11:50:34] [I] Average on 10 runs - GPU latency: 6.99512 ms - Host latency: 7.52734 ms (enqueue 0.0138672 ms)
[05/02/2026-11:50:34] [I] Average on 10 runs - GPU latency: 6.99766 ms - Host latency: 7.52988 ms (enqueue 0.0132813 ms)
[05/02/2026-11:50:34] [I] Average on 10 runs - GPU latency: 6.98945 ms - Host latency: 7.52363 ms (enqueue 0.0117188 ms)
[05/02/2026-11:50:34] [I] Average on 10 runs - GPU latency: 6.9873 ms - Host latency: 7.50859 ms (enqueue 0.0113281 ms)
[05/02/2026-11:50:34] [I] Average on 10 runs - GPU latency: 6.98906 ms - Host latency: 7.51738 ms (enqueue 0.0109375 ms)
[05/02/2026-11:50:34] [I] Average on 10 runs - GPU latency: 6.98945 ms - Host latency: 7.52129 ms (enqueue 0.0121094 ms)
[05/02/2026-11:50:34] [I] Average on 10 runs - GPU latency: 6.99629 ms - Host latency: 7.5293 ms (enqueue 0.0130859 ms)
[05/02/2026-11:50:34] [I] Average on 10 runs - GPU latency: 6.99102 ms - Host latency: 7.52441 ms (enqueue 0.0115234 ms)
[05/02/2026-11:50:34] [I] Average on 10 runs - GPU latency: 6.99531 ms - Host latency: 7.52539 ms (enqueue 0.0146484 ms)
[05/02/2026-11:50:34] [I] Average on 10 runs - GPU latency: 6.9918 ms - Host latency: 7.51855 ms (enqueue 0.0113281 ms)
[05/02/2026-11:50:34] [I] Average on 10 runs - GPU latency: 6.99082 ms - Host latency: 7.51836 ms (enqueue 0.0113281 ms)
[05/02/2026-11:50:34] [I] Average on 10 runs - GPU latency: 6.9877 ms - Host latency: 7.51895 ms (enqueue 0.0125 ms)
[05/02/2026-11:50:34] [I] Average on 10 runs - GPU latency: 6.99043 ms - Host latency: 7.51992 ms (enqueue 0.0121094 ms)
[05/02/2026-11:50:34] [I] Average on 10 runs - GPU latency: 6.99336 ms - Host latency: 7.52168 ms (enqueue 0.0144531 ms)
[05/02/2026-11:50:34] [I] Average on 10 runs - GPU latency: 6.9959 ms - Host latency: 7.525 ms (enqueue 0.0146484 ms)
[05/02/2026-11:50:34] [I] Average on 10 runs - GPU latency: 6.99141 ms - Host latency: 7.52207 ms (enqueue 0.0142578 ms)
[05/02/2026-11:50:34] [I] Average on 10 runs - GPU latency: 6.99551 ms - Host latency: 7.52578 ms (enqueue 0.0152344 ms)
[05/02/2026-11:50:34] [I] Average on 10 runs - GPU latency: 6.9959 ms - Host latency: 7.52285 ms (enqueue 0.0136719 ms)
[05/02/2026-11:50:34] [I] Average on 10 runs - GPU latency: 6.99277 ms - Host latency: 7.52148 ms (enqueue 0.0142578 ms)
[05/02/2026-11:50:34] [I] Average on 10 runs - GPU latency: 6.9918 ms - Host latency: 7.52148 ms (enqueue 0.0130859 ms)
[05/02/2026-11:50:34] [I] Average on 10 runs - GPU latency: 6.99844 ms - Host latency: 7.52871 ms (enqueue 0.0140625 ms)
[05/02/2026-11:50:34] [I] Average on 10 runs - GPU latency: 6.99102 ms - Host latency: 7.52168 ms (enqueue 0.0130859 ms)
[05/02/2026-11:50:34] [I] Average on 10 runs - GPU latency: 6.99414 ms - Host latency: 7.52383 ms (enqueue 0.0144531 ms)
[05/02/2026-11:50:34] [I] Average on 10 runs - GPU latency: 6.99434 ms - Host latency: 7.52344 ms (enqueue 0.0140625 ms)
[05/02/2026-11:50:34] [I] Average on 10 runs - GPU latency: 6.99023 ms - Host latency: 7.52129 ms (enqueue 0.0125 ms)
[05/02/2026-11:50:34] [I] Average on 10 runs - GPU latency: 6.98906 ms - Host latency: 7.51797 ms (enqueue 0.0136719 ms)
[05/02/2026-11:50:34] [I] Average on 10 runs - GPU latency: 6.99531 ms - Host latency: 7.52578 ms (enqueue 0.0128906 ms)
[05/02/2026-11:50:34] [I] Average on 10 runs - GPU latency: 6.9916 ms - Host latency: 7.52266 ms (enqueue 0.0140625 ms)
[05/02/2026-11:50:34] [I] Average on 10 runs - GPU latency: 6.99121 ms - Host latency: 7.52148 ms (enqueue 0.0132813 ms)
[05/02/2026-11:50:34] [I] Average on 10 runs - GPU latency: 6.9916 ms - Host latency: 7.52187 ms (enqueue 0.0125 ms)
[05/02/2026-11:50:34] [I] Average on 10 runs - GPU latency: 6.99277 ms - Host latency: 7.52383 ms (enqueue 0.0134766 ms)
[05/02/2026-11:50:34] [I] Average on 10 runs - GPU latency: 6.9916 ms - Host latency: 7.51348 ms (enqueue 0.0126953 ms)
[05/02/2026-11:50:34] [I] Average on 10 runs - GPU latency: 6.99102 ms - Host latency: 7.52266 ms (enqueue 0.0111328 ms)
[05/02/2026-11:50:34] [I] Average on 10 runs - GPU latency: 6.99258 ms - Host latency: 7.52559 ms (enqueue 0.0119141 ms)
[05/02/2026-11:50:34] [I] Average on 10 runs - GPU latency: 6.99375 ms - Host latency: 7.52773 ms (enqueue 0.0117188 ms)
[05/02/2026-11:50:34] [I] Average on 10 runs - GPU latency: 6.99375 ms - Host latency: 7.52617 ms (enqueue 0.0113281 ms)
[05/02/2026-11:50:34] [I] Average on 10 runs - GPU latency: 6.99082 ms - Host latency: 7.52598 ms (enqueue 0.0107422 ms)
[05/02/2026-11:50:34] [I] Average on 10 runs - GPU latency: 6.99062 ms - Host latency: 7.52402 ms (enqueue 0.0103516 ms)
[05/02/2026-11:50:34] [I] Average on 10 runs - GPU latency: 6.99082 ms - Host latency: 7.52246 ms (enqueue 0.0136719 ms)
[05/02/2026-11:50:34] [I] Average on 10 runs - GPU latency: 6.99043 ms - Host latency: 7.52461 ms (enqueue 0.0119141 ms)
[05/02/2026-11:50:34] [I] Average on 10 runs - GPU latency: 6.99062 ms - Host latency: 7.52246 ms (enqueue 0.0109375 ms)
[05/02/2026-11:50:34] [I] Average on 10 runs - GPU latency: 6.99336 ms - Host latency: 7.52656 ms (enqueue 0.0113281 ms)
[05/02/2026-11:50:34] [I] Average on 10 runs - GPU latency: 6.98848 ms - Host latency: 7.52207 ms (enqueue 0.0107422 ms)
[05/02/2026-11:50:34] [I] Average on 10 runs - GPU latency: 6.98867 ms - Host latency: 7.52344 ms (enqueue 0.0125 ms)
[05/02/2026-11:50:34] [I] Average on 10 runs - GPU latency: 6.99238 ms - Host latency: 7.525 ms (enqueue 0.0113281 ms)
[05/02/2026-11:50:34] [I] Average on 10 runs - GPU latency: 6.99824 ms - Host latency: 7.53438 ms (enqueue 0.0119141 ms)
[05/02/2026-11:50:34] [I] Average on 10 runs - GPU latency: 6.99609 ms - Host latency: 7.53047 ms (enqueue 0.0111328 ms)
[05/02/2026-11:50:34] [I] Average on 10 runs - GPU latency: 6.9918 ms - Host latency: 7.5252 ms (enqueue 0.0125 ms)
[05/02/2026-11:50:34] [I] Average on 10 runs - GPU latency: 6.98633 ms - Host latency: 7.51992 ms (enqueue 0.0113281 ms)
[05/02/2026-11:50:34] [I] Average on 10 runs - GPU latency: 6.99102 ms - Host latency: 7.51914 ms (enqueue 0.0111328 ms)
[05/02/2026-11:50:34] [I] Average on 10 runs - GPU latency: 6.99043 ms - Host latency: 7.52129 ms (enqueue 0.0109375 ms)
[05/02/2026-11:50:34] [I] Average on 10 runs - GPU latency: 6.99473 ms - Host latency: 7.53008 ms (enqueue 0.0115234 ms)
[05/02/2026-11:50:34] [I] Average on 10 runs - GPU latency: 6.98887 ms - Host latency: 7.52246 ms (enqueue 0.015625 ms)
[05/02/2026-11:50:34] [I] Average on 10 runs - GPU latency: 6.99199 ms - Host latency: 7.5252 ms (enqueue 0.0123047 ms)
[05/02/2026-11:50:34] [I] Average on 10 runs - GPU latency: 6.98672 ms - Host latency: 7.51875 ms (enqueue 0.0121094 ms)
[05/02/2026-11:50:34] [I] Average on 10 runs - GPU latency: 6.99453 ms - Host latency: 7.52773 ms (enqueue 0.0136719 ms)
[05/02/2026-11:50:34] [I] Average on 10 runs - GPU latency: 6.98984 ms - Host latency: 7.52402 ms (enqueue 0.0105469 ms)
[05/02/2026-11:50:34] [I] Average on 10 runs - GPU latency: 6.99238 ms - Host latency: 7.52598 ms (enqueue 0.0111328 ms)
[05/02/2026-11:50:34] [I] Average on 10 runs - GPU latency: 6.99141 ms - Host latency: 7.52598 ms (enqueue 0.0111328 ms)
[05/02/2026-11:50:34] [I] Average on 10 runs - GPU latency: 6.99043 ms - Host latency: 7.52324 ms (enqueue 0.0113281 ms)
[05/02/2026-11:50:34] [I] Average on 10 runs - GPU latency: 6.98457 ms - Host latency: 7.51758 ms (enqueue 0.0109375 ms)
[05/02/2026-11:50:34] [I] Average on 10 runs - GPU latency: 6.9877 ms - Host latency: 7.5207 ms (enqueue 0.0105469 ms)
[05/02/2026-11:50:34] [I] Average on 10 runs - GPU latency: 6.98652 ms - Host latency: 7.4998 ms (enqueue 0.0115234 ms)
[05/02/2026-11:50:34] [I] Average on 10 runs - GPU latency: 6.98398 ms - Host latency: 7.51172 ms (enqueue 0.0115234 ms)
[05/02/2026-11:50:34] [I] Average on 10 runs - GPU latency: 6.98965 ms - Host latency: 7.52266 ms (enqueue 0.0111328 ms)
[05/02/2026-11:50:34] [I] Average on 10 runs - GPU latency: 6.99102 ms - Host latency: 7.52441 ms (enqueue 0.0121094 ms)
[05/02/2026-11:50:34] [I] Average on 10 runs - GPU latency: 6.9877 ms - Host latency: 7.51562 ms (enqueue 0.0152344 ms)
[05/02/2026-11:50:34] [I] Average on 10 runs - GPU latency: 6.99531 ms - Host latency: 7.52598 ms (enqueue 0.0136719 ms)
[05/02/2026-11:50:34] [I] Average on 10 runs - GPU latency: 6.99062 ms - Host latency: 7.52305 ms (enqueue 0.0128906 ms)
[05/02/2026-11:50:34] [I] Average on 10 runs - GPU latency: 6.98613 ms - Host latency: 7.51836 ms (enqueue 0.0130859 ms)
[05/02/2026-11:50:34] [I] Average on 10 runs - GPU latency: 6.98887 ms - Host latency: 7.52363 ms (enqueue 0.0117188 ms)
[05/02/2026-11:50:34] [I] Average on 10 runs - GPU latency: 6.99258 ms - Host latency: 7.52656 ms (enqueue 0.0111328 ms)
[05/02/2026-11:50:34] [I] Average on 10 runs - GPU latency: 6.98945 ms - Host latency: 7.52266 ms (enqueue 0.0111328 ms)
[05/02/2026-11:50:34] [I] Average on 10 runs - GPU latency: 6.99238 ms - Host latency: 7.52559 ms (enqueue 0.0125 ms)
[05/02/2026-11:50:34] [I] Average on 10 runs - GPU latency: 6.98574 ms - Host latency: 7.51953 ms (enqueue 0.0109375 ms)
[05/02/2026-11:50:34] [I] Average on 10 runs - GPU latency: 6.98809 ms - Host latency: 7.52187 ms (enqueue 0.0107422 ms)
[05/02/2026-11:50:34] [I] Average on 10 runs - GPU latency: 6.99277 ms - Host latency: 7.52109 ms (enqueue 0.0148437 ms)
[05/02/2026-11:50:34] [I] Average on 10 runs - GPU latency: 6.99355 ms - Host latency: 7.52363 ms (enqueue 0.0152344 ms)
[05/02/2026-11:50:34] [I] Average on 10 runs - GPU latency: 6.99746 ms - Host latency: 7.52988 ms (enqueue 0.0160156 ms)
[05/02/2026-11:50:34] [I] Average on 10 runs - GPU latency: 6.99141 ms - Host latency: 7.5209 ms (enqueue 0.0150391 ms)
[05/02/2026-11:50:34] [I] Average on 10 runs - GPU latency: 6.99062 ms - Host latency: 7.5209 ms (enqueue 0.0136719 ms)
[05/02/2026-11:50:34] [I] Average on 10 runs - GPU latency: 6.99219 ms - Host latency: 7.52168 ms (enqueue 0.0136719 ms)
[05/02/2026-11:50:34] [I] Average on 10 runs - GPU latency: 6.9998 ms - Host latency: 7.5332 ms (enqueue 0.0179687 ms)
[05/02/2026-11:50:34] [I] 
[05/02/2026-11:50:34] [I] === Performance summary ===
[05/02/2026-11:50:34] [I] Throughput: 142.372 qps
[05/02/2026-11:50:34] [I] Latency: min = 7.36328 ms, max = 9.245 ms, mean = 7.5575 ms, median = 7.52246 ms, percentile(90%) = 7.53516 ms, percentile(95%) = 7.54102 ms, percentile(99%) = 9.12567 ms
[05/02/2026-11:50:34] [I] Enqueue Time: min = 0.0078125 ms, max = 0.0449219 ms, mean = 0.0127975 ms, median = 0.0117188 ms, percentile(90%) = 0.015625 ms, percentile(95%) = 0.0175781 ms, percentile(99%) = 0.022583 ms
[05/02/2026-11:50:34] [I] H2D Latency: min = 0.275391 ms, max = 0.564087 ms, mean = 0.362163 ms, median = 0.359375 ms, percentile(90%) = 0.363281 ms, percentile(95%) = 0.365234 ms, percentile(99%) = 0.526031 ms
[05/02/2026-11:50:34] [I] GPU Compute Time: min = 6.9043 ms, max = 8.40912 ms, mean = 7.01924 ms, median = 6.99023 ms, percentile(90%) = 7.00195 ms, percentile(95%) = 7.00586 ms, percentile(99%) = 8.2948 ms
[05/02/2026-11:50:34] [I] D2H Latency: min = 0.103516 ms, max = 0.351807 ms, mean = 0.17609 ms, median = 0.173584 ms, percentile(90%) = 0.175781 ms, percentile(95%) = 0.175781 ms, percentile(99%) = 0.306274 ms
[05/02/2026-11:50:34] [I] Total Host Walltime: 30.0199 s
[05/02/2026-11:50:34] [I] Total GPU Compute Time: 30.0002 s
[05/02/2026-11:50:34] [W] * GPU compute time is unstable, with coefficient of variance = 2.74265%.
[05/02/2026-11:50:34] [W]   If not already in use, locking GPU clock frequency or adding --useSpinWait may improve the stability.
[05/02/2026-11:50:34] [I] Explanations of the performance metrics are printed in the verbose logs.
[05/02/2026-11:50:34] [I] 
&&&& PASSED TensorRT.trtexec [TensorRT v100300] # trtexec --loadEngine=engines/fp32/yolov8n_fp32.engine --warmUp=500 --duration=30 --iterations=1000 --useCudaGraph
